../Drivers/STM32WBxx_HAL_Driver/Inc/stm32wbxx_ll_bus.h:539:22:LL_AHB2_GRP1_EnableClock	8	static
../Drivers/STM32WBxx_HAL_Driver/Inc/stm32wbxx_ll_bus.h:1274:22:LL_APB2_GRP1_EnableClock	8	static
../Core/Src/stm32wbxx_hal_msp.c:63:6:HAL_MspInit	16	static
../Core/Src/stm32wbxx_hal_msp.c:90:6:HAL_ADC_MspInit	80	static
../Core/Src/stm32wbxx_hal_msp.c:135:6:HAL_ADC_MspDeInit	0	static
../Core/Src/stm32wbxx_hal_msp.c:163:6:HAL_I2C_MspInit	80	static
../Core/Src/stm32wbxx_hal_msp.c:210:6:HAL_I2C_MspDeInit	8	static
../Core/Src/stm32wbxx_hal_msp.c:241:6:HAL_IPCC_MspInit	16	static
../Core/Src/stm32wbxx_hal_msp.c:269:6:HAL_IPCC_MspDeInit	8	static
../Core/Src/stm32wbxx_hal_msp.c:295:6:HAL_RTC_MspInit	64	static
../Core/Src/stm32wbxx_hal_msp.c:337:6:HAL_RTC_MspDeInit	0	static
../Core/Src/stm32wbxx_hal_msp.c:363:6:HAL_SPI_MspInit	40	static
../Core/Src/stm32wbxx_hal_msp.c:409:6:HAL_SPI_MspDeInit	8	static
../Core/Src/stm32wbxx_hal_msp.c:441:6:HAL_UART_MspInit	80	static
../Core/Src/stm32wbxx_hal_msp.c:489:6:HAL_UART_MspDeInit	0	static
