../STM32_WPAN/Target/hw_ipcc.c:190:6:HW_IPCC_Enable	8	static,ignoring_inline_asm
../STM32_WPAN/Target/hw_ipcc.c:221:6:HW_IPCC_Init	16	static
../STM32_WPAN/Target/hw_ipcc.c:261:6:HW_IPCC_BLE_Init	0	static,ignoring_inline_asm
../STM32_WPAN/Target/hw_ipcc.c:270:6:HW_IPCC_BLE_SendCmd	0	static
../STM32_WPAN/Target/hw_ipcc.c:286:6:HW_IPCC_BLE_SendAclData	0	static,ignoring_inline_asm
../STM32_WPAN/Target/hw_ipcc.c:307:13:HW_IPCC_BLE_AclDataAckNot	0	static
../STM32_WPAN/Target/hw_ipcc.c:308:13:HW_IPCC_BLE_RxEvtNot	0	static
../STM32_WPAN/Target/hw_ipcc.c:313:6:HW_IPCC_SYS_Init	0	static,ignoring_inline_asm
../STM32_WPAN/Target/hw_ipcc.c:322:6:HW_IPCC_SYS_SendCmd	0	static,ignoring_inline_asm
../STM32_WPAN/Target/hw_ipcc.c:352:13:HW_IPCC_SYS_CmdEvtNot	0	static
../STM32_WPAN/Target/hw_ipcc.c:149:6:HW_IPCC_Tx_Handler	8	static,ignoring_inline_asm
../STM32_WPAN/Target/hw_ipcc.c:353:13:HW_IPCC_SYS_EvtNot	0	static
../STM32_WPAN/Target/hw_ipcc.c:727:6:HW_IPCC_MM_SendFreeBuf	8	static,ignoring_inline_asm
../STM32_WPAN/Target/hw_ipcc.c:762:6:HW_IPCC_TRACES_Init	0	static,ignoring_inline_asm
../STM32_WPAN/Target/hw_ipcc.c:780:13:HW_IPCC_TRACES_EvtNot	0	static
../STM32_WPAN/Target/hw_ipcc.c:85:6:HW_IPCC_Rx_Handler	8	static
