../Drivers/STM32WBxx_HAL_Driver/Src/stm32wbxx_hal_adc_ex.c:126:19:HAL_ADCEx_Calibration_Start	32	static
../Drivers/STM32WBxx_HAL_Driver/Src/stm32wbxx_hal_adc_ex.c:296:10:HAL_ADCEx_Calibration_GetValue	0	static
../Drivers/STM32WBxx_HAL_Driver/Src/stm32wbxx_hal_adc_ex.c:326:19:HAL_ADCEx_Calibration_SetValue	8	static
../Drivers/STM32WBxx_HAL_Driver/Src/stm32wbxx_hal_adc_ex.c:946:13:HAL_ADCEx_LevelOutOfWindow2Callback	0	static
../Drivers/STM32WBxx_HAL_Driver/Src/stm32wbxx_hal_adc_ex.c:961:13:HAL_ADCEx_LevelOutOfWindow3Callback	0	static
../Drivers/STM32WBxx_HAL_Driver/Src/stm32wbxx_hal_adc_ex.c:977:13:HAL_ADCEx_EndOfSamplingCallback	0	static
../Drivers/STM32WBxx_HAL_Driver/Src/stm32wbxx_hal_adc_ex.c:1749:19:HAL_ADCEx_DisableVoltageRegulator	0	static
