03:10:27 **** Build of configuration Debug for project fw ****
make -j16 all 
arm-none-eabi-gcc "../Drivers/STM32WBxx_HAL_Driver/Src/stm32wbxx_hal.c" -mcpu=cortex-m4 -std=gnu11 -g3 -DDEBUG -DUSE_HAL_DRIVER -DSTM32WB1Mxx -c -I../Core/Inc -I../Drivers/STM32WBxx_HAL_Driver/Inc -I../Drivers/STM32WBxx_HAL_Driver/Inc/Legacy -I../Drivers/CMSIS/Device/ST/STM32WBxx/Include -I../Drivers/CMSIS/Include -O0 -ffunction-sections -fdata-sections -Wall -fstack-usage -fcyclomatic-complexity -MMD -MP -MF"Drivers/STM32WBxx_HAL_Driver/Src/stm32wbxx_hal.d" -MT"Drivers/STM32WBxx_HAL_Driver/Src/stm32wbxx_hal.o" --specs=nano.specs -mfpu=fpv4-sp-d16 -mfloat-abi=hard -mthumb -o "Drivers/STM32WBxx_HAL_Driver/Src/stm32wbxx_hal.o"
arm-none-eabi-gcc "../Drivers/STM32WBxx_HAL_Driver/Src/stm32wbxx_hal_adc.c" -mcpu=cortex-m4 -std=gnu11 -g3 -DDEBUG -DUSE_HAL_DRIVER -DSTM32WB1Mxx -c -I../Core/Inc -I../Drivers/STM32WBxx_HAL_Driver/Inc -I../Drivers/STM32WBxx_HAL_Driver/Inc/Legacy -I../Drivers/CMSIS/Device/ST/STM32WBxx/Include -I../Drivers/CMSIS/Include -O0 -ffunction-sections -fdata-sections -Wall -fstack-usage -fcyclomatic-complexity -MMD -MP -MF"Drivers/STM32WBxx_HAL_Driver/Src/stm32wbxx_hal_adc.d" -MT"Drivers/STM32WBxx_HAL_Driver/Src/stm32wbxx_hal_adc.o" --specs=nano.specs -mfpu=fpv4-sp-d16 -mfloat-abi=hard -mthumb -o "Drivers/STM32WBxx_HAL_Driver/Src/stm32wbxx_hal_adc.o"
arm-none-eabi-gcc "../Drivers/STM32WBxx_HAL_Driver/Src/stm32wbxx_hal_adc_ex.c" -mcpu=cortex-m4 -std=gnu11 -g3 -DDEBUG -DUSE_HAL_DRIVER -DSTM32WB1Mxx -c -I../Core/Inc -I../Drivers/STM32WBxx_HAL_Driver/Inc -I../Drivers/STM32WBxx_HAL_Driver/Inc/Legacy -I../Drivers/CMSIS/Device/ST/STM32WBxx/Include -I../Drivers/CMSIS/Include -O0 -ffunction-sections -fdata-sections -Wall -fstack-usage -fcyclomatic-complexity -MMD -MP -MF"Drivers/STM32WBxx_HAL_Driver/Src/stm32wbxx_hal_adc_ex.d" -MT"Drivers/STM32WBxx_HAL_Driver/Src/stm32wbxx_hal_adc_ex.o" --specs=nano.specs -mfpu=fpv4-sp-d16 -mfloat-abi=hard -mthumb -o "Drivers/STM32WBxx_HAL_Driver/Src/stm32wbxx_hal_adc_ex.o"
arm-none-eabi-gcc "../Drivers/STM32WBxx_HAL_Driver/Src/stm32wbxx_hal_cortex.c" -mcpu=cortex-m4 -std=gnu11 -g3 -DDEBUG -DUSE_HAL_DRIVER -DSTM32WB1Mxx -c -I../Core/Inc -I../Drivers/STM32WBxx_HAL_Driver/Inc -I../Drivers/STM32WBxx_HAL_Driver/Inc/Legacy -I../Drivers/CMSIS/Device/ST/STM32WBxx/Include -I../Drivers/CMSIS/Include -O0 -ffunction-sections -fdata-sections -Wall -fstack-usage -fcyclomatic-complexity -MMD -MP -MF"Drivers/STM32WBxx_HAL_Driver/Src/stm32wbxx_hal_cortex.d" -MT"Drivers/STM32WBxx_HAL_Driver/Src/stm32wbxx_hal_cortex.o" --specs=nano.specs -mfpu=fpv4-sp-d16 -mfloat-abi=hard -mthumb -o "Drivers/STM32WBxx_HAL_Driver/Src/stm32wbxx_hal_cortex.o"
arm-none-eabi-gcc "../Drivers/STM32WBxx_HAL_Driver/Src/stm32wbxx_hal_dma.c" -mcpu=cortex-m4 -std=gnu11 -g3 -DDEBUG -DUSE_HAL_DRIVER -DSTM32WB1Mxx -c -I../Core/Inc -I../Drivers/STM32WBxx_HAL_Driver/Inc -I../Drivers/STM32WBxx_HAL_Driver/Inc/Legacy -I../Drivers/CMSIS/Device/ST/STM32WBxx/Include -I../Drivers/CMSIS/Include -O0 -ffunction-sections -fdata-sections -Wall -fstack-usage -fcyclomatic-complexity -MMD -MP -MF"Drivers/STM32WBxx_HAL_Driver/Src/stm32wbxx_hal_dma.d" -MT"Drivers/STM32WBxx_HAL_Driver/Src/stm32wbxx_hal_dma.o" --specs=nano.specs -mfpu=fpv4-sp-d16 -mfloat-abi=hard -mthumb -o "Drivers/STM32WBxx_HAL_Driver/Src/stm32wbxx_hal_dma.o"
arm-none-eabi-gcc "../Drivers/STM32WBxx_HAL_Driver/Src/stm32wbxx_hal_dma_ex.c" -mcpu=cortex-m4 -std=gnu11 -g3 -DDEBUG -DUSE_HAL_DRIVER -DSTM32WB1Mxx -c -I../Core/Inc -I../Drivers/STM32WBxx_HAL_Driver/Inc -I../Drivers/STM32WBxx_HAL_Driver/Inc/Legacy -I../Drivers/CMSIS/Device/ST/STM32WBxx/Include -I../Drivers/CMSIS/Include -O0 -ffunction-sections -fdata-sections -Wall -fstack-usage -fcyclomatic-complexity -MMD -MP -MF"Drivers/STM32WBxx_HAL_Driver/Src/stm32wbxx_hal_dma_ex.d" -MT"Drivers/STM32WBxx_HAL_Driver/Src/stm32wbxx_hal_dma_ex.o" --specs=nano.specs -mfpu=fpv4-sp-d16 -mfloat-abi=hard -mthumb -o "Drivers/STM32WBxx_HAL_Driver/Src/stm32wbxx_hal_dma_ex.o"
arm-none-eabi-gcc "../Drivers/STM32WBxx_HAL_Driver/Src/stm32wbxx_hal_exti.c" -mcpu=cortex-m4 -std=gnu11 -g3 -DDEBUG -DUSE_HAL_DRIVER -DSTM32WB1Mxx -c -I../Core/Inc -I../Drivers/STM32WBxx_HAL_Driver/Inc -I../Drivers/STM32WBxx_HAL_Driver/Inc/Legacy -I../Drivers/CMSIS/Device/ST/STM32WBxx/Include -I../Drivers/CMSIS/Include -O0 -ffunction-sections -fdata-sections -Wall -fstack-usage -fcyclomatic-complexity -MMD -MP -MF"Drivers/STM32WBxx_HAL_Driver/Src/stm32wbxx_hal_exti.d" -MT"Drivers/STM32WBxx_HAL_Driver/Src/stm32wbxx_hal_exti.o" --specs=nano.specs -mfpu=fpv4-sp-d16 -mfloat-abi=hard -mthumb -o "Drivers/STM32WBxx_HAL_Driver/Src/stm32wbxx_hal_exti.o"
arm-none-eabi-gcc "../Drivers/STM32WBxx_HAL_Driver/Src/stm32wbxx_hal_flash.c" -mcpu=cortex-m4 -std=gnu11 -g3 -DDEBUG -DUSE_HAL_DRIVER -DSTM32WB1Mxx -c -I../Core/Inc -I../Drivers/STM32WBxx_HAL_Driver/Inc -I../Drivers/STM32WBxx_HAL_Driver/Inc/Legacy -I../Drivers/CMSIS/Device/ST/STM32WBxx/Include -I../Drivers/CMSIS/Include -O0 -ffunction-sections -fdata-sections -Wall -fstack-usage -fcyclomatic-complexity -MMD -MP -MF"Drivers/STM32WBxx_HAL_Driver/Src/stm32wbxx_hal_flash.d" -MT"Drivers/STM32WBxx_HAL_Driver/Src/stm32wbxx_hal_flash.o" --specs=nano.specs -mfpu=fpv4-sp-d16 -mfloat-abi=hard -mthumb -o "Drivers/STM32WBxx_HAL_Driver/Src/stm32wbxx_hal_flash.o"
arm-none-eabi-gcc "../Drivers/STM32WBxx_HAL_Driver/Src/stm32wbxx_hal_flash_ex.c" -mcpu=cortex-m4 -std=gnu11 -g3 -DDEBUG -DUSE_HAL_DRIVER -DSTM32WB1Mxx -c -I../Core/Inc -I../Drivers/STM32WBxx_HAL_Driver/Inc -I../Drivers/STM32WBxx_HAL_Driver/Inc/Legacy -I../Drivers/CMSIS/Device/ST/STM32WBxx/Include -I../Drivers/CMSIS/Include -O0 -ffunction-sections -fdata-sections -Wall -fstack-usage -fcyclomatic-complexity -MMD -MP -MF"Drivers/STM32WBxx_HAL_Driver/Src/stm32wbxx_hal_flash_ex.d" -MT"Drivers/STM32WBxx_HAL_Driver/Src/stm32wbxx_hal_flash_ex.o" --specs=nano.specs -mfpu=fpv4-sp-d16 -mfloat-abi=hard -mthumb -o "Drivers/STM32WBxx_HAL_Driver/Src/stm32wbxx_hal_flash_ex.o"
arm-none-eabi-gcc "../Drivers/STM32WBxx_HAL_Driver/Src/stm32wbxx_hal_gpio.c" -mcpu=cortex-m4 -std=gnu11 -g3 -DDEBUG -DUSE_HAL_DRIVER -DSTM32WB1Mxx -c -I../Core/Inc -I../Drivers/STM32WBxx_HAL_Driver/Inc -I../Drivers/STM32WBxx_HAL_Driver/Inc/Legacy -I../Drivers/CMSIS/Device/ST/STM32WBxx/Include -I../Drivers/CMSIS/Include -O0 -ffunction-sections -fdata-sections -Wall -fstack-usage -fcyclomatic-complexity -MMD -MP -MF"Drivers/STM32WBxx_HAL_Driver/Src/stm32wbxx_hal_gpio.d" -MT"Drivers/STM32WBxx_HAL_Driver/Src/stm32wbxx_hal_gpio.o" --specs=nano.specs -mfpu=fpv4-sp-d16 -mfloat-abi=hard -mthumb -o "Drivers/STM32WBxx_HAL_Driver/Src/stm32wbxx_hal_gpio.o"
arm-none-eabi-gcc "../Drivers/STM32WBxx_HAL_Driver/Src/stm32wbxx_hal_hsem.c" -mcpu=cortex-m4 -std=gnu11 -g3 -DDEBUG -DUSE_HAL_DRIVER -DSTM32WB1Mxx -c -I../Core/Inc -I../Drivers/STM32WBxx_HAL_Driver/Inc -I../Drivers/STM32WBxx_HAL_Driver/Inc/Legacy -I../Drivers/CMSIS/Device/ST/STM32WBxx/Include -I../Drivers/CMSIS/Include -O0 -ffunction-sections -fdata-sections -Wall -fstack-usage -fcyclomatic-complexity -MMD -MP -MF"Drivers/STM32WBxx_HAL_Driver/Src/stm32wbxx_hal_hsem.d" -MT"Drivers/STM32WBxx_HAL_Driver/Src/stm32wbxx_hal_hsem.o" --specs=nano.specs -mfpu=fpv4-sp-d16 -mfloat-abi=hard -mthumb -o "Drivers/STM32WBxx_HAL_Driver/Src/stm32wbxx_hal_hsem.o"
arm-none-eabi-gcc "../Drivers/STM32WBxx_HAL_Driver/Src/stm32wbxx_hal_i2c.c" -mcpu=cortex-m4 -std=gnu11 -g3 -DDEBUG -DUSE_HAL_DRIVER -DSTM32WB1Mxx -c -I../Core/Inc -I../Drivers/STM32WBxx_HAL_Driver/Inc -I../Drivers/STM32WBxx_HAL_Driver/Inc/Legacy -I../Drivers/CMSIS/Device/ST/STM32WBxx/Include -I../Drivers/CMSIS/Include -O0 -ffunction-sections -fdata-sections -Wall -fstack-usage -fcyclomatic-complexity -MMD -MP -MF"Drivers/STM32WBxx_HAL_Driver/Src/stm32wbxx_hal_i2c.d" -MT"Drivers/STM32WBxx_HAL_Driver/Src/stm32wbxx_hal_i2c.o" --specs=nano.specs -mfpu=fpv4-sp-d16 -mfloat-abi=hard -mthumb -o "Drivers/STM32WBxx_HAL_Driver/Src/stm32wbxx_hal_i2c.o"
arm-none-eabi-gcc "../Drivers/STM32WBxx_HAL_Driver/Src/stm32wbxx_hal_i2c_ex.c" -mcpu=cortex-m4 -std=gnu11 -g3 -DDEBUG -DUSE_HAL_DRIVER -DSTM32WB1Mxx -c -I../Core/Inc -I../Drivers/STM32WBxx_HAL_Driver/Inc -I../Drivers/STM32WBxx_HAL_Driver/Inc/Legacy -I../Drivers/CMSIS/Device/ST/STM32WBxx/Include -I../Drivers/CMSIS/Include -O0 -ffunction-sections -fdata-sections -Wall -fstack-usage -fcyclomatic-complexity -MMD -MP -MF"Drivers/STM32WBxx_HAL_Driver/Src/stm32wbxx_hal_i2c_ex.d" -MT"Drivers/STM32WBxx_HAL_Driver/Src/stm32wbxx_hal_i2c_ex.o" --specs=nano.specs -mfpu=fpv4-sp-d16 -mfloat-abi=hard -mthumb -o "Drivers/STM32WBxx_HAL_Driver/Src/stm32wbxx_hal_i2c_ex.o"
arm-none-eabi-gcc "../Drivers/STM32WBxx_HAL_Driver/Src/stm32wbxx_hal_pwr.c" -mcpu=cortex-m4 -std=gnu11 -g3 -DDEBUG -DUSE_HAL_DRIVER -DSTM32WB1Mxx -c -I../Core/Inc -I../Drivers/STM32WBxx_HAL_Driver/Inc -I../Drivers/STM32WBxx_HAL_Driver/Inc/Legacy -I../Drivers/CMSIS/Device/ST/STM32WBxx/Include -I../Drivers/CMSIS/Include -O0 -ffunction-sections -fdata-sections -Wall -fstack-usage -fcyclomatic-complexity -MMD -MP -MF"Drivers/STM32WBxx_HAL_Driver/Src/stm32wbxx_hal_pwr.d" -MT"Drivers/STM32WBxx_HAL_Driver/Src/stm32wbxx_hal_pwr.o" --specs=nano.specs -mfpu=fpv4-sp-d16 -mfloat-abi=hard -mthumb -o "Drivers/STM32WBxx_HAL_Driver/Src/stm32wbxx_hal_pwr.o"
arm-none-eabi-gcc "../Drivers/STM32WBxx_HAL_Driver/Src/stm32wbxx_hal_pwr_ex.c" -mcpu=cortex-m4 -std=gnu11 -g3 -DDEBUG -DUSE_HAL_DRIVER -DSTM32WB1Mxx -c -I../Core/Inc -I../Drivers/STM32WBxx_HAL_Driver/Inc -I../Drivers/STM32WBxx_HAL_Driver/Inc/Legacy -I../Drivers/CMSIS/Device/ST/STM32WBxx/Include -I../Drivers/CMSIS/Include -O0 -ffunction-sections -fdata-sections -Wall -fstack-usage -fcyclomatic-complexity -MMD -MP -MF"Drivers/STM32WBxx_HAL_Driver/Src/stm32wbxx_hal_pwr_ex.d" -MT"Drivers/STM32WBxx_HAL_Driver/Src/stm32wbxx_hal_pwr_ex.o" --specs=nano.specs -mfpu=fpv4-sp-d16 -mfloat-abi=hard -mthumb -o "Drivers/STM32WBxx_HAL_Driver/Src/stm32wbxx_hal_pwr_ex.o"
arm-none-eabi-gcc "../Drivers/STM32WBxx_HAL_Driver/Src/stm32wbxx_hal_rcc.c" -mcpu=cortex-m4 -std=gnu11 -g3 -DDEBUG -DUSE_HAL_DRIVER -DSTM32WB1Mxx -c -I../Core/Inc -I../Drivers/STM32WBxx_HAL_Driver/Inc -I../Drivers/STM32WBxx_HAL_Driver/Inc/Legacy -I../Drivers/CMSIS/Device/ST/STM32WBxx/Include -I../Drivers/CMSIS/Include -O0 -ffunction-sections -fdata-sections -Wall -fstack-usage -fcyclomatic-complexity -MMD -MP -MF"Drivers/STM32WBxx_HAL_Driver/Src/stm32wbxx_hal_rcc.d" -MT"Drivers/STM32WBxx_HAL_Driver/Src/stm32wbxx_hal_rcc.o" --specs=nano.specs -mfpu=fpv4-sp-d16 -mfloat-abi=hard -mthumb -o "Drivers/STM32WBxx_HAL_Driver/Src/stm32wbxx_hal_rcc.o"
arm-none-eabi-gcc "../Drivers/STM32WBxx_HAL_Driver/Src/stm32wbxx_hal_rcc_ex.c" -mcpu=cortex-m4 -std=gnu11 -g3 -DDEBUG -DUSE_HAL_DRIVER -DSTM32WB1Mxx -c -I../Core/Inc -I../Drivers/STM32WBxx_HAL_Driver/Inc -I../Drivers/STM32WBxx_HAL_Driver/Inc/Legacy -I../Drivers/CMSIS/Device/ST/STM32WBxx/Include -I../Drivers/CMSIS/Include -O0 -ffunction-sections -fdata-sections -Wall -fstack-usage -fcyclomatic-complexity -MMD -MP -MF"Drivers/STM32WBxx_HAL_Driver/Src/stm32wbxx_hal_rcc_ex.d" -MT"Drivers/STM32WBxx_HAL_Driver/Src/stm32wbxx_hal_rcc_ex.o" --specs=nano.specs -mfpu=fpv4-sp-d16 -mfloat-abi=hard -mthumb -o "Drivers/STM32WBxx_HAL_Driver/Src/stm32wbxx_hal_rcc_ex.o"
arm-none-eabi-gcc "../Drivers/STM32WBxx_HAL_Driver/Src/stm32wbxx_hal_spi.c" -mcpu=cortex-m4 -std=gnu11 -g3 -DDEBUG -DUSE_HAL_DRIVER -DSTM32WB1Mxx -c -I../Core/Inc -I../Drivers/STM32WBxx_HAL_Driver/Inc -I../Drivers/STM32WBxx_HAL_Driver/Inc/Legacy -I../Drivers/CMSIS/Device/ST/STM32WBxx/Include -I../Drivers/CMSIS/Include -O0 -ffunction-sections -fdata-sections -Wall -fstack-usage -fcyclomatic-complexity -MMD -MP -MF"Drivers/STM32WBxx_HAL_Driver/Src/stm32wbxx_hal_spi.d" -MT"Drivers/STM32WBxx_HAL_Driver/Src/stm32wbxx_hal_spi.o" --specs=nano.specs -mfpu=fpv4-sp-d16 -mfloat-abi=hard -mthumb -o "Drivers/STM32WBxx_HAL_Driver/Src/stm32wbxx_hal_spi.o"
arm-none-eabi-gcc "../Drivers/STM32WBxx_HAL_Driver/Src/stm32wbxx_hal_spi_ex.c" -mcpu=cortex-m4 -std=gnu11 -g3 -DDEBUG -DUSE_HAL_DRIVER -DSTM32WB1Mxx -c -I../Core/Inc -I../Drivers/STM32WBxx_HAL_Driver/Inc -I../Drivers/STM32WBxx_HAL_Driver/Inc/Legacy -I../Drivers/CMSIS/Device/ST/STM32WBxx/Include -I../Drivers/CMSIS/Include -O0 -ffunction-sections -fdata-sections -Wall -fstack-usage -fcyclomatic-complexity -MMD -MP -MF"Drivers/STM32WBxx_HAL_Driver/Src/stm32wbxx_hal_spi_ex.d" -MT"Drivers/STM32WBxx_HAL_Driver/Src/stm32wbxx_hal_spi_ex.o" --specs=nano.specs -mfpu=fpv4-sp-d16 -mfloat-abi=hard -mthumb -o "Drivers/STM32WBxx_HAL_Driver/Src/stm32wbxx_hal_spi_ex.o"
arm-none-eabi-gcc "../Drivers/STM32WBxx_HAL_Driver/Src/stm32wbxx_hal_uart.c" -mcpu=cortex-m4 -std=gnu11 -g3 -DDEBUG -DUSE_HAL_DRIVER -DSTM32WB1Mxx -c -I../Core/Inc -I../Drivers/STM32WBxx_HAL_Driver/Inc -I../Drivers/STM32WBxx_HAL_Driver/Inc/Legacy -I../Drivers/CMSIS/Device/ST/STM32WBxx/Include -I../Drivers/CMSIS/Include -O0 -ffunction-sections -fdata-sections -Wall -fstack-usage -fcyclomatic-complexity -MMD -MP -MF"Drivers/STM32WBxx_HAL_Driver/Src/stm32wbxx_hal_uart.d" -MT"Drivers/STM32WBxx_HAL_Driver/Src/stm32wbxx_hal_uart.o" --specs=nano.specs -mfpu=fpv4-sp-d16 -mfloat-abi=hard -mthumb -o "Drivers/STM32WBxx_HAL_Driver/Src/stm32wbxx_hal_uart.o"
arm-none-eabi-gcc "../Drivers/STM32WBxx_HAL_Driver/Src/stm32wbxx_hal_uart_ex.c" -mcpu=cortex-m4 -std=gnu11 -g3 -DDEBUG -DUSE_HAL_DRIVER -DSTM32WB1Mxx -c -I../Core/Inc -I../Drivers/STM32WBxx_HAL_Driver/Inc -I../Drivers/STM32WBxx_HAL_Driver/Inc/Legacy -I../Drivers/CMSIS/Device/ST/STM32WBxx/Include -I../Drivers/CMSIS/Include -O0 -ffunction-sections -fdata-sections -Wall -fstack-usage -fcyclomatic-complexity -MMD -MP -MF"Drivers/STM32WBxx_HAL_Driver/Src/stm32wbxx_hal_uart_ex.d" -MT"Drivers/STM32WBxx_HAL_Driver/Src/stm32wbxx_hal_uart_ex.o" --specs=nano.specs -mfpu=fpv4-sp-d16 -mfloat-abi=hard -mthumb -o "Drivers/STM32WBxx_HAL_Driver/Src/stm32wbxx_hal_uart_ex.o"
arm-none-eabi-gcc "../Drivers/STM32WBxx_HAL_Driver/Src/stm32wbxx_ll_adc.c" -mcpu=cortex-m4 -std=gnu11 -g3 -DDEBUG -DUSE_HAL_DRIVER -DSTM32WB1Mxx -c -I../Core/Inc -I../Drivers/STM32WBxx_HAL_Driver/Inc -I../Drivers/STM32WBxx_HAL_Driver/Inc/Legacy -I../Drivers/CMSIS/Device/ST/STM32WBxx/Include -I../Drivers/CMSIS/Include -O0 -ffunction-sections -fdata-sections -Wall -fstack-usage -fcyclomatic-complexity -MMD -MP -MF"Drivers/STM32WBxx_HAL_Driver/Src/stm32wbxx_ll_adc.d" -MT"Drivers/STM32WBxx_HAL_Driver/Src/stm32wbxx_ll_adc.o" --specs=nano.specs -mfpu=fpv4-sp-d16 -mfloat-abi=hard -mthumb -o "Drivers/STM32WBxx_HAL_Driver/Src/stm32wbxx_ll_adc.o"
arm-none-eabi-gcc "../Drivers/STM32WBxx_HAL_Driver/Src/stm32wbxx_ll_rcc.c" -mcpu=cortex-m4 -std=gnu11 -g3 -DDEBUG -DUSE_HAL_DRIVER -DSTM32WB1Mxx -c -I../Core/Inc -I../Drivers/STM32WBxx_HAL_Driver/Inc -I../Drivers/STM32WBxx_HAL_Driver/Inc/Legacy -I../Drivers/CMSIS/Device/ST/STM32WBxx/Include -I../Drivers/CMSIS/Include -O0 -ffunction-sections -fdata-sections -Wall -fstack-usage -fcyclomatic-complexity -MMD -MP -MF"Drivers/STM32WBxx_HAL_Driver/Src/stm32wbxx_ll_rcc.d" -MT"Drivers/STM32WBxx_HAL_Driver/Src/stm32wbxx_ll_rcc.o" --specs=nano.specs -mfpu=fpv4-sp-d16 -mfloat-abi=hard -mthumb -o "Drivers/STM32WBxx_HAL_Driver/Src/stm32wbxx_ll_rcc.o"
arm-none-eabi-gcc -mcpu=cortex-m4 -g3 -DDEBUG -c -x assembler-with-cpp -MMD -MP -MF"Core/Startup/startup_stm32wb1mmchx.d" -MT"Core/Startup/startup_stm32wb1mmchx.o" --specs=nano.specs -mfpu=fpv4-sp-d16 -mfloat-abi=hard -mthumb -o "Core/Startup/startup_stm32wb1mmchx.o" "../Core/Startup/startup_stm32wb1mmchx.s"
arm-none-eabi-gcc "../Core/Src/main.c" -mcpu=cortex-m4 -std=gnu11 -g3 -DDEBUG -DUSE_HAL_DRIVER -DSTM32WB1Mxx -c -I../Core/Inc -I../Drivers/STM32WBxx_HAL_Driver/Inc -I../Drivers/STM32WBxx_HAL_Driver/Inc/Legacy -I../Drivers/CMSIS/Device/ST/STM32WBxx/Include -I../Drivers/CMSIS/Include -O0 -ffunction-sections -fdata-sections -Wall -fstack-usage -fcyclomatic-complexity -MMD -MP -MF"Core/Src/main.d" -MT"Core/Src/main.o" --specs=nano.specs -mfpu=fpv4-sp-d16 -mfloat-abi=hard -mthumb -o "Core/Src/main.o"
arm-none-eabi-gcc "../Core/Src/stm32wbxx_hal_msp.c" -mcpu=cortex-m4 -std=gnu11 -g3 -DDEBUG -DUSE_HAL_DRIVER -DSTM32WB1Mxx -c -I../Core/Inc -I../Drivers/STM32WBxx_HAL_Driver/Inc -I../Drivers/STM32WBxx_HAL_Driver/Inc/Legacy -I../Drivers/CMSIS/Device/ST/STM32WBxx/Include -I../Drivers/CMSIS/Include -O0 -ffunction-sections -fdata-sections -Wall -fstack-usage -fcyclomatic-complexity -MMD -MP -MF"Core/Src/stm32wbxx_hal_msp.d" -MT"Core/Src/stm32wbxx_hal_msp.o" --specs=nano.specs -mfpu=fpv4-sp-d16 -mfloat-abi=hard -mthumb -o "Core/Src/stm32wbxx_hal_msp.o"
arm-none-eabi-gcc "../Core/Src/stm32wbxx_it.c" -mcpu=cortex-m4 -std=gnu11 -g3 -DDEBUG -DUSE_HAL_DRIVER -DSTM32WB1Mxx -c -I../Core/Inc -I../Drivers/STM32WBxx_HAL_Driver/Inc -I../Drivers/STM32WBxx_HAL_Driver/Inc/Legacy -I../Drivers/CMSIS/Device/ST/STM32WBxx/Include -I../Drivers/CMSIS/Include -O0 -ffunction-sections -fdata-sections -Wall -fstack-usage -fcyclomatic-complexity -MMD -MP -MF"Core/Src/stm32wbxx_it.d" -MT"Core/Src/stm32wbxx_it.o" --specs=nano.specs -mfpu=fpv4-sp-d16 -mfloat-abi=hard -mthumb -o "Core/Src/stm32wbxx_it.o"
arm-none-eabi-gcc "../Core/Src/syscalls.c" -mcpu=cortex-m4 -std=gnu11 -g3 -DDEBUG -DUSE_HAL_DRIVER -DSTM32WB1Mxx -c -I../Core/Inc -I../Drivers/STM32WBxx_HAL_Driver/Inc -I../Drivers/STM32WBxx_HAL_Driver/Inc/Legacy -I../Drivers/CMSIS/Device/ST/STM32WBxx/Include -I../Drivers/CMSIS/Include -O0 -ffunction-sections -fdata-sections -Wall -fstack-usage -fcyclomatic-complexity -MMD -MP -MF"Core/Src/syscalls.d" -MT"Core/Src/syscalls.o" --specs=nano.specs -mfpu=fpv4-sp-d16 -mfloat-abi=hard -mthumb -o "Core/Src/syscalls.o"
arm-none-eabi-gcc "../Core/Src/sysmem.c" -mcpu=cortex-m4 -std=gnu11 -g3 -DDEBUG -DUSE_HAL_DRIVER -DSTM32WB1Mxx -c -I../Core/Inc -I../Drivers/STM32WBxx_HAL_Driver/Inc -I../Drivers/STM32WBxx_HAL_Driver/Inc/Legacy -I../Drivers/CMSIS/Device/ST/STM32WBxx/Include -I../Drivers/CMSIS/Include -O0 -ffunction-sections -fdata-sections -Wall -fstack-usage -fcyclomatic-complexity -MMD -MP -MF"Core/Src/sysmem.d" -MT"Core/Src/sysmem.o" --specs=nano.specs -mfpu=fpv4-sp-d16 -mfloat-abi=hard -mthumb -o "Core/Src/sysmem.o"
arm-none-eabi-gcc "../Core/Src/system_stm32wbxx.c" -mcpu=cortex-m4 -std=gnu11 -g3 -DDEBUG -DUSE_HAL_DRIVER -DSTM32WB1Mxx -c -I../Core/Inc -I../Drivers/STM32WBxx_HAL_Driver/Inc -I../Drivers/STM32WBxx_HAL_Driver/Inc/Legacy -I../Drivers/CMSIS/Device/ST/STM32WBxx/Include -I../Drivers/CMSIS/Include -O0 -ffunction-sections -fdata-sections -Wall -fstack-usage -fcyclomatic-complexity -MMD -MP -MF"Core/Src/system_stm32wbxx.d" -MT"Core/Src/system_stm32wbxx.o" --specs=nano.specs -mfpu=fpv4-sp-d16 -mfloat-abi=hard -mthumb -o "Core/Src/system_stm32wbxx.o"
../Core/Src/main.c: In function 'main':
../Core/Src/main.c:121:21: warning: implicit declaration of function 'sprintf' [-Wimplicit-function-declaration]
  121 |           int len = sprintf((char*)buffer, "Hello World\r\n");
      |                     ^~~~~~~
../Core/Src/main.c:21:1: note: include '<stdio.h>' or provide a declaration of 'sprintf'
   20 | #include "main.h"
  +++ |+#include <stdio.h>
   21 | 
../Core/Src/main.c:121:21: warning: incompatible implicit declaration of built-in function 'sprintf' [-Wbuiltin-declaration-mismatch]
  121 |           int len = sprintf((char*)buffer, "Hello World\r\n");
      |                     ^~~~~~~
../Core/Src/main.c:121:21: note: include '<stdio.h>' or provide a declaration of 'sprintf'
arm-none-eabi-gcc -o "fw.elf" @"objects.list"   -mcpu=cortex-m4 -T"C:\Users\tjmcm\Documents\Thomas\School\college\Illinois Space Society\BAGEL-Software\BAGEL\fw\STM32WB1MMCHX_FLASH.ld" --specs=nosys.specs -Wl,-Map="fw.map" -Wl,--gc-sections -static --specs=nano.specs -mfpu=fpv4-sp-d16 -mfloat-abi=hard -mthumb -Wl,--start-group -lc -lm -Wl,--end-group
Finished building target: fw.elf
 
arm-none-eabi-size  fw.elf 
arm-none-eabi-objdump -h -S fw.elf  > "fw.list"
   text	   data	    bss	    dec	    hex	filename
  19744	     92	   2316	  22152	   5688	fw.elf
Finished building: default.size.stdout
 
Finished building: fw.list
 
03:10:43 **** Incremental Build of configuration Debug for project fw ****
make -j16 all 
arm-none-eabi-size  fw.elf 
   text	   data	    bss	    dec	    hex	filename
  19744	     92	   2316	  22152	   5688	fw.elf
Finished building: default.size.stdout
 
03:12:27 **** Incremental Build of configuration Debug for project fw ****
make -j16 all 
arm-none-eabi-gcc "../Core/Src/main.c" -mcpu=cortex-m4 -std=gnu11 -g3 -DDEBUG -DUSE_HAL_DRIVER -DSTM32WB1Mxx -c -I../Core/Inc -I../Drivers/STM32WBxx_HAL_Driver/Inc -I../Drivers/STM32WBxx_HAL_Driver/Inc/Legacy -I../Drivers/CMSIS/Device/ST/STM32WBxx/Include -I../Drivers/CMSIS/Include -O0 -ffunction-sections -fdata-sections -Wall -fstack-usage -fcyclomatic-complexity -MMD -MP -MF"Core/Src/main.d" -MT"Core/Src/main.o" --specs=nano.specs -mfpu=fpv4-sp-d16 -mfloat-abi=hard -mthumb -o "Core/Src/main.o"
../Core/Src/main.c: In function 'main':
../Core/Src/main.c:121:21: warning: implicit declaration of function 'sprintf' [-Wimplicit-function-declaration]
  121 |           int len = sprintf((char*)buffer, "Hello World, BAGEL here\r\n");
      |                     ^~~~~~~
../Core/Src/main.c:21:1: note: include '<stdio.h>' or provide a declaration of 'sprintf'
   20 | #include "main.h"
  +++ |+#include <stdio.h>
   21 | 
../Core/Src/main.c:121:21: warning: incompatible implicit declaration of built-in function 'sprintf' [-Wbuiltin-declaration-mismatch]
  121 |           int len = sprintf((char*)buffer, "Hello World, BAGEL here\r\n");
      |                     ^~~~~~~
../Core/Src/main.c:121:21: note: include '<stdio.h>' or provide a declaration of 'sprintf'
arm-none-eabi-gcc -o "fw.elf" @"objects.list"   -mcpu=cortex-m4 -T"C:\Users\tjmcm\Documents\Thomas\School\college\Illinois Space Society\BAGEL-Software\BAGEL\fw\STM32WB1MMCHX_FLASH.ld" --specs=nosys.specs -Wl,-Map="fw.map" -Wl,--gc-sections -static --specs=nano.specs -mfpu=fpv4-sp-d16 -mfloat-abi=hard -mthumb -Wl,--start-group -lc -lm -Wl,--end-group
Finished building target: fw.elf
 
arm-none-eabi-size  fw.elf 
arm-none-eabi-objdump -h -S fw.elf  > "fw.list"
   text	   data	    bss	    dec	    hex	filename
  19756	     92	   2316	  22164	   5694	fw.elf
Finished building: default.size.stdout
 
Finished building: fw.list
 
03:22:49 **** Incremental Build of configuration Debug for project fw ****
make -j16 all 
arm-none-eabi-gcc "../Core/Src/main.c" -mcpu=cortex-m4 -std=gnu11 -g3 -DDEBUG -DUSE_HAL_DRIVER -DSTM32WB1Mxx -c -I../Core/Inc -I../Drivers/STM32WBxx_HAL_Driver/Inc -I../Drivers/STM32WBxx_HAL_Driver/Inc/Legacy -I../Drivers/CMSIS/Device/ST/STM32WBxx/Include -I../Drivers/CMSIS/Include -O0 -ffunction-sections -fdata-sections -Wall -fstack-usage -fcyclomatic-complexity -MMD -MP -MF"Core/Src/main.d" -MT"Core/Src/main.o" --specs=nano.specs -mfpu=fpv4-sp-d16 -mfloat-abi=hard -mthumb -o "Core/Src/main.o"
arm-none-eabi-gcc -o "fw.elf" @"objects.list"   -mcpu=cortex-m4 -T"C:\Users\tjmcm\Documents\Thomas\School\college\Illinois Space Society\BAGEL-Software\BAGEL\fw\STM32WB1MMCHX_FLASH.ld" --specs=nosys.specs -Wl,-Map="fw.map" -Wl,--gc-sections -static --specs=nano.specs -mfpu=fpv4-sp-d16 -mfloat-abi=hard -mthumb -Wl,--start-group -lc -lm -Wl,--end-group
Finished building target: fw.elf
 
arm-none-eabi-size  fw.elf 
arm-none-eabi-objdump -h -S fw.elf  > "fw.list"
   text	   data	    bss	    dec	    hex	filename
  21124	     92	   2316	  23532	   5bec	fw.elf
Finished building: default.size.stdout
 
Finished building: fw.list
 
03:40:43 **** Incremental Build of configuration Debug for project fw ****
make -j16 all 
arm-none-eabi-gcc "../Core/Src/main.c" -mcpu=cortex-m4 -std=gnu11 -g3 -DDEBUG -DUSE_HAL_DRIVER -DSTM32WB1Mxx -c -I../Core/Inc -I../Drivers/STM32WBxx_HAL_Driver/Inc -I../Drivers/STM32WBxx_HAL_Driver/Inc/Legacy -I../Drivers/CMSIS/Device/ST/STM32WBxx/Include -I../Drivers/CMSIS/Include -O0 -ffunction-sections -fdata-sections -Wall -fstack-usage -fcyclomatic-complexity -MMD -MP -MF"Core/Src/main.d" -MT"Core/Src/main.o" --specs=nano.specs -mfpu=fpv4-sp-d16 -mfloat-abi=hard -mthumb -o "Core/Src/main.o"
arm-none-eabi-gcc -o "fw.elf" @"objects.list"   -mcpu=cortex-m4 -T"C:\Users\tjmcm\Documents\Thomas\School\college\Illinois Space Society\BAGEL-Software\BAGEL\fw\STM32WB1MMCHX_FLASH.ld" --specs=nosys.specs -Wl,-Map="fw.map" -Wl,--gc-sections -static --specs=nano.specs -mfpu=fpv4-sp-d16 -mfloat-abi=hard -mthumb -Wl,--start-group -lc -lm -Wl,--end-group
Finished building target: fw.elf
 
arm-none-eabi-size  fw.elf 
arm-none-eabi-objdump -h -S fw.elf  > "fw.list"
   text	   data	    bss	    dec	    hex	filename
  21184	     92	   2316	  23592	   5c28	fw.elf
Finished building: default.size.stdout
 
Finished building: fw.list
 
03:43:56 **** Incremental Build of configuration Debug for project fw ****
make -j16 all 
arm-none-eabi-gcc "../Core/Src/main.c" -mcpu=cortex-m4 -std=gnu11 -g3 -DDEBUG -DUSE_HAL_DRIVER -DSTM32WB1Mxx -c -I../Core/Inc -I../Drivers/STM32WBxx_HAL_Driver/Inc -I../Drivers/STM32WBxx_HAL_Driver/Inc/Legacy -I../Drivers/CMSIS/Device/ST/STM32WBxx/Include -I../Drivers/CMSIS/Include -O0 -ffunction-sections -fdata-sections -Wall -fstack-usage -fcyclomatic-complexity -MMD -MP -MF"Core/Src/main.d" -MT"Core/Src/main.o" --specs=nano.specs -mfpu=fpv4-sp-d16 -mfloat-abi=hard -mthumb -o "Core/Src/main.o"
arm-none-eabi-gcc -o "fw.elf" @"objects.list"   -mcpu=cortex-m4 -T"C:\Users\tjmcm\Documents\Thomas\School\college\Illinois Space Society\BAGEL-Software\BAGEL\fw\STM32WB1MMCHX_FLASH.ld" --specs=nosys.specs -Wl,-Map="fw.map" -Wl,--gc-sections -static --specs=nano.specs -mfpu=fpv4-sp-d16 -mfloat-abi=hard -mthumb -Wl,--start-group -lc -lm -Wl,--end-group
Finished building target: fw.elf
 
arm-none-eabi-size  fw.elf 
arm-none-eabi-objdump -h -S fw.elf  > "fw.list"
   text	   data	    bss	    dec	    hex	filename
  21124	     92	   2316	  23532	   5bec	fw.elf
Finished building: default.size.stdout
 
Finished building: fw.list
 
04:02:25 **** Incremental Build of configuration Debug for project fw ****
make -j16 all 
arm-none-eabi-gcc "../Core/Src/main.c" -mcpu=cortex-m4 -std=gnu11 -g3 -DDEBUG -DUSE_HAL_DRIVER -DSTM32WB1Mxx -c -I../Core/Inc -I../Drivers/STM32WBxx_HAL_Driver/Inc -I../Drivers/STM32WBxx_HAL_Driver/Inc/Legacy -I../Drivers/CMSIS/Device/ST/STM32WBxx/Include -I../Drivers/CMSIS/Include -O0 -ffunction-sections -fdata-sections -Wall -fstack-usage -fcyclomatic-complexity -MMD -MP -MF"Core/Src/main.d" -MT"Core/Src/main.o" --specs=nano.specs -mfpu=fpv4-sp-d16 -mfloat-abi=hard -mthumb -o "Core/Src/main.o"
arm-none-eabi-gcc -o "fw.elf" @"objects.list"   -mcpu=cortex-m4 -T"C:\Users\tjmcm\Documents\Thomas\School\college\Illinois Space Society\BAGEL-Software\BAGEL\fw\STM32WB1MMCHX_FLASH.ld" --specs=nosys.specs -Wl,-Map="fw.map" -Wl,--gc-sections -static --specs=nano.specs -mfpu=fpv4-sp-d16 -mfloat-abi=hard -mthumb -Wl,--start-group -lc -lm -Wl,--end-group
Finished building target: fw.elf
 
arm-none-eabi-size  fw.elf 
arm-none-eabi-objdump -h -S fw.elf  > "fw.list"
   text	   data	    bss	    dec	    hex	filename
  21136	     92	   2316	  23544	   5bf8	fw.elf
Finished building: default.size.stdout
 
Finished building: fw.list
 
04:02:39 **** Incremental Build of configuration Debug for project fw ****
make -j16 all 
arm-none-eabi-gcc "../Core/Src/main.c" -mcpu=cortex-m4 -std=gnu11 -g3 -DDEBUG -DUSE_HAL_DRIVER -DSTM32WB1Mxx -c -I../Core/Inc -I../Drivers/STM32WBxx_HAL_Driver/Inc -I../Drivers/STM32WBxx_HAL_Driver/Inc/Legacy -I../Drivers/CMSIS/Device/ST/STM32WBxx/Include -I../Drivers/CMSIS/Include -O0 -ffunction-sections -fdata-sections -Wall -fstack-usage -fcyclomatic-complexity -MMD -MP -MF"Core/Src/main.d" -MT"Core/Src/main.o" --specs=nano.specs -mfpu=fpv4-sp-d16 -mfloat-abi=hard -mthumb -o "Core/Src/main.o"
arm-none-eabi-gcc -o "fw.elf" @"objects.list"   -mcpu=cortex-m4 -T"C:\Users\tjmcm\Documents\Thomas\School\college\Illinois Space Society\BAGEL-Software\BAGEL\fw\STM32WB1MMCHX_FLASH.ld" --specs=nosys.specs -Wl,-Map="fw.map" -Wl,--gc-sections -static --specs=nano.specs -mfpu=fpv4-sp-d16 -mfloat-abi=hard -mthumb -Wl,--start-group -lc -lm -Wl,--end-group
Finished building target: fw.elf
 
arm-none-eabi-size  fw.elf 
arm-none-eabi-objdump -h -S fw.elf  > "fw.list"
   text	   data	    bss	    dec	    hex	filename
  21136	     92	   2316	  23544	   5bf8	fw.elf
Finished building: default.size.stdout
 
Finished building: fw.list
 
