../STM32_WPAN/App/app_ble.c:1211:13:BLE_UserEvtRx	8	static
../STM32_WPAN/App/app_ble.c:1101:13:Adv_Cancel	8	static
../STM32_WPAN/App/app_ble.c:1231:13:BLE_StatusNot	0	static
../STM32_WPAN/App/app_ble.c:1000:13:Adv_Request.constprop	40	static
../STM32_WPAN/App/app_ble.c:263:6:APP_BLE_Init	120	static
../STM32_WPAN/App/app_ble.c:409:28:SVCCTL_App_Notification	24	static
../STM32_WPAN/App/app_ble.c:719:22:APP_BLE_Get_Server_Connection_Status	0	static
../STM32_WPAN/App/app_ble.c:1190:6:hci_notify_asynch_evt	0	static
../STM32_WPAN/App/app_ble.c:1197:6:hci_cmd_resp_release	0	static
../STM32_WPAN/App/app_ble.c:1204:6:hci_cmd_resp_wait	0	static
../STM32_WPAN/App/app_ble.c:1270:6:SVCCTL_ResumeUserEventFlow	0	static
