../Drivers/STM32WBxx_HAL_Driver/Inc/stm32wbxx_ll_rcc.h:1679:22:void LL_RCC_LSE_SetDriveCapability(uint32_t)	16	static
../Drivers/STM32WBxx_HAL_Driver/Inc/stm32wbxx_ll_bus.h:539:22:void LL_AHB2_GRP1_EnableClock(uint32_t)	24	static
../Core/Src/../../Drivers/TCAL9538/TCAL9538.hpp:29:8:GpioAddress::GpioAddress(int, int)	24	static
../Core/Src/../../Drivers/Interface/Interface.h:15:9:uint8_t interface_init(UART_HandleTypeDef*)	16	static
../Core/Src/../../Drivers/Interface/Interface.h:20:9:uint8_t interface_send(uint8_t*, uint16_t)	16	static
../Core/Src/main.cpp:85:5:int main()	136	static
../Core/Src/main.cpp:217:6:void SystemClock_Config()	104	static
../Core/Src/main.cpp:273:6:void PeriphCommonClock_Config()	56	static
../Core/Src/main.cpp:298:13:void MX_ADC1_Init()	24	static
../Core/Src/main.cpp:354:13:void MX_I2C1_Init()	8	static
../Core/Src/main.cpp:402:13:void MX_IPCC_Init()	8	static
../Core/Src/main.cpp:428:13:void MX_RF_Init()	4	static
../Core/Src/main.cpp:449:13:void MX_RTC_Init()	8	static
../Core/Src/main.cpp:491:13:void MX_SPI1_Init()	8	static
../Core/Src/main.cpp:531:13:void MX_USART1_UART_Init()	8	static
../Core/Src/main.cpp:579:13:void MX_GPIO_Init()	32	static
../Core/Src/main.cpp:638:6:void Error_Handler()	4	static,ignoring_inline_asm
