../Drivers/STM32WBxx_HAL_Driver/Inc/stm32wbxx_ll_rcc.h:1679:22:void LL_RCC_LSE_SetDriveCapability(uint32_t)	16	static
../Drivers/STM32WBxx_HAL_Driver/Inc/stm32wbxx_ll_bus.h:539:22:void LL_AHB2_GRP1_EnableClock(uint32_t)	24	static
../Core/Src/../../Drivers/TCAL9538/TCAL9538.hpp:29:8:GpioAddress::GpioAddress(int, int)	24	static
../Core/Src/main.cpp:80:9:uint8_t init_gpio_inputs()	24	static
../Core/Src/main.cpp:92:9:uint8_t init_gpio_outputs()	24	static
../Core/Src/main.cpp:104:9:uint8_t read_gpio_input(int)	80	static
../Core/Src/main.cpp:118:9:uint8_t write_gpio_output(int, int)	32	static
../Core/Src/main.cpp:129:9:uint8_t init_gpio_output_from_flipflops()	32	static
../Core/Src/main.cpp:166:9:uint8_t update_ble_values()	32	static
../Core/Src/main.cpp:293:5:int main()	72	static
../Core/Src/main.cpp:508:6:void SystemClock_Config()	104	static
../Core/Src/main.cpp:564:6:void PeriphCommonClock_Config()	56	static
../Core/Src/main.cpp:589:13:void MX_ADC1_Init()	24	static
../Core/Src/main.cpp:645:13:void MX_I2C1_Init()	8	static
../Core/Src/main.cpp:693:13:void MX_IPCC_Init()	8	static
../Core/Src/main.cpp:719:13:void MX_RF_Init()	4	static
../Core/Src/main.cpp:740:13:void MX_RTC_Init()	8	static
../Core/Src/main.cpp:782:13:void MX_SPI1_Init()	8	static
../Core/Src/main.cpp:822:13:void MX_USART1_UART_Init()	8	static
../Core/Src/main.cpp:870:13:void MX_GPIO_Init()	32	static
../Core/Src/main.cpp:929:6:void Error_Handler()	4	static,ignoring_inline_asm
