../Drivers/STM32WBxx_HAL_Driver/Inc/stm32wbxx_ll_rcc.h:1679:22:void LL_RCC_LSE_SetDriveCapability(uint32_t)	16	static
../Drivers/STM32WBxx_HAL_Driver/Inc/stm32wbxx_ll_bus.h:539:22:void LL_AHB2_GRP1_EnableClock(uint32_t)	24	static
../Core/Src/../../Drivers/TCAL9538/TCAL9538.hpp:29:8:GpioAddress::GpioAddress(int, int)	24	static
../Core/Src/main.cpp:77:9:uint8_t read_gpio_input(int)	32	static
../Core/Src/main.cpp:88:9:uint8_t write_gpio_output(int, int)	32	static
../Core/Src/main.cpp:99:9:uint8_t init_gpio_output_from_flipflops()	16	static
../Core/Src/main.cpp:132:5:int main()	176	static
../Core/Src/main.cpp:339:6:void SystemClock_Config()	104	static
../Core/Src/main.cpp:395:6:void PeriphCommonClock_Config()	56	static
../Core/Src/main.cpp:420:13:void MX_ADC1_Init()	24	static
../Core/Src/main.cpp:476:13:void MX_I2C1_Init()	8	static
../Core/Src/main.cpp:524:13:void MX_IPCC_Init()	8	static
../Core/Src/main.cpp:550:13:void MX_RF_Init()	4	static
../Core/Src/main.cpp:571:13:void MX_RTC_Init()	8	static
../Core/Src/main.cpp:613:13:void MX_SPI1_Init()	8	static
../Core/Src/main.cpp:653:13:void MX_USART1_UART_Init()	8	static
../Core/Src/main.cpp:701:13:void MX_GPIO_Init()	32	static
../Core/Src/main.cpp:760:6:void Error_Handler()	4	static,ignoring_inline_asm
