Archive member included to satisfy reference by file (symbol)

C:/PROGRA~2/Arm GNU Toolchain arm-none-eabi/14.3 rel1/bin/../lib/gcc/arm-none-eabi/14.3.1/../../../../arm-none-eabi/lib/thumb/v7e-m+fp/hard\libg_nano.a(libc_a-exit.o)
                              C:/PROGRA~2/Arm GNU Toolchain arm-none-eabi/14.3 rel1/bin/../lib/gcc/arm-none-eabi/14.3.1/../../../../arm-none-eabi/lib/thumb/v7e-m+fp/hard/crt0.o (exit)
C:/PROGRA~2/Arm GNU Toolchain arm-none-eabi/14.3 rel1/bin/../lib/gcc/arm-none-eabi/14.3.1/../../../../arm-none-eabi/lib/thumb/v7e-m+fp/hard\libg_nano.a(libc_a-findfp.o)
                              C:/PROGRA~2/Arm GNU Toolchain arm-none-eabi/14.3 rel1/bin/../lib/gcc/arm-none-eabi/14.3.1/../../../../arm-none-eabi/lib/thumb/v7e-m+fp/hard\libg_nano.a(libc_a-exit.o) (__stdio_exit_handler)
C:/PROGRA~2/Arm GNU Toolchain arm-none-eabi/14.3 rel1/bin/../lib/gcc/arm-none-eabi/14.3.1/../../../../arm-none-eabi/lib/thumb/v7e-m+fp/hard\libg_nano.a(libc_a-fwalk.o)
                              C:/PROGRA~2/Arm GNU Toolchain arm-none-eabi/14.3 rel1/bin/../lib/gcc/arm-none-eabi/14.3.1/../../../../arm-none-eabi/lib/thumb/v7e-m+fp/hard\libg_nano.a(libc_a-findfp.o) (_fwalk_sglue)
C:/PROGRA~2/Arm GNU Toolchain arm-none-eabi/14.3 rel1/bin/../lib/gcc/arm-none-eabi/14.3.1/../../../../arm-none-eabi/lib/thumb/v7e-m+fp/hard\libg_nano.a(libc_a-stdio.o)
                              C:/PROGRA~2/Arm GNU Toolchain arm-none-eabi/14.3 rel1/bin/../lib/gcc/arm-none-eabi/14.3.1/../../../../arm-none-eabi/lib/thumb/v7e-m+fp/hard\libg_nano.a(libc_a-findfp.o) (__sread)
C:/PROGRA~2/Arm GNU Toolchain arm-none-eabi/14.3 rel1/bin/../lib/gcc/arm-none-eabi/14.3.1/../../../../arm-none-eabi/lib/thumb/v7e-m+fp/hard\libg_nano.a(libc_a-memset.o)
                              C:/PROGRA~2/Arm GNU Toolchain arm-none-eabi/14.3 rel1/bin/../lib/gcc/arm-none-eabi/14.3.1/../../../../arm-none-eabi/lib/thumb/v7e-m+fp/hard/crt0.o (memset)
C:/PROGRA~2/Arm GNU Toolchain arm-none-eabi/14.3 rel1/bin/../lib/gcc/arm-none-eabi/14.3.1/../../../../arm-none-eabi/lib/thumb/v7e-m+fp/hard\libg_nano.a(libc_a-closer.o)
                              C:/PROGRA~2/Arm GNU Toolchain arm-none-eabi/14.3 rel1/bin/../lib/gcc/arm-none-eabi/14.3.1/../../../../arm-none-eabi/lib/thumb/v7e-m+fp/hard\libg_nano.a(libc_a-stdio.o) (_close_r)
C:/PROGRA~2/Arm GNU Toolchain arm-none-eabi/14.3 rel1/bin/../lib/gcc/arm-none-eabi/14.3.1/../../../../arm-none-eabi/lib/thumb/v7e-m+fp/hard\libg_nano.a(libc_a-reent.o)
                              C:/PROGRA~2/Arm GNU Toolchain arm-none-eabi/14.3 rel1/bin/../lib/gcc/arm-none-eabi/14.3.1/../../../../arm-none-eabi/lib/thumb/v7e-m+fp/hard\libg_nano.a(libc_a-closer.o) (errno)
C:/PROGRA~2/Arm GNU Toolchain arm-none-eabi/14.3 rel1/bin/../lib/gcc/arm-none-eabi/14.3.1/../../../../arm-none-eabi/lib/thumb/v7e-m+fp/hard\libg_nano.a(libc_a-impure.o)
                              C:/PROGRA~2/Arm GNU Toolchain arm-none-eabi/14.3 rel1/bin/../lib/gcc/arm-none-eabi/14.3.1/../../../../arm-none-eabi/lib/thumb/v7e-m+fp/hard\libg_nano.a(libc_a-reent.o) (_impure_ptr)
C:/PROGRA~2/Arm GNU Toolchain arm-none-eabi/14.3 rel1/bin/../lib/gcc/arm-none-eabi/14.3.1/../../../../arm-none-eabi/lib/thumb/v7e-m+fp/hard\libg_nano.a(libc_a-lseekr.o)
                              C:/PROGRA~2/Arm GNU Toolchain arm-none-eabi/14.3 rel1/bin/../lib/gcc/arm-none-eabi/14.3.1/../../../../arm-none-eabi/lib/thumb/v7e-m+fp/hard\libg_nano.a(libc_a-stdio.o) (_lseek_r)
C:/PROGRA~2/Arm GNU Toolchain arm-none-eabi/14.3 rel1/bin/../lib/gcc/arm-none-eabi/14.3.1/../../../../arm-none-eabi/lib/thumb/v7e-m+fp/hard\libg_nano.a(libc_a-readr.o)
                              C:/PROGRA~2/Arm GNU Toolchain arm-none-eabi/14.3 rel1/bin/../lib/gcc/arm-none-eabi/14.3.1/../../../../arm-none-eabi/lib/thumb/v7e-m+fp/hard\libg_nano.a(libc_a-stdio.o) (_read_r)
C:/PROGRA~2/Arm GNU Toolchain arm-none-eabi/14.3 rel1/bin/../lib/gcc/arm-none-eabi/14.3.1/../../../../arm-none-eabi/lib/thumb/v7e-m+fp/hard\libg_nano.a(libc_a-writer.o)
                              C:/PROGRA~2/Arm GNU Toolchain arm-none-eabi/14.3 rel1/bin/../lib/gcc/arm-none-eabi/14.3.1/../../../../arm-none-eabi/lib/thumb/v7e-m+fp/hard\libg_nano.a(libc_a-stdio.o) (_write_r)
C:/PROGRA~2/Arm GNU Toolchain arm-none-eabi/14.3 rel1/bin/../lib/gcc/arm-none-eabi/14.3.1/../../../../arm-none-eabi/lib/thumb/v7e-m+fp/hard\libg_nano.a(libc_a-errno.o)
                              CMakeFiles/Switch_Board.dir/Core/Src/sysmem.c.obj (__errno)
C:/PROGRA~2/Arm GNU Toolchain arm-none-eabi/14.3 rel1/bin/../lib/gcc/arm-none-eabi/14.3.1/../../../../arm-none-eabi/lib/thumb/v7e-m+fp/hard\libg_nano.a(libc_a-init.o)
                              C:/PROGRA~2/Arm GNU Toolchain arm-none-eabi/14.3 rel1/bin/../lib/gcc/arm-none-eabi/14.3.1/../../../../arm-none-eabi/lib/thumb/v7e-m+fp/hard/crt0.o (__libc_init_array)
C:/PROGRA~2/Arm GNU Toolchain arm-none-eabi/14.3 rel1/bin/../lib/gcc/arm-none-eabi/14.3.1/../../../../arm-none-eabi/lib/thumb/v7e-m+fp/hard\libg_nano.a(libc_a-lock.o)
[...]
Memory Configuration

Name             Origin             Length             Attributes
FLASH            0x08000000         0x0001b800         xr
RAM1             0x20000008         0x00002ff8         xrw
RAM_SHARED       0x20030000         0x00002800         xrw
*default*        0x00000000         0xffffffff

Linker script and memory map

LOAD C:/PROGRA~2/Arm GNU Toolchain arm-none-eabi/14.3 rel1/bin/../lib/gcc/arm-none-eabi/14.3.1/thumb/v7e-m+fp/hard/crti.o
LOAD C:/PROGRA~2/Arm GNU Toolchain arm-none-eabi/14.3 rel1/bin/../lib/gcc/arm-none-eabi/14.3.1/thumb/v7e-m+fp/hard/crtbegin.o
LOAD C:/PROGRA~2/Arm GNU Toolchain arm-none-eabi/14.3 rel1/bin/../lib/gcc/arm-none-eabi/14.3.1/../../../../arm-none-eabi/lib/thumb/v7e-m+fp/hard/crt0.o
LOAD cmake/stm32cubemx/CMakeFiles/STM32_Drivers.dir/__/__/Core/Src/system_stm32wbxx.c.obj
LOAD cmake/stm32cubemx/CMakeFiles/STM32_Drivers.dir/__/__/Drivers/STM32WBxx_HAL_Driver/Src/stm32wbxx_hal_adc.c.obj
LOAD cmake/stm32cubemx/CMakeFiles/STM32_Drivers.dir/__/__/Drivers/STM32WBxx_HAL_Driver/Src/stm32wbxx_hal_adc_ex.c.obj
LOAD cmake/stm32cubemx/CMakeFiles/STM32_Drivers.dir/__/__/Drivers/STM32WBxx_HAL_Driver/Src/stm32wbxx_ll_adc.c.obj
LOAD cmake/stm32cubemx/CMakeFiles/STM32_Drivers.dir/__/__/Drivers/STM32WBxx_HAL_Driver/Src/stm32wbxx_hal_rcc.c.obj
LOAD cmake/stm32cubemx/CMakeFiles/STM32_Drivers.dir/__/__/Drivers/STM32WBxx_HAL_Driver/Src/stm32wbxx_ll_rcc.c.obj
LOAD cmake/stm32cubemx/CMakeFiles/STM32_Drivers.dir/__/__/Drivers/STM32WBxx_HAL_Driver/Src/stm32wbxx_hal_rcc_ex.c.obj
LOAD cmake/stm32cubemx/CMakeFiles/STM32_Drivers.dir/__/__/Drivers/STM32WBxx_HAL_Driver/Src/stm32wbxx_hal_flash.c.obj
LOAD cmake/stm32cubemx/CMakeFiles/STM32_Drivers.dir/__/__/Drivers/STM32WBxx_HAL_Driver/Src/stm32wbxx_hal_flash_ex.c.obj
LOAD cmake/stm32cubemx/CMakeFiles/STM32_Drivers.dir/__/__/Drivers/STM32WBxx_HAL_Driver/Src/stm32wbxx_hal_gpio.c.obj
LOAD cmake/stm32cubemx/CMakeFiles/STM32_Drivers.dir/__/__/Drivers/STM32WBxx_HAL_Driver/Src/stm32wbxx_hal_hsem.c.obj
LOAD cmake/stm32cubemx/CMakeFiles/STM32_Drivers.dir/__/__/Drivers/STM32WBxx_HAL_Driver/Src/stm32wbxx_hal_dma.c.obj
LOAD cmake/stm32cubemx/CMakeFiles/STM32_Drivers.dir/__/__/Drivers/STM32WBxx_HAL_Driver/Src/stm32wbxx_hal_dma_ex.c.obj
LOAD cmake/stm32cubemx/CMakeFiles/STM32_Drivers.dir/__/__/Drivers/STM32WBxx_HAL_Driver/Src/stm32wbxx_hal_pwr.c.obj
LOAD cmake/stm32cubemx/CMakeFiles/STM32_Drivers.dir/__/__/Drivers/STM32WBxx_HAL_Driver/Src/stm32wbxx_hal_pwr_ex.c.obj
LOAD cmake/stm32cubemx/CMakeFiles/STM32_Drivers.dir/__/__/Drivers/STM32WBxx_HAL_Driver/Src/stm32wbxx_hal_cortex.c.obj
LOAD cmake/stm32cubemx/CMakeFiles/STM32_Drivers.dir/__/__/Drivers/STM32WBxx_HAL_Driver/Src/stm32wbxx_hal.c.obj
LOAD cmake/stm32cubemx/CMakeFiles/STM32_Drivers.dir/__/__/Drivers/STM32WBxx_HAL_Driver/Src/stm32wbxx_hal_exti.c.obj
LOAD cmake/stm32cubemx/CMakeFiles/STM32_Drivers.dir/__/__/Drivers/STM32WBxx_HAL_Driver/Src/stm32wbxx_hal_i2c.c.obj
LOAD cmake/stm32cubemx/CMakeFiles/STM32_Drivers.dir/__/__/Drivers/STM32WBxx_HAL_Driver/Src/stm32wbxx_hal_i2c_ex.c.obj
LOAD CMakeFiles/Switch_Board.dir/Core/Src/main.cpp.obj
LOAD CMakeFiles/Switch_Board.dir/Core/Src/stm32wbxx_it.c.obj
LOAD CMakeFiles/Switch_Board.dir/Core/Src/stm32wbxx_hal_msp.c.obj
LOAD CMakeFiles/Switch_Board.dir/Core/Src/sysmem.c.obj
LOAD CMakeFiles/Switch_Board.dir/Core/Src/syscalls.c.obj
LOAD CMakeFiles/Switch_Board.dir/startup_stm32wb1mxx_cm4.s.obj
LOAD C:/PROGRA~2/Arm GNU Toolchain arm-none-eabi/14.3 rel1/bin/../lib/gcc/arm-none-eabi/14.3.1/../../../../arm-none-eabi/lib/thumb/v7e-m+fp/hard\libstdc++_nano.a
LOAD C:/PROGRA~2/Arm GNU Toolchain arm-none-eabi/14.3 rel1/bin/../lib/gcc/arm-none-eabi/14.3.1/../../../../arm-none-eabi/lib/thumb/v7e-m+fp/hard\libm.a
START GROUP
LOAD C:/PROGRA~2/Arm GNU Toolchain arm-none-eabi/14.3 rel1/bin/../lib/gcc/arm-none-eabi/14.3.1/thumb/v7e-m+fp/hard\libgcc.a
LOAD C:/PROGRA~2/Arm GNU Toolchain arm-none-eabi/14.3 rel1/bin/../lib/gcc/arm-none-eabi/14.3.1/../../../../arm-none-eabi/lib/thumb/v7e-m+fp/hard\libg_nano.a
LOAD C:/PROGRA~2/Arm GNU Toolchain arm-none-eabi/14.3 rel1/bin/../lib/gcc/arm-none-eabi/14.3.1/../../../../arm-none-eabi/lib/thumb/v7e-m+fp/hard\libc_nano.a
END GROUP
START GROUP
LOAD C:/PROGRA~2/Arm GNU Toolchain arm-none-eabi/14.3 rel1/bin/../lib/gcc/arm-none-eabi/14.3.1/thumb/v7e-m+fp/hard\libgcc.a
LOAD C:/PROGRA~2/Arm GNU Toolchain arm-none-eabi/14.3 rel1/bin/../lib/gcc/arm-none-eabi/14.3.1/../../../../arm-none-eabi/lib/thumb/v7e-m+fp/hard\libc_nano.a
END GROUP
LOAD C:/PROGRA~2/Arm GNU Toolchain arm-none-eabi/14.3 rel1/bin/../lib/gcc/arm-none-eabi/14.3.1/thumb/v7e-m+fp/hard/crtend.o
LOAD C:/PROGRA~2/Arm GNU Toolchain arm-none-eabi/14.3 rel1/bin/../lib/gcc/arm-none-eabi/14.3.1/thumb/v7e-m+fp/hard/crtn.o
                0x20003000                        _estack = 0x20003000
                0x00000200                        _Min_Heap_Size = 0x200
                0x00000400                        _Min_Stack_Size = 0x400

.isr_vector     0x08000000      0x13c
                0x08000000                        . = ALIGN (0x4)
 *(.isr_vector)
 .isr_vector    0x08000000      0x13c CMakeFiles/Switch_Board.dir/startup_stm32wb1mxx_cm4.s.obj
                0x08000000                g_pfnVectors
                0x0800013c                        . = ALIGN (0x4)

.text           0x0800013c     0x2d90
                0x0800013c                        . = ALIGN (0x4)
 *(.text)
 *(.text*)
 .text.deregister_tm_clones
                0x0800013c       0x1c C:/PROGRA~2/Arm GNU Toolchain arm-none-eabi/14.3 rel1/bin/../lib/gcc/arm-none-eabi/14.3.1/thumb/v7e-m+fp/hard/crtbegin.o
 .text.register_tm_clones
                0x08000158       0x24 C:/PROGRA~2/Arm GNU Toolchain arm-none-eabi/14.3 rel1/bin/../lib/gcc/arm-none-eabi/14.3.1/thumb/v7e-m+fp/hard/crtbegin.o
 .text.__do_global_dtors_aux
                0x0800017c       0x28 C:/PROGRA~2/Arm GNU Toolchain arm-none-eabi/14.3 rel1/bin/../lib/gcc/arm-none-eabi/14.3.1/thumb/v7e-m+fp/hard/crtbegin.o
 .text.frame_dummy
                0x080001a4       0x24 C:/PROGRA~2/Arm GNU Toolchain arm-none-eabi/14.3 rel1/bin/../lib/gcc/arm-none-eabi/14.3.1/thumb/v7e-m+fp/hard/crtbegin.o
 .text.SystemInit
                0x080001c8       0x9c cmake/stm32cubemx/CMakeFiles/STM32_Drivers.dir/__/__/Core/Src/system_stm32wbxx.c.obj
                0x080001c8                SystemInit
 .text.LL_ADC_SetCommonPathInternalCh
                0x08000264       0x26 cmake/stm32cubemx/CMakeFiles/STM32_Drivers.dir/__/__/Drivers/STM32WBxx_HAL_Driver/Src/stm32wbxx_hal_adc.c.obj
 .text.LL_ADC_GetCommonPathInternalCh
                0x0800028a       0x1c cmake/stm32cubemx/CMakeFiles/STM32_Drivers.dir/__/__/Drivers/STM32WBxx_HAL_Driver/Src/stm32wbxx_hal_adc.c.obj
 .text.LL_ADC_SetSamplingTimeCommonChannels
                0x080002a6       0x3e cmake/stm32cubemx/CMakeFiles/STM32_Drivers.dir/__/__/Drivers/STM32WBxx_HAL_Driver/Src/stm32wbxx_hal_adc.c.obj
 .text.LL_ADC_REG_SetSequencerRanks
                0x080002e4       0x44 cmake/stm32cubemx/CMakeFiles/STM32_Drivers.dir/__/__/Drivers/STM32WBxx_HAL_Driver/Src/stm32wbxx_hal_adc.c.obj
 .text.LL_ADC_REG_SetSequencerChAdd
                0x08000328       0x26 cmake/stm32cubemx/CMakeFiles/STM32_Drivers.dir/__/__/Drivers/STM32WBxx_HAL_Driver/Src/stm32wbxx_hal_adc.c.obj
 .text.LL_ADC_REG_SetSequencerChRem
                0x0800034e       0x28 cmake/stm32cubemx/CMakeFiles/STM32_Drivers.dir/__/__/Drivers/STM32WBxx_HAL_Driver/Src/stm32wbxx_hal_adc.c.obj
 .text.LL_ADC_SetChannelSamplingTime
                0x08000376       0x3a cmake/stm32cubemx/CMakeFiles/STM32_Drivers.dir/__/__/Drivers/STM32WBxx_HAL_Driver/Src/stm32wbxx_hal_adc.c.obj
 .text.LL_ADC_EnableInternalRegulator
                0x080003b0       0x28 cmake/stm32cubemx/CMakeFiles/STM32_Drivers.dir/__/__/Drivers/STM32WBxx_HAL_Driver/Src/stm32wbxx_hal_adc.c.obj
 .text.LL_ADC_IsInternalRegulatorEnabled
                0x080003d8       0x28 cmake/stm32cubemx/CMakeFiles/STM32_Drivers.dir/__/__/Drivers/STM32WBxx_HAL_Driver/Src/stm32wbxx_hal_adc.c.obj
 .text.LL_ADC_IsEnabled
                0x08000400       0x26 cmake/stm32cubemx/CMakeFiles/STM32_Drivers.dir/__/__/Drivers/STM32WBxx_HAL_Driver/Src/stm32wbxx_hal_adc.c.obj
 .text.LL_ADC_REG_IsConversionOngoing
                0x08000426       0x26 cmake/stm32cubemx/CMakeFiles/STM32_Drivers.dir/__/__/Drivers/STM32WBxx_HAL_Driver/Src/stm32wbxx_hal_adc.c.obj
 .text.HAL_ADC_Init
                0x0800044c      0x304 cmake/stm32cubemx/CMakeFiles/STM32_Drivers.dir/__/__/Drivers/STM32WBxx_HAL_Driver/Src/stm32wbxx_hal_adc.c.obj
                0x0800044c                HAL_ADC_Init
 .text.HAL_ADC_ConfigChannel
                0x08000750      0x27c cmake/stm32cubemx/CMakeFiles/STM32_Drivers.dir/__/__/Drivers/STM32WBxx_HAL_Driver/Src/stm32wbxx_hal_adc.c.obj
                0x08000750                HAL_ADC_ConfigChannel
 .text.LL_RCC_HSE_IsEnabledDiv2
                0x080009cc       0x24 cmake/stm32cubemx/CMakeFiles/STM32_Drivers.dir/__/__/Drivers/STM32WBxx_HAL_Driver/Src/stm32wbxx_hal_rcc.c.obj
 .text.LL_RCC_HSE_Enable
                0x080009f0       0x1e cmake/stm32cubemx/CMakeFiles/STM32_Drivers.dir/__/__/Drivers/STM32WBxx_HAL_Driver/Src/stm32wbxx_hal_rcc.c.obj
 .text.LL_RCC_HSE_Disable
                0x08000a0e       0x1e cmake/stm32cubemx/CMakeFiles/STM32_Drivers.dir/__/__/Drivers/STM32WBxx_HAL_Driver/Src/stm32wbxx_hal_rcc.c.obj
 .text.LL_RCC_HSE_IsReady
                0x08000a2c       0x24 cmake/stm32cubemx/CMakeFiles/STM32_Drivers.dir/__/__/Drivers/STM32WBxx_HAL_Driver/Src/stm32wbxx_hal_rcc.c.obj
 .text.LL_RCC_HSI_Enable
                0x08000a50       0x1e cmake/stm32cubemx/CMakeFiles/STM32_Drivers.dir/__/__/Drivers/STM32WBxx_HAL_Driver/Src/stm32wbxx_hal_rcc.c.obj
 .text.LL_RCC_HSI_Disable
                0x08000a6e       0x1e cmake/stm32cubemx/CMakeFiles/STM32_Drivers.dir/__/__/Drivers/STM32WBxx_HAL_Driver/Src/stm32wbxx_hal_rcc.c.obj
 .text.LL_RCC_HSI_IsReady
                0x08000a8c       0x24 cmake/stm32cubemx/CMakeFiles/STM32_Drivers.dir/__/__/Drivers/STM32WBxx_HAL_Driver/Src/stm32wbxx_hal_rcc.c.obj
 .text.LL_RCC_HSI_SetCalibTrimming
                0x08000ab0       0x2a cmake/stm32cubemx/CMakeFiles/STM32_Drivers.dir/__/__/Drivers/STM32WBxx_HAL_Driver/Src/stm32wbxx_hal_rcc.c.obj
 .text.LL_RCC_LSE_Enable
                0x08000ada       0x22 cmake/stm32cubemx/CMakeFiles/STM32_Drivers.dir/__/__/Drivers/STM32WBxx_HAL_Driver/Src/stm32wbxx_hal_rcc.c.obj
 .text.LL_RCC_LSE_Disable
                0x08000afc       0x22 cmake/stm32cubemx/CMakeFiles/STM32_Drivers.dir/__/__/Drivers/STM32WBxx_HAL_Driver/Src/stm32wbxx_hal_rcc.c.obj
 .text.LL_RCC_LSE_EnableBypass
                0x08000b1e       0x22 cmake/stm32cubemx/CMakeFiles/STM32_Drivers.dir/__/__/Drivers/STM32WBxx_HAL_Driver/Src/stm32wbxx_hal_rcc.c.obj
 .text.LL_RCC_LSE_DisableBypass
                0x08000b40       0x22 cmake/stm32cubemx/CMakeFiles/STM32_Drivers.dir/__/__/Drivers/STM32WBxx_HAL_Driver/Src/stm32wbxx_hal_rcc.c.obj
 .text.LL_RCC_LSE_IsReady
                0x08000b62       0x24 cmake/stm32cubemx/CMakeFiles/STM32_Drivers.dir/__/__/Drivers/STM32WBxx_HAL_Driver/Src/stm32wbxx_hal_rcc.c.obj
 .text.LL_RCC_LSI1_Enable
                0x08000b86       0x22 cmake/stm32cubemx/CMakeFiles/STM32_Drivers.dir/__/__/Drivers/STM32WBxx_HAL_Driver/Src/stm32wbxx_hal_rcc.c.obj
 .text.LL_RCC_LSI1_Disable
                0x08000ba8       0x22 cmake/stm32cubemx/CMakeFiles/STM32_Drivers.dir/__/__/Drivers/STM32WBxx_HAL_Driver/Src/stm32wbxx_hal_rcc.c.obj
 .text.LL_RCC_LSI1_IsReady
                0x08000bca       0x24 cmake/stm32cubemx/CMakeFiles/STM32_Drivers.dir/__/__/Drivers/STM32WBxx_HAL_Driver/Src/stm32wbxx_hal_rcc.c.obj
 .text.LL_RCC_LSI2_Enable
                0x08000bee       0x22 cmake/stm32cubemx/CMakeFiles/STM32_Drivers.dir/__/__/Drivers/STM32WBxx_HAL_Driver/Src/stm32wbxx_hal_rcc.c.obj
 .text.LL_RCC_LSI2_Disable
                0x08000c10       0x22 cmake/stm32cubemx/CMakeFiles/STM32_Drivers.dir/__/__/Drivers/STM32WBxx_HAL_Driver/Src/stm32wbxx_hal_rcc.c.obj
 .text.LL_RCC_LSI2_IsReady
                0x08000c32       0x24 cmake/stm32cubemx/CMakeFiles/STM32_Drivers.dir/__/__/Drivers/STM32WBxx_HAL_Driver/Src/stm32wbxx_hal_rcc.c.obj
 .text.LL_RCC_LSI2_SetTrimming
                0x08000c56       0x2e cmake/stm32cubemx/CMakeFiles/STM32_Drivers.dir/__/__/Drivers/STM32WBxx_HAL_Driver/Src/stm32wbxx_hal_rcc.c.obj
 .text.LL_RCC_MSI_Enable
                0x08000c84       0x1e cmake/stm32cubemx/CMakeFiles/STM32_Drivers.dir/__/__/Drivers/STM32WBxx_HAL_Driver/Src/stm32wbxx_hal_rcc.c.obj
 .text.LL_RCC_MSI_Disable
                0x08000ca2       0x1e cmake/stm32cubemx/CMakeFiles/STM32_Drivers.dir/__/__/Drivers/STM32WBxx_HAL_Driver/Src/stm32wbxx_hal_rcc.c.obj
 .text.LL_RCC_MSI_IsReady
                0x08000cc0       0x22 cmake/stm32cubemx/CMakeFiles/STM32_Drivers.dir/__/__/Drivers/STM32WBxx_HAL_Driver/Src/stm32wbxx_hal_rcc.c.obj
 .text.LL_RCC_MSI_SetRange
                0x08000ce2       0x28 cmake/stm32cubemx/CMakeFiles/STM32_Drivers.dir/__/__/Drivers/STM32WBxx_HAL_Driver/Src/stm32wbxx_hal_rcc.c.obj
 .text.LL_RCC_MSI_GetRange
                0x08000d0a       0x2a cmake/stm32cubemx/CMakeFiles/STM32_Drivers.dir/__/__/Drivers/STM32WBxx_HAL_Driver/Src/stm32wbxx_hal_rcc.c.obj
 .text.LL_RCC_MSI_SetCalibTrimming
                0x08000d34       0x2a cmake/stm32cubemx/CMakeFiles/STM32_Drivers.dir/__/__/Drivers/STM32WBxx_HAL_Driver/Src/stm32wbxx_hal_rcc.c.obj
 .text.LL_RCC_SetSysClkSource
                0x08000d5e       0x28 cmake/stm32cubemx/CMakeFiles/STM32_Drivers.dir/__/__/Drivers/STM32WBxx_HAL_Driver/Src/stm32wbxx_hal_rcc.c.obj
 .text.LL_RCC_GetSysClkSource
                0x08000d86       0x18 cmake/stm32cubemx/CMakeFiles/STM32_Drivers.dir/__/__/Drivers/STM32WBxx_HAL_Driver/Src/stm32wbxx_hal_rcc.c.obj
 .text.LL_RCC_SetAHBPrescaler
                0x08000d9e       0x28 cmake/stm32cubemx/CMakeFiles/STM32_Drivers.dir/__/__/Drivers/STM32WBxx_HAL_Driver/Src/stm32wbxx_hal_rcc.c.obj
 .text.LL_C2_RCC_SetAHBPrescaler
                0x08000dc6       0x2c cmake/stm32cubemx/CMakeFiles/STM32_Drivers.dir/__/__/Drivers/STM32WBxx_HAL_Driver/Src/stm32wbxx_hal_rcc.c.obj
 .text.LL_RCC_SetAHB4Prescaler
                0x08000df2       0x2e cmake/stm32cubemx/CMakeFiles/STM32_Drivers.dir/__/__/Drivers/STM32WBxx_HAL_Driver/Src/stm32wbxx_hal_rcc.c.obj
 .text.LL_RCC_SetAPB1Prescaler
                0x08000e20       0x28 cmake/stm32cubemx/CMakeFiles/STM32_Drivers.dir/__/__/Drivers/STM32WBxx_HAL_Driver/Src/stm32wbxx_hal_rcc.c.obj
 .text.LL_RCC_SetAPB2Prescaler
                0x08000e48       0x28 cmake/stm32cubemx/CMakeFiles/STM32_Drivers.dir/__/__/Drivers/STM32WBxx_HAL_Driver/Src/stm32wbxx_hal_rcc.c.obj
 .text.LL_RCC_GetAHBPrescaler
                0x08000e70       0x18 cmake/stm32cubemx/CMakeFiles/STM32_Drivers.dir/__/__/Drivers/STM32WBxx_HAL_Driver/Src/stm32wbxx_hal_rcc.c.obj
 .text.LL_RCC_GetAHB4Prescaler
                0x08000e88       0x1c cmake/stm32cubemx/CMakeFiles/STM32_Drivers.dir/__/__/Drivers/STM32WBxx_HAL_Driver/Src/stm32wbxx_hal_rcc.c.obj
 .text.LL_RCC_PLL_Enable
                0x08000ea4       0x1e cmake/stm32cubemx/CMakeFiles/STM32_Drivers.dir/__/__/Drivers/STM32WBxx_HAL_Driver/Src/stm32wbxx_hal_rcc.c.obj
 .text.LL_RCC_PLL_Disable
                0x08000ec2       0x1e cmake/stm32cubemx/CMakeFiles/STM32_Drivers.dir/__/__/Drivers/STM32WBxx_HAL_Driver/Src/stm32wbxx_hal_rcc.c.obj
 .text.LL_RCC_PLL_IsReady
                0x08000ee0       0x24 cmake/stm32cubemx/CMakeFiles/STM32_Drivers.dir/__/__/Drivers/STM32WBxx_HAL_Driver/Src/stm32wbxx_hal_rcc.c.obj
 .text.LL_RCC_PLL_GetN
                0x08000f04       0x1a cmake/stm32cubemx/CMakeFiles/STM32_Drivers.dir/__/__/Drivers/STM32WBxx_HAL_Driver/Src/stm32wbxx_hal_rcc.c.obj
 .text.LL_RCC_PLL_GetR
                0x08000f1e       0x18 cmake/stm32cubemx/CMakeFiles/STM32_Drivers.dir/__/__/Drivers/STM32WBxx_HAL_Driver/Src/stm32wbxx_hal_rcc.c.obj
 .text.LL_RCC_PLL_GetDivider
                0x08000f36       0x18 cmake/stm32cubemx/CMakeFiles/STM32_Drivers.dir/__/__/Drivers/STM32WBxx_HAL_Driver/Src/stm32wbxx_hal_rcc.c.obj
 .text.LL_RCC_PLL_GetMainSource
                0x08000f4e       0x18 cmake/stm32cubemx/CMakeFiles/STM32_Drivers.dir/__/__/Drivers/STM32WBxx_HAL_Driver/Src/stm32wbxx_hal_rcc.c.obj
 .text.LL_RCC_IsActiveFlag_HPRE
                0x08000f66       0x24 cmake/stm32cubemx/CMakeFiles/STM32_Drivers.dir/__/__/Drivers/STM32WBxx_HAL_Driver/Src/stm32wbxx_hal_rcc.c.obj
 .text.LL_RCC_IsActiveFlag_C2HPRE
                0x08000f8a       0x26 cmake/stm32cubemx/CMakeFiles/STM32_Drivers.dir/__/__/Drivers/STM32WBxx_HAL_Driver/Src/stm32wbxx_hal_rcc.c.obj
 .text.LL_RCC_IsActiveFlag_SHDHPRE
                0x08000fb0       0x26 cmake/stm32cubemx/CMakeFiles/STM32_Drivers.dir/__/__/Drivers/STM32WBxx_HAL_Driver/Src/stm32wbxx_hal_rcc.c.obj
 .text.LL_RCC_IsActiveFlag_PPRE1
                0x08000fd6       0x24 cmake/stm32cubemx/CMakeFiles/STM32_Drivers.dir/__/__/Drivers/STM32WBxx_HAL_Driver/Src/stm32wbxx_hal_rcc.c.obj
 .text.LL_RCC_IsActiveFlag_PPRE2
                0x08000ffa       0x24 cmake/stm32cubemx/CMakeFiles/STM32_Drivers.dir/__/__/Drivers/STM32WBxx_HAL_Driver/Src/stm32wbxx_hal_rcc.c.obj
 *fill*         0x0800101e        0x2 
 .text.HAL_RCC_OscConfig
                0x08001020      0x66c cmake/stm32cubemx/CMakeFiles/STM32_Drivers.dir/__/__/Drivers/STM32WBxx_HAL_Driver/Src/stm32wbxx_hal_rcc.c.obj
                0x08001020                HAL_RCC_OscConfig
 .text.HAL_RCC_ClockConfig
                0x0800168c      0x280 cmake/stm32cubemx/CMakeFiles/STM32_Drivers.dir/__/__/Drivers/STM32WBxx_HAL_Driver/Src/stm32wbxx_hal_rcc.c.obj
                0x0800168c                HAL_RCC_ClockConfig
 .text.HAL_RCC_GetSysClockFreq
                0x0800190c       0xd8 cmake/stm32cubemx/CMakeFiles/STM32_Drivers.dir/__/__/Drivers/STM32WBxx_HAL_Driver/Src/stm32wbxx_hal_rcc.c.obj
                0x0800190c                HAL_RCC_GetSysClockFreq
 .text.HAL_RCC_GetHCLKFreq
                0x080019e4       0x28 cmake/stm32cubemx/CMakeFiles/STM32_Drivers.dir/__/__/Drivers/STM32WBxx_HAL_Driver/Src/stm32wbxx_hal_rcc.c.obj
                0x080019e4                HAL_RCC_GetHCLKFreq
 .text.RCC_SetFlashLatencyFromMSIRange
                0x08001a0c       0x6c cmake/stm32cubemx/CMakeFiles/STM32_Drivers.dir/__/__/Drivers/STM32WBxx_HAL_Driver/Src/stm32wbxx_hal_rcc.c.obj
 .text.RCC_SetFlashLatency
                0x08001a78       0xa8 cmake/stm32cubemx/CMakeFiles/STM32_Drivers.dir/__/__/Drivers/STM32WBxx_HAL_Driver/Src/stm32wbxx_hal_rcc.c.obj
 .text.LL_RCC_LSE_IsEnabled
                0x08001b20       0x24 cmake/stm32cubemx/CMakeFiles/STM32_Drivers.dir/__/__/Drivers/STM32WBxx_HAL_Driver/Src/stm32wbxx_hal_rcc_ex.c.obj
 .text.LL_RCC_LSE_IsReady
                0x08001b44       0x24 cmake/stm32cubemx/CMakeFiles/STM32_Drivers.dir/__/__/Drivers/STM32WBxx_HAL_Driver/Src/stm32wbxx_hal_rcc_ex.c.obj
 .text.LL_RCC_SetRFWKPClockSource
                0x08001b68       0x2c cmake/stm32cubemx/CMakeFiles/STM32_Drivers.dir/__/__/Drivers/STM32WBxx_HAL_Driver/Src/stm32wbxx_hal_rcc_ex.c.obj
 .text.LL_RCC_SetSMPSClockSource
                0x08001b94       0x28 cmake/stm32cubemx/CMakeFiles/STM32_Drivers.dir/__/__/Drivers/STM32WBxx_HAL_Driver/Src/stm32wbxx_hal_rcc_ex.c.obj
 .text.LL_RCC_SetSMPSPrescaler
                0x08001bbc       0x28 cmake/stm32cubemx/CMakeFiles/STM32_Drivers.dir/__/__/Drivers/STM32WBxx_HAL_Driver/Src/stm32wbxx_hal_rcc_ex.c.obj
 .text.LL_RCC_SetUSARTClockSource
                0x08001be4       0x2c cmake/stm32cubemx/CMakeFiles/STM32_Drivers.dir/__/__/Drivers/STM32WBxx_HAL_Driver/Src/stm32wbxx_hal_rcc_ex.c.obj
 .text.LL_RCC_SetLPUARTClockSource
                0x08001c10       0x2c cmake/stm32cubemx/CMakeFiles/STM32_Drivers.dir/__/__/Drivers/STM32WBxx_HAL_Driver/Src/stm32wbxx_hal_rcc_ex.c.obj
 .text.LL_RCC_SetI2CClockSource
                0x08001c3c       0x3a cmake/stm32cubemx/CMakeFiles/STM32_Drivers.dir/__/__/Drivers/STM32WBxx_HAL_Driver/Src/stm32wbxx_hal_rcc_ex.c.obj
 .text.LL_RCC_SetLPTIMClockSource
                0x08001c76       0x34 cmake/stm32cubemx/CMakeFiles/STM32_Drivers.dir/__/__/Drivers/STM32WBxx_HAL_Driver/Src/stm32wbxx_hal_rcc_ex.c.obj
 .text.LL_RCC_SetRNGClockSource
                0x08001caa       0x2c cmake/stm32cubemx/CMakeFiles/STM32_Drivers.dir/__/__/Drivers/STM32WBxx_HAL_Driver/Src/stm32wbxx_hal_rcc_ex.c.obj
 .text.LL_RCC_SetCLK48ClockSource
                0x08001cd6       0x2c cmake/stm32cubemx/CMakeFiles/STM32_Drivers.dir/__/__/Drivers/STM32WBxx_HAL_Driver/Src/stm32wbxx_hal_rcc_ex.c.obj
 .text.LL_RCC_SetADCClockSource
                0x08001d02       0x2c cmake/stm32cubemx/CMakeFiles/STM32_Drivers.dir/__/__/Drivers/STM32WBxx_HAL_Driver/Src/stm32wbxx_hal_rcc_ex.c.obj
 .text.LL_RCC_SetRTCClockSource
                0x08001d2e       0x2c cmake/stm32cubemx/CMakeFiles/STM32_Drivers.dir/__/__/Drivers/STM32WBxx_HAL_Driver/Src/stm32wbxx_hal_rcc_ex.c.obj
 .text.LL_RCC_GetRTCClockSource
                0x08001d5a       0x1a cmake/stm32cubemx/CMakeFiles/STM32_Drivers.dir/__/__/Drivers/STM32WBxx_HAL_Driver/Src/stm32wbxx_hal_rcc_ex.c.obj
 .text.LL_RCC_ForceBackupDomainReset
                0x08001d74       0x22 cmake/stm32cubemx/CMakeFiles/STM32_Drivers.dir/__/__/Drivers/STM32WBxx_HAL_Driver/Src/stm32wbxx_hal_rcc_ex.c.obj
 .text.LL_RCC_ReleaseBackupDomainReset
                0x08001d96       0x22 cmake/stm32cubemx/CMakeFiles/STM32_Drivers.dir/__/__/Drivers/STM32WBxx_HAL_Driver/Src/stm32wbxx_hal_rcc_ex.c.obj
 .text.HAL_RCCEx_PeriphCLKConfig
                0x08001db8      0x1ec cmake/stm32cubemx/CMakeFiles/STM32_Drivers.dir/__/__/Drivers/STM32WBxx_HAL_Driver/Src/stm32wbxx_hal_rcc_ex.c.obj
                0x08001db8                HAL_RCCEx_PeriphCLKConfig
 .text.HAL_GPIO_Init
                0x08001fa4      0x2d0 cmake/stm32cubemx/CMakeFiles/STM32_Drivers.dir/__/__/Drivers/STM32WBxx_HAL_Driver/Src/stm32wbxx_hal_gpio.c.obj
                0x08001fa4                HAL_GPIO_Init
 .text.HAL_GPIO_WritePin
                0x08002274       0x30 cmake/stm32cubemx/CMakeFiles/STM32_Drivers.dir/__/__/Drivers/STM32WBxx_HAL_Driver/Src/stm32wbxx_hal_gpio.c.obj
                0x08002274                HAL_GPIO_WritePin
 .text.HAL_PWR_EnableBkUpAccess
                0x080022a4       0x20 cmake/stm32cubemx/CMakeFiles/STM32_Drivers.dir/__/__/Drivers/STM32WBxx_HAL_Driver/Src/stm32wbxx_hal_pwr.c.obj
                0x080022a4                HAL_PWR_EnableBkUpAccess
 .text.__NVIC_SetPriorityGrouping
                0x080022c4       0x48 cmake/stm32cubemx/CMakeFiles/STM32_Drivers.dir/__/__/Drivers/STM32WBxx_HAL_Driver/Src/stm32wbxx_hal_cortex.c.obj
 .text.__NVIC_GetPriorityGrouping
                0x0800230c       0x1c cmake/stm32cubemx/CMakeFiles/STM32_Drivers.dir/__/__/Drivers/STM32WBxx_HAL_Driver/Src/stm32wbxx_hal_cortex.c.obj
 .text.__NVIC_SetPriority
                0x08002328       0x54 cmake/stm32cubemx/CMakeFiles/STM32_Drivers.dir/__/__/Drivers/STM32WBxx_HAL_Driver/Src/stm32wbxx_hal_cortex.c.obj
 .text.NVIC_EncodePriority
                0x0800237c       0x66 cmake/stm32cubemx/CMakeFiles/STM32_Drivers.dir/__/__/Drivers/STM32WBxx_HAL_Driver/Src/stm32wbxx_hal_cortex.c.obj
 *fill*         0x080023e2        0x2 
 .text.SysTick_Config
                0x080023e4       0x44 cmake/stm32cubemx/CMakeFiles/STM32_Drivers.dir/__/__/Drivers/STM32WBxx_HAL_Driver/Src/stm32wbxx_hal_cortex.c.obj
 .text.HAL_NVIC_SetPriorityGrouping
                0x08002428       0x16 cmake/stm32cubemx/CMakeFiles/STM32_Drivers.dir/__/__/Drivers/STM32WBxx_HAL_Driver/Src/stm32wbxx_hal_cortex.c.obj
                0x08002428                HAL_NVIC_SetPriorityGrouping
 .text.HAL_NVIC_SetPriority
                0x0800243e       0x34 cmake/stm32cubemx/CMakeFiles/STM32_Drivers.dir/__/__/Drivers/STM32WBxx_HAL_Driver/Src/stm32wbxx_hal_cortex.c.obj
                0x0800243e                HAL_NVIC_SetPriority
 .text.HAL_SYSTICK_Config
                0x08002472       0x18 cmake/stm32cubemx/CMakeFiles/STM32_Drivers.dir/__/__/Drivers/STM32WBxx_HAL_Driver/Src/stm32wbxx_hal_cortex.c.obj
                0x08002472                HAL_SYSTICK_Config
 *fill*         0x0800248a        0x2 
 .text.HAL_Init
                0x0800248c       0x40 cmake/stm32cubemx/CMakeFiles/STM32_Drivers.dir/__/__/Drivers/STM32WBxx_HAL_Driver/Src/stm32wbxx_hal.c.obj
                0x0800248c                HAL_Init
 .text.HAL_InitTick
                0x080024cc       0x74 cmake/stm32cubemx/CMakeFiles/STM32_Drivers.dir/__/__/Drivers/STM32WBxx_HAL_Driver/Src/stm32wbxx_hal.c.obj
                0x080024cc                HAL_InitTick
 .text.HAL_IncTick
                0x08002540       0x28 cmake/stm32cubemx/CMakeFiles/STM32_Drivers.dir/__/__/Drivers/STM32WBxx_HAL_Driver/Src/stm32wbxx_hal.c.obj
                0x08002540                HAL_IncTick
 .text.HAL_GetTick
                0x08002568       0x18 cmake/stm32cubemx/CMakeFiles/STM32_Drivers.dir/__/__/Drivers/STM32WBxx_HAL_Driver/Src/stm32wbxx_hal.c.obj
                0x08002568                HAL_GetTick
 .text.HAL_GetTickPrio
                0x08002580       0x18 cmake/stm32cubemx/CMakeFiles/STM32_Drivers.dir/__/__/Drivers/STM32WBxx_HAL_Driver/Src/stm32wbxx_hal.c.obj
                0x08002580                HAL_GetTickPrio
 .text.HAL_I2C_Init
                0x08002598      0x136 cmake/stm32cubemx/CMakeFiles/STM32_Drivers.dir/__/__/Drivers/STM32WBxx_HAL_Driver/Src/stm32wbxx_hal_i2c.c.obj
                0x08002598                HAL_I2C_Init
 .text.HAL_I2CEx_ConfigAnalogFilter
                0x080026ce       0x96 cmake/stm32cubemx/CMakeFiles/STM32_Drivers.dir/__/__/Drivers/STM32WBxx_HAL_Driver/Src/stm32wbxx_hal_i2c_ex.c.obj
                0x080026ce                HAL_I2CEx_ConfigAnalogFilter
 .text.HAL_I2CEx_ConfigDigitalFilter
                0x08002764       0x98 cmake/stm32cubemx/CMakeFiles/STM32_Drivers.dir/__/__/Drivers/STM32WBxx_HAL_Driver/Src/stm32wbxx_hal_i2c_ex.c.obj
                0x08002764                HAL_I2CEx_ConfigDigitalFilter
 .text.LL_AHB2_GRP1_EnableClock
                0x080027fc       0x32 CMakeFiles/Switch_Board.dir/Core/Src/main.cpp.obj
 .text.main     0x0800282e       0x20 CMakeFiles/Switch_Board.dir/Core/Src/main.cpp.obj
                0x0800282e                main
 .text._Z18SystemClock_Configv
                0x0800284e       0xc2 CMakeFiles/Switch_Board.dir/Core/Src/main.cpp.obj
                0x0800284e                SystemClock_Config()
 .text._Z24PeriphCommonClock_Configv
                0x08002910       0x44 CMakeFiles/Switch_Board.dir/Core/Src/main.cpp.obj
                0x08002910                PeriphCommonClock_Config()
 .text._ZL12MX_ADC1_Initv
                0x08002954       0xcc CMakeFiles/Switch_Board.dir/Core/Src/main.cpp.obj
 .text._ZL12MX_I2C1_Initv
                0x08002a20       0x9c CMakeFiles/Switch_Board.dir/Core/Src/main.cpp.obj
 .text._ZL12MX_GPIO_Initv
                0x08002abc      0x10c CMakeFiles/Switch_Board.dir/Core/Src/main.cpp.obj
 .text.Error_Handler
                0x08002bc8        0xc CMakeFiles/Switch_Board.dir/Core/Src/main.cpp.obj
                0x08002bc8                Error_Handler
 .text.NMI_Handler
                0x08002bd4        0x8 CMakeFiles/Switch_Board.dir/Core/Src/stm32wbxx_it.c.obj
                0x08002bd4                NMI_Handler
 .text.HardFault_Handler
                0x08002bdc        0x8 CMakeFiles/Switch_Board.dir/Core/Src/stm32wbxx_it.c.obj
                0x08002bdc                HardFault_Handler
 .text.MemManage_Handler
                0x08002be4        0x8 CMakeFiles/Switch_Board.dir/Core/Src/stm32wbxx_it.c.obj
                0x08002be4                MemManage_Handler
 .text.BusFault_Handler
                0x08002bec        0x8 CMakeFiles/Switch_Board.dir/Core/Src/stm32wbxx_it.c.obj
                0x08002bec                BusFault_Handler
 .text.UsageFault_Handler
                0x08002bf4        0x8 CMakeFiles/Switch_Board.dir/Core/Src/stm32wbxx_it.c.obj
                0x08002bf4                UsageFault_Handler
 .text.SVC_Handler
                0x08002bfc        0xe CMakeFiles/Switch_Board.dir/Core/Src/stm32wbxx_it.c.obj
                0x08002bfc                SVC_Handler
 .text.DebugMon_Handler
                0x08002c0a        0xe CMakeFiles/Switch_Board.dir/Core/Src/stm32wbxx_it.c.obj
                0x08002c0a                DebugMon_Handler
 .text.PendSV_Handler
                0x08002c18        0xe CMakeFiles/Switch_Board.dir/Core/Src/stm32wbxx_it.c.obj
                0x08002c18                PendSV_Handler
 .text.SysTick_Handler
                0x08002c26        0xc CMakeFiles/Switch_Board.dir/Core/Src/stm32wbxx_it.c.obj
                0x08002c26                SysTick_Handler
 .text.LL_AHB2_GRP1_EnableClock
                0x08002c32       0x32 CMakeFiles/Switch_Board.dir/Core/Src/stm32wbxx_hal_msp.c.obj
 .text.LL_APB1_GRP1_EnableClock
                0x08002c64       0x32 CMakeFiles/Switch_Board.dir/Core/Src/stm32wbxx_hal_msp.c.obj
 .text.LL_APB2_GRP1_EnableClock
                0x08002c96       0x32 CMakeFiles/Switch_Board.dir/Core/Src/stm32wbxx_hal_msp.c.obj
 .text.HAL_MspInit
                0x08002cc8        0xe CMakeFiles/Switch_Board.dir/Core/Src/stm32wbxx_hal_msp.c.obj
                0x08002cc8                HAL_MspInit
 *fill*         0x08002cd6        0x2 
 .text.HAL_ADC_MspInit
                0x08002cd8       0x84 CMakeFiles/Switch_Board.dir/Core/Src/stm32wbxx_hal_msp.c.obj
                0x08002cd8                HAL_ADC_MspInit
 .text.HAL_I2C_MspInit
                0x08002d5c       0x8c CMakeFiles/Switch_Board.dir/Core/Src/stm32wbxx_hal_msp.c.obj
                0x08002d5c                HAL_I2C_MspInit
 .text.data_initializers
                0x08002de8       0x18 CMakeFiles/Switch_Board.dir/startup_stm32wb1mxx_cm4.s.obj
 .text.Reset_Handler
                0x08002e00       0x58 CMakeFiles/Switch_Board.dir/startup_stm32wb1mxx_cm4.s.obj
                0x08002e00                Reset_Handler
 .text.Default_Handler
                0x08002e58        0x2 CMakeFiles/Switch_Board.dir/startup_stm32wb1mxx_cm4.s.obj
                0x08002e58                RTC_Alarm_IRQHandler
                0x08002e58                EXTI2_IRQHandler
                0x08002e58                TIM1_CC_IRQHandler
                0x08002e58                TSC_IRQHandler
                0x08002e58                EXTI3_IRQHandler
                0x08002e58                LPTIM2_IRQHandler
                0x08002e58                EXTI0_IRQHandler
                0x08002e58                FPU_IRQHandler
                0x08002e58                SPI1_IRQHandler
                0x08002e58                DMA1_Channel4_IRQHandler
                0x08002e58                ADC1_IRQHandler
                0x08002e58                PWR_SOTF_BLEACT_RFPHASE_IRQHandler
                0x08002e58                PKA_IRQHandler
                0x08002e58                DMA1_Channel7_IRQHandler
                0x08002e58                IPCC_C1_TX_IRQHandler
                0x08002e58                I2C1_EV_IRQHandler
                0x08002e58                DMAMUX1_OVR_IRQHandler
                0x08002e58                DMA1_Channel6_IRQHandler
                0x08002e58                RCC_IRQHandler
                0x08002e58                TIM1_TRG_COM_IRQHandler
                0x08002e58                DMA1_Channel1_IRQHandler
                0x08002e58                Default_Handler
                0x08002e58                EXTI15_10_IRQHandler
                0x08002e58                IPCC_C1_RX_IRQHandler
                0x08002e58                C2SEV_PWR_C2H_IRQHandler
                0x08002e58                AES2_IRQHandler
                0x08002e58                EXTI9_5_IRQHandler
                0x08002e58                RTC_WKUP_IRQHandler
                0x08002e58                PVD_PVM_IRQHandler
                0x08002e58                DMA1_Channel5_IRQHandler
                0x08002e58                EXTI4_IRQHandler
                0x08002e58                RNG_IRQHandler
                0x08002e58                TAMP_STAMP_LSECSS_IRQHandler
                0x08002e58                DMA1_Channel3_IRQHandler
                0x08002e58                COMP_IRQHandler
                0x08002e58                HSEM_IRQHandler
                0x08002e58                TIM1_UP_IRQHandler
                0x08002e58                WWDG_IRQHandler
                0x08002e58                LPUART1_IRQHandler
                0x08002e58                TIM2_IRQHandler
                0x08002e58                TIM1_BRK_IRQHandler
                0x08002e58                EXTI1_IRQHandler
                0x08002e58                DMA1_Channel2_IRQHandler
                0x08002e58                FLASH_IRQHandler
                0x08002e58                USART1_IRQHandler
                0x08002e58                I2C1_ER_IRQHandler
                0x08002e58                LPTIM1_IRQHandler
 .text.memset   0x08002e5a       0x10 C:/PROGRA~2/Arm GNU Toolchain arm-none-eabi/14.3 rel1/bin/../lib/gcc/arm-none-eabi/14.3.1/../../../../arm-none-eabi/lib/thumb/v7e-m+fp/hard\libg_nano.a(libc_a-memset.o)
                0x08002e5a                memset
 *fill*         0x08002e6a        0x2 
 .text.__libc_init_array
                0x08002e6c       0x48 C:/PROGRA~2/Arm GNU Toolchain arm-none-eabi/14.3 rel1/bin/../lib/gcc/arm-none-eabi/14.3.1/../../../../arm-none-eabi/lib/thumb/v7e-m+fp/hard\libg_nano.a(libc_a-init.o)
                0x08002e6c                __libc_init_array
 *(.glue_7)
 .glue_7        0x08002eb4        0x0 linker stubs
 *(.glue_7t)
 .glue_7t       0x08002eb4        0x0 linker stubs
 *(.eh_frame)
 .eh_frame      0x08002eb4        0x0 C:/PROGRA~2/Arm GNU Toolchain arm-none-eabi/14.3 rel1/bin/../lib/gcc/arm-none-eabi/14.3.1/thumb/v7e-m+fp/hard/crtbegin.o
 *(.init)
 .init          0x08002eb4        0x4 C:/PROGRA~2/Arm GNU Toolchain arm-none-eabi/14.3 rel1/bin/../lib/gcc/arm-none-eabi/14.3.1/thumb/v7e-m+fp/hard/crti.o
                0x08002eb4                _init
 .init          0x08002eb8        0x8 C:/PROGRA~2/Arm GNU Toolchain arm-none-eabi/14.3 rel1/bin/../lib/gcc/arm-none-eabi/14.3.1/thumb/v7e-m+fp/hard/crtn.o
 *(.fini)
 .fini          0x08002ec0        0x4 C:/PROGRA~2/Arm GNU Toolchain arm-none-eabi/14.3 rel1/bin/../lib/gcc/arm-none-eabi/14.3.1/thumb/v7e-m+fp/hard/crti.o
                0x08002ec0                _fini
 .fini          0x08002ec4        0x8 C:/PROGRA~2/Arm GNU Toolchain arm-none-eabi/14.3 rel1/bin/../lib/gcc/arm-none-eabi/14.3.1/thumb/v7e-m+fp/hard/crtn.o
                0x08002ecc                        . = ALIGN (0x4)
                0x08002ecc                        _etext = .

.vfp11_veneer   0x08002ecc        0x0
 .vfp11_veneer  0x08002ecc        0x0 linker stubs

.v4_bx          0x08002ecc        0x0
 .v4_bx         0x08002ecc        0x0 linker stubs

.iplt           0x08002ecc        0x0
 .iplt          0x08002ecc        0x0 C:/PROGRA~2/Arm GNU Toolchain arm-none-eabi/14.3 rel1/bin/../lib/gcc/arm-none-eabi/14.3.1/thumb/v7e-m+fp/hard/crtbegin.o

.rodata         0x08002ecc       0xa0
                0x08002ecc                        . = ALIGN (0x4)
 *(.rodata)
 .rodata        0x08002ecc       0x20 cmake/stm32cubemx/CMakeFiles/STM32_Drivers.dir/__/__/Drivers/STM32WBxx_HAL_Driver/Src/stm32wbxx_hal_rcc.c.obj
 *(.rodata*)
 .rodata.AHBPrescTable
                0x08002eec       0x40 cmake/stm32cubemx/CMakeFiles/STM32_Drivers.dir/__/__/Core/Src/system_stm32wbxx.c.obj
                0x08002eec                AHBPrescTable
 .rodata.MSIRangeTable
                0x08002f2c       0x40 cmake/stm32cubemx/CMakeFiles/STM32_Drivers.dir/__/__/Core/Src/system_stm32wbxx.c.obj
                0x08002f2c                MSIRangeTable
                0x08002f6c                        . = ALIGN (0x4)

.ARM.extab
 *(.ARM.extab* .gnu.linkonce.armextab.*)

.ARM            0x08002f6c        0x0
                0x08002f6c                        __exidx_start = .
 *(.ARM.exidx*)
                0x08002f6c                        __exidx_end = .

.preinit_array  0x08002f6c        0x0
                0x08002f6c                        PROVIDE (__preinit_array_start = .)
 *(.preinit_array*)
                0x08002f6c                        PROVIDE (__preinit_array_end = .)

.init_array     0x08002f6c        0x4
                0x08002f6c                        PROVIDE (__init_array_start = .)
 *(SORT_BY_NAME(.init_array.*))
 *(.init_array*)
 .init_array    0x08002f6c        0x4 C:/PROGRA~2/Arm GNU Toolchain arm-none-eabi/14.3 rel1/bin/../lib/gcc/arm-none-eabi/14.3.1/thumb/v7e-m+fp/hard/crtbegin.o
                0x08002f70                        PROVIDE (__init_array_end = .)

.fini_array     0x08002f70        0x4
                [!provide]                        PROVIDE (__fini_array_start = .)
 *(SORT_BY_NAME(.fini_array.*))
 *(.fini_array*)
 .fini_array    0x08002f70        0x4 C:/PROGRA~2/Arm GNU Toolchain arm-none-eabi/14.3 rel1/bin/../lib/gcc/arm-none-eabi/14.3.1/thumb/v7e-m+fp/hard/crtbegin.o
                [!provide]                        PROVIDE (__fini_array_end = .)
                0x08002f74                        _sidata = LOADADDR (.data)

.rel.dyn        0x08002f74        0x0
 .rel.iplt      0x08002f74        0x0 C:/PROGRA~2/Arm GNU Toolchain arm-none-eabi/14.3 rel1/bin/../lib/gcc/arm-none-eabi/14.3.1/thumb/v7e-m+fp/hard/crtbegin.o

.data           0x20000008        0xc load address 0x08002f74
                0x20000008                        . = ALIGN (0x4)
                0x20000008                        _sdata = .
 *(.data)
 *(.data*)
 .data.SystemCoreClock
                0x20000008        0x4 cmake/stm32cubemx/CMakeFiles/STM32_Drivers.dir/__/__/Core/Src/system_stm32wbxx.c.obj
                0x20000008                SystemCoreClock
 .data.uwTickPrio
                0x2000000c        0x4 cmake/stm32cubemx/CMakeFiles/STM32_Drivers.dir/__/__/Drivers/STM32WBxx_HAL_Driver/Src/stm32wbxx_hal.c.obj
                0x2000000c                uwTickPrio
 .data.uwTickFreq
                0x20000010        0x1 cmake/stm32cubemx/CMakeFiles/STM32_Drivers.dir/__/__/Drivers/STM32WBxx_HAL_Driver/Src/stm32wbxx_hal.c.obj
                0x20000010                uwTickFreq
 *(.RamFunc)
 *(.RamFunc*)
                0x20000014                        . = ALIGN (0x4)
 *fill*         0x20000011        0x3 

.tm_clone_table
                0x20000014        0x0 load address 0x08002f80
 .tm_clone_table
                0x20000014        0x0 C:/PROGRA~2/Arm GNU Toolchain arm-none-eabi/14.3 rel1/bin/../lib/gcc/arm-none-eabi/14.3.1/thumb/v7e-m+fp/hard/crtbegin.o
 .tm_clone_table
                0x20000014        0x0 C:/PROGRA~2/Arm GNU Toolchain arm-none-eabi/14.3 rel1/bin/../lib/gcc/arm-none-eabi/14.3.1/thumb/v7e-m+fp/hard/crtend.o

.igot.plt       0x20000014        0x0 load address 0x08002f80
 .igot.plt      0x20000014        0x0 C:/PROGRA~2/Arm GNU Toolchain arm-none-eabi/14.3 rel1/bin/../lib/gcc/arm-none-eabi/14.3.1/thumb/v7e-m+fp/hard/crtbegin.o

.tdata          0x20000014        0x0 load address 0x08002f80
 *(.tdata .tdata.* .gnu.linkonce.td.*)
                0x20000014                        . = ALIGN (0x4)
                0x20000014                        _edata = .
                [!provide]                        PROVIDE (__data_end = .)
                [!provide]                        PROVIDE (__tdata_end = .)
                [!provide]                        PROVIDE (__tdata_start = ADDR (.tdata))
                [!provide]                        PROVIDE (__tdata_size = (__tdata_end - __tdata_start))
                [!provide]                        PROVIDE (__data_start = ADDR (.data))
                [!provide]                        PROVIDE (__data_size = (__data_end - __data_start))
                [!provide]                        PROVIDE (__tdata_source = LOADADDR (.tdata))
                [!provide]                        PROVIDE (__tdata_source_end = (LOADADDR (.tdata) + SIZEOF (.tdata)))
                [!provide]                        PROVIDE (__tdata_source_size = (__tdata_source_end - __tdata_source))
                [!provide]                        PROVIDE (__data_source = LOADADDR (.data))
                [!provide]                        PROVIDE (__data_source_end = __tdata_source_end)
                [!provide]                        PROVIDE (__data_source_size = (__data_source_end - __data_source))

.tbss           0x20000014        0x0 load address 0x08002f80
                0x20000014                        _sbss = .
                0x20000014                        __bss_start__ = _sbss
 *(.tbss .tbss.*)
                0x20000014                        . = ALIGN (0x4)
                [!provide]                        PROVIDE (__tbss_end = .)
                [!provide]                        PROVIDE (__tbss_start = ADDR (.tbss))
                [!provide]                        PROVIDE (__tbss_size = (__tbss_end - __tbss_start))
                [!provide]                        PROVIDE (__tbss_offset = (ADDR (.tbss) - ADDR (.tdata)))
                [!provide]                        PROVIDE (__tls_base = __tdata_start)
                [!provide]                        PROVIDE (__tls_end = __tbss_end)
                [!provide]                        PROVIDE (__tls_size = (__tls_end - __tls_base))
                [!provide]                        PROVIDE (__tls_align = MAX (ALIGNOF (.tdata), ALIGNOF (.tbss)))
                [!provide]                        PROVIDE (__tls_size_align = (((__tls_size + __tls_align) - 0x1) & ~ ((__tls_align - 0x1))))
                [!provide]                        PROVIDE (__arm32_tls_tcb_offset = MAX (0x8, __tls_align))
                [!provide]                        PROVIDE (__arm64_tls_tcb_offset = MAX (0x10, __tls_align))

.bss            0x20000014       0xc8 load address 0x08002f80
 *(.bss)
 *(.bss*)
 .bss.completed.1
                0x20000014        0x1 C:/PROGRA~2/Arm GNU Toolchain arm-none-eabi/14.3 rel1/bin/../lib/gcc/arm-none-eabi/14.3.1/thumb/v7e-m+fp/hard/crtbegin.o
 *fill*         0x20000015        0x3 
 .bss.object.0  0x20000018       0x18 C:/PROGRA~2/Arm GNU Toolchain arm-none-eabi/14.3 rel1/bin/../lib/gcc/arm-none-eabi/14.3.1/thumb/v7e-m+fp/hard/crtbegin.o
 .bss.uwTick    0x20000030        0x4 cmake/stm32cubemx/CMakeFiles/STM32_Drivers.dir/__/__/Drivers/STM32WBxx_HAL_Driver/Src/stm32wbxx_hal.c.obj
                0x20000030                uwTick
 .bss.hadc1     0x20000034       0x54 CMakeFiles/Switch_Board.dir/Core/Src/main.cpp.obj
                0x20000034                hadc1
 .bss.hi2c1     0x20000088       0x54 CMakeFiles/Switch_Board.dir/Core/Src/main.cpp.obj
                0x20000088                hi2c1
 *(COMMON)
                0x200000dc                        . = ALIGN (0x4)
                0x200000dc                        _ebss = .
                0x200000dc                        __bss_end__ = _ebss
                [!provide]                        PROVIDE (__bss_end = .)
                [!provide]                        PROVIDE (__non_tls_bss_start = ADDR (.bss))
                [!provide]                        PROVIDE (__bss_start = __tbss_start)
                [!provide]                        PROVIDE (__bss_size = (__bss_end - __bss_start))

._user_heap_stack
                0x200000dc      0x604 load address 0x08002f80
                0x200000e0                        . = ALIGN (0x8)
 *fill*         0x200000dc        0x4 
                [!provide]                        PROVIDE (end = .)
                0x200000e0                        PROVIDE (_end = .)
                0x200002e0                        . = (. + _Min_Heap_Size)
 *fill*         0x200000e0      0x200 
                0x200006e0                        . = (. + _Min_Stack_Size)
 *fill*         0x200002e0      0x400 
                0x200006e0                        . = ALIGN (0x8)

/DISCARD/
 libc.a:*(*)
 libm.a:*(*)
 libgcc.a:*(*)

.ARM.attributes
                0x00000000       0x30
 *(.ARM.attributes)
 .ARM.attributes
                0x00000000       0x22 C:/PROGRA~2/Arm GNU Toolchain arm-none-eabi/14.3 rel1/bin/../lib/gcc/arm-none-eabi/14.3.1/thumb/v7e-m+fp/hard/crti.o
 .ARM.attributes
                0x00000022       0x34 C:/PROGRA~2/Arm GNU Toolchain arm-none-eabi/14.3 rel1/bin/../lib/gcc/arm-none-eabi/14.3.1/thumb/v7e-m+fp/hard/crtbegin.o
 .ARM.attributes
                0x00000056       0x34 cmake/stm32cubemx/CMakeFiles/STM32_Drivers.dir/__/__/Core/Src/system_stm32wbxx.c.obj
 .ARM.attributes
                0x0000008a       0x34 cmake/stm32cubemx/CMakeFiles/STM32_Drivers.dir/__/__/Drivers/STM32WBxx_HAL_Driver/Src/stm32wbxx_hal_adc.c.obj
 .ARM.attributes
                0x000000be       0x34 cmake/stm32cubemx/CMakeFiles/STM32_Drivers.dir/__/__/Drivers/STM32WBxx_HAL_Driver/Src/stm32wbxx_hal_rcc.c.obj
 .ARM.attributes
                0x000000f2       0x34 cmake/stm32cubemx/CMakeFiles/STM32_Drivers.dir/__/__/Drivers/STM32WBxx_HAL_Driver/Src/stm32wbxx_hal_rcc_ex.c.obj
 .ARM.attributes
                0x00000126       0x34 cmake/stm32cubemx/CMakeFiles/STM32_Drivers.dir/__/__/Drivers/STM32WBxx_HAL_Driver/Src/stm32wbxx_hal_gpio.c.obj
 .ARM.attributes
                0x0000015a       0x34 cmake/stm32cubemx/CMakeFiles/STM32_Drivers.dir/__/__/Drivers/STM32WBxx_HAL_Driver/Src/stm32wbxx_hal_pwr.c.obj
 .ARM.attributes
                0x0000018e       0x34 cmake/stm32cubemx/CMakeFiles/STM32_Drivers.dir/__/__/Drivers/STM32WBxx_HAL_Driver/Src/stm32wbxx_hal_cortex.c.obj
 .ARM.attributes
                0x000001c2       0x34 cmake/stm32cubemx/CMakeFiles/STM32_Drivers.dir/__/__/Drivers/STM32WBxx_HAL_Driver/Src/stm32wbxx_hal.c.obj
 .ARM.attributes
                0x000001f6       0x34 cmake/stm32cubemx/CMakeFiles/STM32_Drivers.dir/__/__/Drivers/STM32WBxx_HAL_Driver/Src/stm32wbxx_hal_i2c.c.obj
 .ARM.attributes
                0x0000022a       0x34 cmake/stm32cubemx/CMakeFiles/STM32_Drivers.dir/__/__/Drivers/STM32WBxx_HAL_Driver/Src/stm32wbxx_hal_i2c_ex.c.obj
 .ARM.attributes
                0x0000025e       0x34 CMakeFiles/Switch_Board.dir/Core/Src/main.cpp.obj
 .ARM.attributes
                0x00000292       0x34 CMakeFiles/Switch_Board.dir/Core/Src/stm32wbxx_it.c.obj
 .ARM.attributes
                0x000002c6       0x34 CMakeFiles/Switch_Board.dir/Core/Src/stm32wbxx_hal_msp.c.obj
 .ARM.attributes
                0x000002fa       0x21 CMakeFiles/Switch_Board.dir/startup_stm32wb1mxx_cm4.s.obj
 .ARM.attributes
                0x0000031b       0x34 C:/PROGRA~2/Arm GNU Toolchain arm-none-eabi/14.3 rel1/bin/../lib/gcc/arm-none-eabi/14.3.1/../../../../arm-none-eabi/lib/thumb/v7e-m+fp/hard\libg_nano.a(libc_a-memset.o)
 .ARM.attributes
                0x0000034f       0x34 C:/PROGRA~2/Arm GNU Toolchain arm-none-eabi/14.3 rel1/bin/../lib/gcc/arm-none-eabi/14.3.1/../../../../arm-none-eabi/lib/thumb/v7e-m+fp/hard\libg_nano.a(libc_a-init.o)
 .ARM.attributes
                0x00000383       0x34 C:/PROGRA~2/Arm GNU Toolchain arm-none-eabi/14.3 rel1/bin/../lib/gcc/arm-none-eabi/14.3.1/thumb/v7e-m+fp/hard/crtend.o
 .ARM.attributes
                0x000003b7       0x22 C:/PROGRA~2/Arm GNU Toolchain arm-none-eabi/14.3 rel1/bin/../lib/gcc/arm-none-eabi/14.3.1/thumb/v7e-m+fp/hard/crtn.o

MAPPING_TABLE
 *(MAPPING_TABLE)

MB_MEM1
 *(MB_MEM1)
                0x08002f80                        _siMB_MEM2 = LOADADDR (.MB_MEM2)

.MB_MEM2        0x20030000        0x0 load address 0x08002f80
                0x20030000                        _sMB_MEM2 = .
 *(MB_MEM2)
                0x20030000                        _eMB_MEM2 = .
OUTPUT(Switch_Board.elf elf32-littlearm)
LOAD linker stubs

.debug_info     0x00000000     0xc297
 .debug_info    0x00000000      0x705 cmake/stm32cubemx/CMakeFiles/STM32_Drivers.dir/__/__/Core/Src/system_stm32wbxx.c.obj
 .debug_info    0x00000705     0x1451 cmake/stm32cubemx/CMakeFiles/STM32_Drivers.dir/__/__/Drivers/STM32WBxx_HAL_Driver/Src/stm32wbxx_hal_adc.c.obj
 .debug_info    0x00001b56     0x141b cmake/stm32cubemx/CMakeFiles/STM32_Drivers.dir/__/__/Drivers/STM32WBxx_HAL_Driver/Src/stm32wbxx_hal_rcc.c.obj
 .debug_info    0x00002f71     0x14b1 cmake/stm32cubemx/CMakeFiles/STM32_Drivers.dir/__/__/Drivers/STM32WBxx_HAL_Driver/Src/stm32wbxx_hal_rcc_ex.c.obj
 .debug_info    0x00004422      0x6aa cmake/stm32cubemx/CMakeFiles/STM32_Drivers.dir/__/__/Drivers/STM32WBxx_HAL_Driver/Src/stm32wbxx_hal_gpio.c.obj
 .debug_info    0x00004acc      0x906 cmake/stm32cubemx/CMakeFiles/STM32_Drivers.dir/__/__/Drivers/STM32WBxx_HAL_Driver/Src/stm32wbxx_hal_pwr.c.obj
 .debug_info    0x000053d2      0xc67 cmake/stm32cubemx/CMakeFiles/STM32_Drivers.dir/__/__/Drivers/STM32WBxx_HAL_Driver/Src/stm32wbxx_hal_cortex.c.obj
 .debug_info    0x00006039     0x108c cmake/stm32cubemx/CMakeFiles/STM32_Drivers.dir/__/__/Drivers/STM32WBxx_HAL_Driver/Src/stm32wbxx_hal.c.obj
 .debug_info    0x000070c5     0x21ff cmake/stm32cubemx/CMakeFiles/STM32_Drivers.dir/__/__/Drivers/STM32WBxx_HAL_Driver/Src/stm32wbxx_hal_i2c.c.obj
 .debug_info    0x000092c4      0x8fc cmake/stm32cubemx/CMakeFiles/STM32_Drivers.dir/__/__/Drivers/STM32WBxx_HAL_Driver/Src/stm32wbxx_hal_i2c_ex.c.obj
 .debug_info    0x00009bc0     0x1483 CMakeFiles/Switch_Board.dir/Core/Src/main.cpp.obj
 .debug_info    0x0000b043      0x113 CMakeFiles/Switch_Board.dir/Core/Src/stm32wbxx_it.c.obj
 .debug_info    0x0000b156     0x1111 CMakeFiles/Switch_Board.dir/Core/Src/stm32wbxx_hal_msp.c.obj
 .debug_info    0x0000c267       0x30 CMakeFiles/Switch_Board.dir/startup_stm32wb1mxx_cm4.s.obj

.debug_abbrev   0x00000000     0x1e7b
 .debug_abbrev  0x00000000      0x13b cmake/stm32cubemx/CMakeFiles/STM32_Drivers.dir/__/__/Core/Src/system_stm32wbxx.c.obj
 .debug_abbrev  0x0000013b      0x2b9 cmake/stm32cubemx/CMakeFiles/STM32_Drivers.dir/__/__/Drivers/STM32WBxx_HAL_Driver/Src/stm32wbxx_hal_adc.c.obj
 .debug_abbrev  0x000003f4      0x31d cmake/stm32cubemx/CMakeFiles/STM32_Drivers.dir/__/__/Drivers/STM32WBxx_HAL_Driver/Src/stm32wbxx_hal_rcc.c.obj
 .debug_abbrev  0x00000711      0x342 cmake/stm32cubemx/CMakeFiles/STM32_Drivers.dir/__/__/Drivers/STM32WBxx_HAL_Driver/Src/stm32wbxx_hal_rcc_ex.c.obj
 .debug_abbrev  0x00000a53      0x1e5 cmake/stm32cubemx/CMakeFiles/STM32_Drivers.dir/__/__/Drivers/STM32WBxx_HAL_Driver/Src/stm32wbxx_hal_gpio.c.obj
 .debug_abbrev  0x00000c38      0x205 cmake/stm32cubemx/CMakeFiles/STM32_Drivers.dir/__/__/Drivers/STM32WBxx_HAL_Driver/Src/stm32wbxx_hal_pwr.c.obj
 .debug_abbrev  0x00000e3d      0x319 cmake/stm32cubemx/CMakeFiles/STM32_Drivers.dir/__/__/Drivers/STM32WBxx_HAL_Driver/Src/stm32wbxx_hal_cortex.c.obj
 .debug_abbrev  0x00001156      0x34c cmake/stm32cubemx/CMakeFiles/STM32_Drivers.dir/__/__/Drivers/STM32WBxx_HAL_Driver/Src/stm32wbxx_hal.c.obj
 .debug_abbrev  0x000014a2      0x26f cmake/stm32cubemx/CMakeFiles/STM32_Drivers.dir/__/__/Drivers/STM32WBxx_HAL_Driver/Src/stm32wbxx_hal_i2c.c.obj
 .debug_abbrev  0x00001711      0x1d7 cmake/stm32cubemx/CMakeFiles/STM32_Drivers.dir/__/__/Drivers/STM32WBxx_HAL_Driver/Src/stm32wbxx_hal_i2c_ex.c.obj
 .debug_abbrev  0x000018e8      0x2c1 CMakeFiles/Switch_Board.dir/Core/Src/main.cpp.obj
 .debug_abbrev  0x00001ba9       0x73 CMakeFiles/Switch_Board.dir/Core/Src/stm32wbxx_it.c.obj
 .debug_abbrev  0x00001c1c      0x23b CMakeFiles/Switch_Board.dir/Core/Src/stm32wbxx_hal_msp.c.obj
 .debug_abbrev  0x00001e57       0x24 CMakeFiles/Switch_Board.dir/startup_stm32wb1mxx_cm4.s.obj

.debug_aranges  0x00000000      0xf10
 .debug_aranges
                0x00000000       0x28 cmake/stm32cubemx/CMakeFiles/STM32_Drivers.dir/__/__/Core/Src/system_stm32wbxx.c.obj
 .debug_aranges
                0x00000028      0x1b0 cmake/stm32cubemx/CMakeFiles/STM32_Drivers.dir/__/__/Drivers/STM32WBxx_HAL_Driver/Src/stm32wbxx_hal_adc.c.obj
 .debug_aranges
                0x000001d8      0x250 cmake/stm32cubemx/CMakeFiles/STM32_Drivers.dir/__/__/Drivers/STM32WBxx_HAL_Driver/Src/stm32wbxx_hal_rcc.c.obj
 .debug_aranges
                0x00000428      0x250 cmake/stm32cubemx/CMakeFiles/STM32_Drivers.dir/__/__/Drivers/STM32WBxx_HAL_Driver/Src/stm32wbxx_hal_rcc_ex.c.obj
 .debug_aranges
                0x00000678       0x60 cmake/stm32cubemx/CMakeFiles/STM32_Drivers.dir/__/__/Drivers/STM32WBxx_HAL_Driver/Src/stm32wbxx_hal_gpio.c.obj
 .debug_aranges
                0x000006d8       0xd0 cmake/stm32cubemx/CMakeFiles/STM32_Drivers.dir/__/__/Drivers/STM32WBxx_HAL_Driver/Src/stm32wbxx_hal_pwr.c.obj
 .debug_aranges
                0x000007a8      0x118 cmake/stm32cubemx/CMakeFiles/STM32_Drivers.dir/__/__/Drivers/STM32WBxx_HAL_Driver/Src/stm32wbxx_hal_cortex.c.obj
 .debug_aranges
                0x000008c0      0x218 cmake/stm32cubemx/CMakeFiles/STM32_Drivers.dir/__/__/Drivers/STM32WBxx_HAL_Driver/Src/stm32wbxx_hal.c.obj
 .debug_aranges
                0x00000ad8      0x2a0 cmake/stm32cubemx/CMakeFiles/STM32_Drivers.dir/__/__/Drivers/STM32WBxx_HAL_Driver/Src/stm32wbxx_hal_i2c.c.obj
 .debug_aranges
                0x00000d78       0x48 cmake/stm32cubemx/CMakeFiles/STM32_Drivers.dir/__/__/Drivers/STM32WBxx_HAL_Driver/Src/stm32wbxx_hal_i2c_ex.c.obj
 .debug_aranges
                0x00000dc0       0x58 CMakeFiles/Switch_Board.dir/Core/Src/main.cpp.obj
 .debug_aranges
                0x00000e18       0x60 CMakeFiles/Switch_Board.dir/Core/Src/stm32wbxx_it.c.obj
 .debug_aranges
                0x00000e78       0x68 CMakeFiles/Switch_Board.dir/Core/Src/stm32wbxx_hal_msp.c.obj
 .debug_aranges
                0x00000ee0       0x30 CMakeFiles/Switch_Board.dir/startup_stm32wb1mxx_cm4.s.obj

.debug_rnglists
                0x00000000      0xb67
 .debug_rnglists
                0x00000000       0x1b cmake/stm32cubemx/CMakeFiles/STM32_Drivers.dir/__/__/Core/Src/system_stm32wbxx.c.obj
 .debug_rnglists
                0x0000001b      0x14d cmake/stm32cubemx/CMakeFiles/STM32_Drivers.dir/__/__/Drivers/STM32WBxx_HAL_Driver/Src/stm32wbxx_hal_adc.c.obj
 .debug_rnglists
                0x00000168      0x1be cmake/stm32cubemx/CMakeFiles/STM32_Drivers.dir/__/__/Drivers/STM32WBxx_HAL_Driver/Src/stm32wbxx_hal_rcc.c.obj
 .debug_rnglists
                0x00000326      0x1bd cmake/stm32cubemx/CMakeFiles/STM32_Drivers.dir/__/__/Drivers/STM32WBxx_HAL_Driver/Src/stm32wbxx_hal_rcc_ex.c.obj
 .debug_rnglists
                0x000004e3       0x45 cmake/stm32cubemx/CMakeFiles/STM32_Drivers.dir/__/__/Drivers/STM32WBxx_HAL_Driver/Src/stm32wbxx_hal_gpio.c.obj
 .debug_rnglists
                0x00000528       0x99 cmake/stm32cubemx/CMakeFiles/STM32_Drivers.dir/__/__/Drivers/STM32WBxx_HAL_Driver/Src/stm32wbxx_hal_pwr.c.obj
 .debug_rnglists
                0x000005c1       0xce cmake/stm32cubemx/CMakeFiles/STM32_Drivers.dir/__/__/Drivers/STM32WBxx_HAL_Driver/Src/stm32wbxx_hal_cortex.c.obj
 .debug_rnglists
                0x0000068f      0x18d cmake/stm32cubemx/CMakeFiles/STM32_Drivers.dir/__/__/Drivers/STM32WBxx_HAL_Driver/Src/stm32wbxx_hal.c.obj
 .debug_rnglists
                0x0000081c      0x228 cmake/stm32cubemx/CMakeFiles/STM32_Drivers.dir/__/__/Drivers/STM32WBxx_HAL_Driver/Src/stm32wbxx_hal_i2c.c.obj
 .debug_rnglists
                0x00000a44       0x35 cmake/stm32cubemx/CMakeFiles/STM32_Drivers.dir/__/__/Drivers/STM32WBxx_HAL_Driver/Src/stm32wbxx_hal_i2c_ex.c.obj
 .debug_rnglists
                0x00000a79       0x41 CMakeFiles/Switch_Board.dir/Core/Src/main.cpp.obj
 .debug_rnglists
                0x00000aba       0x43 CMakeFiles/Switch_Board.dir/Core/Src/stm32wbxx_it.c.obj
 .debug_rnglists
                0x00000afd       0x4b CMakeFiles/Switch_Board.dir/Core/Src/stm32wbxx_hal_msp.c.obj
 .debug_rnglists
                0x00000b48       0x1f CMakeFiles/Switch_Board.dir/startup_stm32wb1mxx_cm4.s.obj

.debug_macro    0x00000000    0x1e592
 .debug_macro   0x00000000      0x237 cmake/stm32cubemx/CMakeFiles/STM32_Drivers.dir/__/__/Core/Src/system_stm32wbxx.c.obj
 .debug_macro   0x00000237      0xad8 cmake/stm32cubemx/CMakeFiles/STM32_Drivers.dir/__/__/Core/Src/system_stm32wbxx.c.obj
 .debug_macro   0x00000d0f       0x2e cmake/stm32cubemx/CMakeFiles/STM32_Drivers.dir/__/__/Core/Src/system_stm32wbxx.c.obj
 .debug_macro   0x00000d3d       0x2e cmake/stm32cubemx/CMakeFiles/STM32_Drivers.dir/__/__/Core/Src/system_stm32wbxx.c.obj
 .debug_macro   0x00000d6b       0x22 cmake/stm32cubemx/CMakeFiles/STM32_Drivers.dir/__/__/Core/Src/system_stm32wbxx.c.obj
 .debug_macro   0x00000d8d       0x8e cmake/stm32cubemx/CMakeFiles/STM32_Drivers.dir/__/__/Core/Src/system_stm32wbxx.c.obj
 .debug_macro   0x00000e1b       0x51 cmake/stm32cubemx/CMakeFiles/STM32_Drivers.dir/__/__/Core/Src/system_stm32wbxx.c.obj
 .debug_macro   0x00000e6c      0x103 cmake/stm32cubemx/CMakeFiles/STM32_Drivers.dir/__/__/Core/Src/system_stm32wbxx.c.obj
 .debug_macro   0x00000f6f       0x6a cmake/stm32cubemx/CMakeFiles/STM32_Drivers.dir/__/__/Core/Src/system_stm32wbxx.c.obj
 .debug_macro   0x00000fd9      0x1df cmake/stm32cubemx/CMakeFiles/STM32_Drivers.dir/__/__/Core/Src/system_stm32wbxx.c.obj
 .debug_macro   0x000011b8       0x1c cmake/stm32cubemx/CMakeFiles/STM32_Drivers.dir/__/__/Core/Src/system_stm32wbxx.c.obj
 .debug_macro   0x000011d4       0x22 cmake/stm32cubemx/CMakeFiles/STM32_Drivers.dir/__/__/Core/Src/system_stm32wbxx.c.obj
 .debug_macro   0x000011f6       0xfb cmake/stm32cubemx/CMakeFiles/STM32_Drivers.dir/__/__/Core/Src/system_stm32wbxx.c.obj
 .debug_macro   0x000012f1     0x1011 cmake/stm32cubemx/CMakeFiles/STM32_Drivers.dir/__/__/Core/Src/system_stm32wbxx.c.obj
 .debug_macro   0x00002302      0x11f cmake/stm32cubemx/CMakeFiles/STM32_Drivers.dir/__/__/Core/Src/system_stm32wbxx.c.obj
 .debug_macro   0x00002421     0xeef9 cmake/stm32cubemx/CMakeFiles/STM32_Drivers.dir/__/__/Core/Src/system_stm32wbxx.c.obj
 .debug_macro   0x0001131a       0x6c cmake/stm32cubemx/CMakeFiles/STM32_Drivers.dir/__/__/Core/Src/system_stm32wbxx.c.obj
 .debug_macro   0x00011386      0x130 cmake/stm32cubemx/CMakeFiles/STM32_Drivers.dir/__/__/Core/Src/system_stm32wbxx.c.obj
 .debug_macro   0x000114b6     0x350b cmake/stm32cubemx/CMakeFiles/STM32_Drivers.dir/__/__/Core/Src/system_stm32wbxx.c.obj
 .debug_macro   0x000149c1      0x190 cmake/stm32cubemx/CMakeFiles/STM32_Drivers.dir/__/__/Core/Src/system_stm32wbxx.c.obj
 .debug_macro   0x00014b51       0x5c cmake/stm32cubemx/CMakeFiles/STM32_Drivers.dir/__/__/Core/Src/system_stm32wbxx.c.obj
 .debug_macro   0x00014bad      0x331 cmake/stm32cubemx/CMakeFiles/STM32_Drivers.dir/__/__/Core/Src/system_stm32wbxx.c.obj
 .debug_macro   0x00014ede      0x286 cmake/stm32cubemx/CMakeFiles/STM32_Drivers.dir/__/__/Core/Src/system_stm32wbxx.c.obj
 .debug_macro   0x00015164      0x2ce cmake/stm32cubemx/CMakeFiles/STM32_Drivers.dir/__/__/Core/Src/system_stm32wbxx.c.obj
 .debug_macro   0x00015432      0x17e cmake/stm32cubemx/CMakeFiles/STM32_Drivers.dir/__/__/Core/Src/system_stm32wbxx.c.obj
 .debug_macro   0x000155b0       0x43 cmake/stm32cubemx/CMakeFiles/STM32_Drivers.dir/__/__/Core/Src/system_stm32wbxx.c.obj
 .debug_macro   0x000155f3      0xa6f cmake/stm32cubemx/CMakeFiles/STM32_Drivers.dir/__/__/Core/Src/system_stm32wbxx.c.obj
 .debug_macro   0x00016062      0x52f cmake/stm32cubemx/CMakeFiles/STM32_Drivers.dir/__/__/Core/Src/system_stm32wbxx.c.obj
 .debug_macro   0x00016591      0x129 cmake/stm32cubemx/CMakeFiles/STM32_Drivers.dir/__/__/Core/Src/system_stm32wbxx.c.obj
 .debug_macro   0x000166ba      0x236 cmake/stm32cubemx/CMakeFiles/STM32_Drivers.dir/__/__/Core/Src/system_stm32wbxx.c.obj
 .debug_macro   0x000168f0      0x243 cmake/stm32cubemx/CMakeFiles/STM32_Drivers.dir/__/__/Core/Src/system_stm32wbxx.c.obj
 .debug_macro   0x00016b33      0x4e8 cmake/stm32cubemx/CMakeFiles/STM32_Drivers.dir/__/__/Core/Src/system_stm32wbxx.c.obj
 .debug_macro   0x0001701b       0x2e cmake/stm32cubemx/CMakeFiles/STM32_Drivers.dir/__/__/Core/Src/system_stm32wbxx.c.obj
 .debug_macro   0x00017049      0x100 cmake/stm32cubemx/CMakeFiles/STM32_Drivers.dir/__/__/Core/Src/system_stm32wbxx.c.obj
 .debug_macro   0x00017149      0x1ba cmake/stm32cubemx/CMakeFiles/STM32_Drivers.dir/__/__/Core/Src/system_stm32wbxx.c.obj
 .debug_macro   0x00017303      0x16f cmake/stm32cubemx/CMakeFiles/STM32_Drivers.dir/__/__/Core/Src/system_stm32wbxx.c.obj
 .debug_macro   0x00017472      0x22c cmake/stm32cubemx/CMakeFiles/STM32_Drivers.dir/__/__/Core/Src/system_stm32wbxx.c.obj
 .debug_macro   0x0001769e       0x55 cmake/stm32cubemx/CMakeFiles/STM32_Drivers.dir/__/__/Core/Src/system_stm32wbxx.c.obj
 .debug_macro   0x000176f3       0xa5 cmake/stm32cubemx/CMakeFiles/STM32_Drivers.dir/__/__/Core/Src/system_stm32wbxx.c.obj
 .debug_macro   0x00017798      0x304 cmake/stm32cubemx/CMakeFiles/STM32_Drivers.dir/__/__/Core/Src/system_stm32wbxx.c.obj
 .debug_macro   0x00017a9c      0x11d cmake/stm32cubemx/CMakeFiles/STM32_Drivers.dir/__/__/Core/Src/system_stm32wbxx.c.obj
 .debug_macro   0x00017bb9      0x13b cmake/stm32cubemx/CMakeFiles/STM32_Drivers.dir/__/__/Core/Src/system_stm32wbxx.c.obj
 .debug_macro   0x00017cf4      0x402 cmake/stm32cubemx/CMakeFiles/STM32_Drivers.dir/__/__/Core/Src/system_stm32wbxx.c.obj
 .debug_macro   0x000180f6      0x698 cmake/stm32cubemx/CMakeFiles/STM32_Drivers.dir/__/__/Core/Src/system_stm32wbxx.c.obj
 .debug_macro   0x0001878e      0x1b6 cmake/stm32cubemx/CMakeFiles/STM32_Drivers.dir/__/__/Core/Src/system_stm32wbxx.c.obj
 .debug_macro   0x00018944     0x1641 cmake/stm32cubemx/CMakeFiles/STM32_Drivers.dir/__/__/Core/Src/system_stm32wbxx.c.obj
 .debug_macro   0x00019f85      0x326 cmake/stm32cubemx/CMakeFiles/STM32_Drivers.dir/__/__/Core/Src/system_stm32wbxx.c.obj
 .debug_macro   0x0001a2ab      0x3ed cmake/stm32cubemx/CMakeFiles/STM32_Drivers.dir/__/__/Core/Src/system_stm32wbxx.c.obj
 .debug_macro   0x0001a698      0x2d6 cmake/stm32cubemx/CMakeFiles/STM32_Drivers.dir/__/__/Core/Src/system_stm32wbxx.c.obj
 .debug_macro   0x0001a96e      0x25b cmake/stm32cubemx/CMakeFiles/STM32_Drivers.dir/__/__/Drivers/STM32WBxx_HAL_Driver/Src/stm32wbxx_hal_adc.c.obj
 .debug_macro   0x0001abc9      0x2a3 cmake/stm32cubemx/CMakeFiles/STM32_Drivers.dir/__/__/Drivers/STM32WBxx_HAL_Driver/Src/stm32wbxx_hal_rcc.c.obj
 .debug_macro   0x0001ae6c      0x274 cmake/stm32cubemx/CMakeFiles/STM32_Drivers.dir/__/__/Drivers/STM32WBxx_HAL_Driver/Src/stm32wbxx_hal_rcc_ex.c.obj
 .debug_macro   0x0001b0e0      0x23e cmake/stm32cubemx/CMakeFiles/STM32_Drivers.dir/__/__/Drivers/STM32WBxx_HAL_Driver/Src/stm32wbxx_hal_gpio.c.obj
 .debug_macro   0x0001b31e      0x2a9 cmake/stm32cubemx/CMakeFiles/STM32_Drivers.dir/__/__/Drivers/STM32WBxx_HAL_Driver/Src/stm32wbxx_hal_pwr.c.obj
 .debug_macro   0x0001b5c7      0x237 cmake/stm32cubemx/CMakeFiles/STM32_Drivers.dir/__/__/Drivers/STM32WBxx_HAL_Driver/Src/stm32wbxx_hal_cortex.c.obj
 .debug_macro   0x0001b7fe      0x255 cmake/stm32cubemx/CMakeFiles/STM32_Drivers.dir/__/__/Drivers/STM32WBxx_HAL_Driver/Src/stm32wbxx_hal.c.obj
 .debug_macro   0x0001ba53      0x303 cmake/stm32cubemx/CMakeFiles/STM32_Drivers.dir/__/__/Drivers/STM32WBxx_HAL_Driver/Src/stm32wbxx_hal_i2c.c.obj
 .debug_macro   0x0001bd56      0x237 cmake/stm32cubemx/CMakeFiles/STM32_Drivers.dir/__/__/Drivers/STM32WBxx_HAL_Driver/Src/stm32wbxx_hal_i2c_ex.c.obj
 .debug_macro   0x0001bf8d      0x24b CMakeFiles/Switch_Board.dir/Core/Src/main.cpp.obj
 .debug_macro   0x0001c1d8      0xc22 CMakeFiles/Switch_Board.dir/Core/Src/main.cpp.obj
 .debug_macro   0x0001cdfa       0x1c CMakeFiles/Switch_Board.dir/Core/Src/main.cpp.obj
 .debug_macro   0x0001ce16       0x56 CMakeFiles/Switch_Board.dir/Core/Src/main.cpp.obj
 .debug_macro   0x0001ce6c     0x1011 CMakeFiles/Switch_Board.dir/Core/Src/main.cpp.obj
 .debug_macro   0x0001de7d      0x197 CMakeFiles/Switch_Board.dir/Core/Src/main.cpp.obj
 .debug_macro   0x0001e014       0xe8 CMakeFiles/Switch_Board.dir/Core/Src/main.cpp.obj
 .debug_macro   0x0001e0fc      0x250 CMakeFiles/Switch_Board.dir/Core/Src/stm32wbxx_it.c.obj
 .debug_macro   0x0001e34c      0x246 CMakeFiles/Switch_Board.dir/Core/Src/stm32wbxx_hal_msp.c.obj

.debug_line     0x00000000     0xca98
 .debug_line    0x00000000      0x713 cmake/stm32cubemx/CMakeFiles/STM32_Drivers.dir/__/__/Core/Src/system_stm32wbxx.c.obj
 .debug_line    0x00000713     0x1480 cmake/stm32cubemx/CMakeFiles/STM32_Drivers.dir/__/__/Drivers/STM32WBxx_HAL_Driver/Src/stm32wbxx_hal_adc.c.obj
 .debug_line    0x00001b93     0x181f cmake/stm32cubemx/CMakeFiles/STM32_Drivers.dir/__/__/Drivers/STM32WBxx_HAL_Driver/Src/stm32wbxx_hal_rcc.c.obj
 .debug_line    0x000033b2     0x1414 cmake/stm32cubemx/CMakeFiles/STM32_Drivers.dir/__/__/Drivers/STM32WBxx_HAL_Driver/Src/stm32wbxx_hal_rcc_ex.c.obj
 .debug_line    0x000047c6      0xa77 cmake/stm32cubemx/CMakeFiles/STM32_Drivers.dir/__/__/Drivers/STM32WBxx_HAL_Driver/Src/stm32wbxx_hal_gpio.c.obj
 .debug_line    0x0000523d      0x903 cmake/stm32cubemx/CMakeFiles/STM32_Drivers.dir/__/__/Drivers/STM32WBxx_HAL_Driver/Src/stm32wbxx_hal_pwr.c.obj
 .debug_line    0x00005b40      0xbc6 cmake/stm32cubemx/CMakeFiles/STM32_Drivers.dir/__/__/Drivers/STM32WBxx_HAL_Driver/Src/stm32wbxx_hal_cortex.c.obj
 .debug_line    0x00006706      0xd63 cmake/stm32cubemx/CMakeFiles/STM32_Drivers.dir/__/__/Drivers/STM32WBxx_HAL_Driver/Src/stm32wbxx_hal.c.obj
 .debug_line    0x00007469     0x3658 cmake/stm32cubemx/CMakeFiles/STM32_Drivers.dir/__/__/Drivers/STM32WBxx_HAL_Driver/Src/stm32wbxx_hal_i2c.c.obj
 .debug_line    0x0000aac1      0x7ca cmake/stm32cubemx/CMakeFiles/STM32_Drivers.dir/__/__/Drivers/STM32WBxx_HAL_Driver/Src/stm32wbxx_hal_i2c_ex.c.obj
 .debug_line    0x0000b28b      0x8b1 CMakeFiles/Switch_Board.dir/Core/Src/main.cpp.obj
 .debug_line    0x0000bb3c      0x715 CMakeFiles/Switch_Board.dir/Core/Src/stm32wbxx_it.c.obj
 .debug_line    0x0000c251      0x7c4 CMakeFiles/Switch_Board.dir/Core/Src/stm32wbxx_hal_msp.c.obj
 .debug_line    0x0000ca15       0x83 CMakeFiles/Switch_Board.dir/startup_stm32wb1mxx_cm4.s.obj

.debug_str      0x00000000    0xb6900
 .debug_str     0x00000000    0xb6900 cmake/stm32cubemx/CMakeFiles/STM32_Drivers.dir/__/__/Core/Src/system_stm32wbxx.c.obj
                              0xb1a50 (size before relaxing)
 .debug_str     0x000b6900    0xb25b7 cmake/stm32cubemx/CMakeFiles/STM32_Drivers.dir/__/__/Drivers/STM32WBxx_HAL_Driver/Src/stm32wbxx_hal_adc.c.obj
 .debug_str     0x000b6900    0xb27f4 cmake/stm32cubemx/CMakeFiles/STM32_Drivers.dir/__/__/Drivers/STM32WBxx_HAL_Driver/Src/stm32wbxx_hal_rcc.c.obj
 .debug_str     0x000b6900    0xb26bc cmake/stm32cubemx/CMakeFiles/STM32_Drivers.dir/__/__/Drivers/STM32WBxx_HAL_Driver/Src/stm32wbxx_hal_rcc_ex.c.obj
 .debug_str     0x000b6900    0xb1a36 cmake/stm32cubemx/CMakeFiles/STM32_Drivers.dir/__/__/Drivers/STM32WBxx_HAL_Driver/Src/stm32wbxx_hal_gpio.c.obj
 .debug_str     0x000b6900    0xb1ec0 cmake/stm32cubemx/CMakeFiles/STM32_Drivers.dir/__/__/Drivers/STM32WBxx_HAL_Driver/Src/stm32wbxx_hal_pwr.c.obj
 .debug_str     0x000b6900    0xb1ff3 cmake/stm32cubemx/CMakeFiles/STM32_Drivers.dir/__/__/Drivers/STM32WBxx_HAL_Driver/Src/stm32wbxx_hal_cortex.c.obj
 .debug_str     0x000b6900    0xb2656 cmake/stm32cubemx/CMakeFiles/STM32_Drivers.dir/__/__/Drivers/STM32WBxx_HAL_Driver/Src/stm32wbxx_hal.c.obj
 .debug_str     0x000b6900    0xb2c79 cmake/stm32cubemx/CMakeFiles/STM32_Drivers.dir/__/__/Drivers/STM32WBxx_HAL_Driver/Src/stm32wbxx_hal_i2c.c.obj
 .debug_str     0x000b6900    0xb1e6b cmake/stm32cubemx/CMakeFiles/STM32_Drivers.dir/__/__/Drivers/STM32WBxx_HAL_Driver/Src/stm32wbxx_hal_i2c_ex.c.obj
 .debug_str     0x000b6900    0xb3342 CMakeFiles/Switch_Board.dir/Core/Src/main.cpp.obj
 .debug_str     0x000b6900    0xb1bfa CMakeFiles/Switch_Board.dir/Core/Src/stm32wbxx_it.c.obj
 .debug_str     0x000b6900    0xb27a4 CMakeFiles/Switch_Board.dir/Core/Src/stm32wbxx_hal_msp.c.obj
 .debug_str     0x000b6900       0x6a CMakeFiles/Switch_Board.dir/startup_stm32wb1mxx_cm4.s.obj

.comment        0x00000000       0x46
 .comment       0x00000000       0x46 cmake/stm32cubemx/CMakeFiles/STM32_Drivers.dir/__/__/Core/Src/system_stm32wbxx.c.obj
                                 0x47 (size before relaxing)
 .comment       0x00000046       0x47 cmake/stm32cubemx/CMakeFiles/STM32_Drivers.dir/__/__/Drivers/STM32WBxx_HAL_Driver/Src/stm32wbxx_hal_adc.c.obj
 .comment       0x00000046       0x47 cmake/stm32cubemx/CMakeFiles/STM32_Drivers.dir/__/__/Drivers/STM32WBxx_HAL_Driver/Src/stm32wbxx_hal_rcc.c.obj
 .comment       0x00000046       0x47 cmake/stm32cubemx/CMakeFiles/STM32_Drivers.dir/__/__/Drivers/STM32WBxx_HAL_Driver/Src/stm32wbxx_hal_rcc_ex.c.obj
 .comment       0x00000046       0x47 cmake/stm32cubemx/CMakeFiles/STM32_Drivers.dir/__/__/Drivers/STM32WBxx_HAL_Driver/Src/stm32wbxx_hal_gpio.c.obj
 .comment       0x00000046       0x47 cmake/stm32cubemx/CMakeFiles/STM32_Drivers.dir/__/__/Drivers/STM32WBxx_HAL_Driver/Src/stm32wbxx_hal_pwr.c.obj
 .comment       0x00000046       0x47 cmake/stm32cubemx/CMakeFiles/STM32_Drivers.dir/__/__/Drivers/STM32WBxx_HAL_Driver/Src/stm32wbxx_hal_cortex.c.obj
 .comment       0x00000046       0x47 cmake/stm32cubemx/CMakeFiles/STM32_Drivers.dir/__/__/Drivers/STM32WBxx_HAL_Driver/Src/stm32wbxx_hal.c.obj
 .comment       0x00000046       0x47 cmake/stm32cubemx/CMakeFiles/STM32_Drivers.dir/__/__/Drivers/STM32WBxx_HAL_Driver/Src/stm32wbxx_hal_i2c.c.obj
 .comment       0x00000046       0x47 cmake/stm32cubemx/CMakeFiles/STM32_Drivers.dir/__/__/Drivers/STM32WBxx_HAL_Driver/Src/stm32wbxx_hal_i2c_ex.c.obj
 .comment       0x00000046       0x47 CMakeFiles/Switch_Board.dir/Core/Src/main.cpp.obj
 .comment       0x00000046       0x47 CMakeFiles/Switch_Board.dir/Core/Src/stm32wbxx_it.c.obj
 .comment       0x00000046       0x47 CMakeFiles/Switch_Board.dir/Core/Src/stm32wbxx_hal_msp.c.obj

.debug_frame    0x00000000     0x3e6c
 .debug_frame   0x00000000       0x58 cmake/stm32cubemx/CMakeFiles/STM32_Drivers.dir/__/__/Core/Src/system_stm32wbxx.c.obj
 .debug_frame   0x00000058      0x7c8 cmake/stm32cubemx/CMakeFiles/STM32_Drivers.dir/__/__/Drivers/STM32WBxx_HAL_Driver/Src/stm32wbxx_hal_adc.c.obj
 .debug_frame   0x00000820      0x988 cmake/stm32cubemx/CMakeFiles/STM32_Drivers.dir/__/__/Drivers/STM32WBxx_HAL_Driver/Src/stm32wbxx_hal_rcc.c.obj
 .debug_frame   0x000011a8      0x9cc cmake/stm32cubemx/CMakeFiles/STM32_Drivers.dir/__/__/Drivers/STM32WBxx_HAL_Driver/Src/stm32wbxx_hal_rcc_ex.c.obj
 .debug_frame   0x00001b74      0x174 cmake/stm32cubemx/CMakeFiles/STM32_Drivers.dir/__/__/Drivers/STM32WBxx_HAL_Driver/Src/stm32wbxx_hal_gpio.c.obj
 .debug_frame   0x00001ce8      0x344 cmake/stm32cubemx/CMakeFiles/STM32_Drivers.dir/__/__/Drivers/STM32WBxx_HAL_Driver/Src/stm32wbxx_hal_pwr.c.obj
 .debug_frame   0x0000202c      0x49c cmake/stm32cubemx/CMakeFiles/STM32_Drivers.dir/__/__/Drivers/STM32WBxx_HAL_Driver/Src/stm32wbxx_hal_cortex.c.obj
 .debug_frame   0x000024c8      0x87c cmake/stm32cubemx/CMakeFiles/STM32_Drivers.dir/__/__/Drivers/STM32WBxx_HAL_Driver/Src/stm32wbxx_hal.c.obj
 .debug_frame   0x00002d44      0xc38 cmake/stm32cubemx/CMakeFiles/STM32_Drivers.dir/__/__/Drivers/STM32WBxx_HAL_Driver/Src/stm32wbxx_hal_i2c.c.obj
 .debug_frame   0x0000397c      0x100 cmake/stm32cubemx/CMakeFiles/STM32_Drivers.dir/__/__/Drivers/STM32WBxx_HAL_Driver/Src/stm32wbxx_hal_i2c_ex.c.obj
 .debug_frame   0x00003a7c      0x118 CMakeFiles/Switch_Board.dir/Core/Src/main.cpp.obj
 .debug_frame   0x00003b94      0x104 CMakeFiles/Switch_Board.dir/Core/Src/stm32wbxx_it.c.obj
 .debug_frame   0x00003c98      0x188 CMakeFiles/Switch_Board.dir/Core/Src/stm32wbxx_hal_msp.c.obj
 .debug_frame   0x00003e20       0x20 C:/PROGRA~2/Arm GNU Toolchain arm-none-eabi/14.3 rel1/bin/../lib/gcc/arm-none-eabi/14.3.1/../../../../arm-none-eabi/lib/thumb/v7e-m+fp/hard\libg_nano.a(libc_a-memset.o)
 .debug_frame   0x00003e40       0x2c C:/PROGRA~2/Arm GNU Toolchain arm-none-eabi/14.3 rel1/bin/../lib/gcc/arm-none-eabi/14.3.1/../../../../arm-none-eabi/lib/thumb/v7e-m+fp/hard\libg_nano.a(libc_a-init.o)

.debug_line_str
                0x00000000       0x4e
 .debug_line_str
                0x00000000       0x4e CMakeFiles/Switch_Board.dir/startup_stm32wb1mxx_cm4.s.obj
