../Drivers/STM32WBxx_HAL_Driver/Inc/stm32wbxx_ll_bus.h:539:22:LL_AHB2_GRP1_EnableClock	24	static
../Core/Src/main.c:76:5:main	80	static
../Core/Src/main.c:152:6:SystemClock_Config	104	static
../Core/Src/main.c:194:6:PeriphCommonClock_Config	56	static
../Core/Src/main.c:218:13:MX_ADC1_Init	24	static
../Core/Src/main.c:274:13:MX_I2C1_Init	8	static
../Core/Src/main.c:322:13:MX_SPI1_Init	8	static
../Core/Src/main.c:362:13:MX_USART1_UART_Init	8	static
../Core/Src/main.c:410:13:MX_GPIO_Init	32	static
../Core/Src/main.c:469:6:Error_Handler	4	static,ignoring_inline_asm
