../Drivers/STM32WBxx_HAL_Driver/Inc/stm32wbxx_ll_bus.h:539:22:LL_AHB2_GRP1_EnableClock	24	static
../Core/Src/main.c:76:5:main	8	static
../Core/Src/main.c:128:6:SystemClock_Config	104	static
../Core/Src/main.c:176:6:PeriphCommonClock_Config	56	static
../Core/Src/main.c:200:13:MX_ADC1_Init	24	static
../Core/Src/main.c:256:13:MX_I2C1_Init	8	static
../Core/Src/main.c:304:13:MX_SPI1_Init	8	static
../Core/Src/main.c:344:13:MX_USART1_UART_Init	8	static
../Core/Src/main.c:392:13:MX_GPIO_Init	32	static
../Core/Src/main.c:454:6:Error_Handler	4	static,ignoring_inline_asm
