../STM32_WPAN/App/custom_app.c:106:6:Custom_STM_App_Notification	16	static
../STM32_WPAN/App/custom_app.c:281:6:Custom_APP_Notification	16	static
../STM32_WPAN/App/custom_app.c:318:6:Custom_APP_Init	4	static
../STM32_WPAN/App/custom_app.c:337:13:Custom_Switch_4_Update_Char	16	static
../STM32_WPAN/App/custom_app.c:356:6:Custom_Switch_4_Send_Notification	16	static
../STM32_WPAN/App/custom_app.c:376:13:Custom_Switch_5_Update_Char	16	static
../STM32_WPAN/App/custom_app.c:395:6:Custom_Switch_5_Send_Notification	16	static
../STM32_WPAN/App/custom_app.c:415:13:Custom_Switch_6_Update_Char	16	static
../STM32_WPAN/App/custom_app.c:434:6:Custom_Switch_6_Send_Notification	16	static
../STM32_WPAN/App/custom_app.c:455:13:Custom_Switch_1_Update_Char	16	static
../STM32_WPAN/App/custom_app.c:474:6:Custom_Switch_1_Send_Notification	16	static
../STM32_WPAN/App/custom_app.c:494:13:Custom_Switch_2_Update_Char	16	static
../STM32_WPAN/App/custom_app.c:513:6:Custom_Switch_2_Send_Notification	16	static
../STM32_WPAN/App/custom_app.c:533:13:Custom_Switch_3_Update_Char	16	static
../STM32_WPAN/App/custom_app.c:552:6:Custom_Switch_3_Send_Notification	16	static
