../Utilities/sequencer/stm32_seq.c:187:6:UTIL_SEQ_Init	8	static
../Utilities/sequencer/stm32_seq.c:205:6:UTIL_SEQ_DeInit	0	static
../Utilities/sequencer/stm32_seq.c:441:6:UTIL_SEQ_SetTask	8	static,ignoring_inline_asm
../Utilities/sequencer/stm32_seq.c:453:10:UTIL_SEQ_IsSchedulableTask	0	static,ignoring_inline_asm
../Utilities/sequencer/stm32_seq.c:467:6:UTIL_SEQ_PauseTask	0	static,ignoring_inline_asm
../Utilities/sequencer/stm32_seq.c:478:10:UTIL_SEQ_IsPauseTask	0	static,ignoring_inline_asm
../Utilities/sequencer/stm32_seq.c:489:6:UTIL_SEQ_ResumeTask	0	static,ignoring_inline_asm
../Utilities/sequencer/stm32_seq.c:500:6:UTIL_SEQ_SetEvt	0	static,ignoring_inline_asm
../Utilities/sequencer/stm32_seq.c:511:6:UTIL_SEQ_ClrEvt	0	static,ignoring_inline_asm
../Utilities/sequencer/stm32_seq.c:575:15:UTIL_SEQ_IsEvtPend	0	static
../Utilities/sequencer/stm32_seq.c:588:13:UTIL_SEQ_Idle	0	static
../Utilities/sequencer/stm32_seq.c:593:13:UTIL_SEQ_PreIdle	0	static
../Utilities/sequencer/stm32_seq.c:601:13:UTIL_SEQ_PostIdle	0	static
../Utilities/sequencer/stm32_seq.c:609:13:UTIL_SEQ_PreTask	0	static
../Utilities/sequencer/stm32_seq.c:615:13:UTIL_SEQ_PostTask	0	static
../Utilities/sequencer/stm32_seq.c:621:13:UTIL_SEQ_CatchWarning	0	static
../Utilities/sequencer/stm32_seq.c:673:9:SEQ_BitPosition	0	static
../Utilities/sequencer/stm32_seq.c:215:6:UTIL_SEQ_Run	48	static,ignoring_inline_asm
../Utilities/sequencer/stm32_seq.c:581:13:UTIL_SEQ_EvtIdle	0	static
../Utilities/sequencer/stm32_seq.c:522:6:UTIL_SEQ_WaitEvt	32	static,ignoring_inline_asm
../Utilities/sequencer/stm32_seq.c:415:6:UTIL_SEQ_RegTask	8	static,ignoring_inline_asm
../Utilities/sequencer/stm32_seq.c:427:10:UTIL_SEQ_IsRegisteredTask	8	static,ignoring_inline_asm
