../../Drivers/STM32WBxx_HAL_Driver/Inc/stm32wbxx_ll_rcc.h:1679:22:LL_RCC_LSE_SetDriveCapability	1
../../Drivers/STM32WBxx_HAL_Driver/Inc/stm32wbxx_ll_bus.h:539:22:LL_AHB2_GRP1_EnableClock	1
C:/ISS/Switch_Board/Core/Src/main.c:77:5:main	1
C:/ISS/Switch_Board/Core/Src/main.c:152:6:SystemClock_Config	3
C:/ISS/Switch_Board/Core/Src/main.c:214:6:PeriphCommonClock_Config	2
C:/ISS/Switch_Board/Core/Src/main.c:239:13:MX_ADC1_Init	3
C:/ISS/Switch_Board/Core/Src/main.c:295:13:MX_I2C1_Init	4
C:/ISS/Switch_Board/Core/Src/main.c:343:13:MX_IPCC_Init	2
C:/ISS/Switch_Board/Core/Src/main.c:369:13:MX_RF_Init	1
C:/ISS/Switch_Board/Core/Src/main.c:390:13:MX_RTC_Init	3
C:/ISS/Switch_Board/Core/Src/main.c:432:13:MX_GPIO_Init	1
C:/ISS/Switch_Board/Core/Src/main.c:515:6:Error_Handler	1
