Archive member included to satisfy reference by file (symbol)

C:/ST/STM32CubeIDE_1.19.0/STM32CubeIDE/plugins/com.st.stm32cube.ide.mcu.externaltools.gnu-tools-for-stm32.13.3.rel1.win32_1.0.0.202411081344/tools/bin/../lib/gcc/arm-none-eabi/13.3.1/../../../../arm-none-eabi/lib/thumb/v7e-m+fp/hard\libc_nano.a(libc_a-exit.o)
                              C:/ST/STM32CubeIDE_1.19.0/STM32CubeIDE/plugins/com.st.stm32cube.ide.mcu.externaltools.gnu-tools-for-stm32.13.3.rel1.win32_1.0.0.202411081344/tools/bin/../lib/gcc/arm-none-eabi/13.3.1/../../../../arm-none-eabi/lib/thumb/v7e-m+fp/hard/crt0.o (exit)
C:/ST/STM32CubeIDE_1.19.0/STM32CubeIDE/plugins/com.st.stm32cube.ide.mcu.externaltools.gnu-tools-for-stm32.13.3.rel1.win32_1.0.0.202411081344/tools/bin/../lib/gcc/arm-none-eabi/13.3.1/../../../../arm-none-eabi/lib/thumb/v7e-m+fp/hard\libc_nano.a(libc_a-findfp.o)
                              C:/ST/STM32CubeIDE_1.19.0/STM32CubeIDE/plugins/com.st.stm32cube.ide.mcu.externaltools.gnu-tools-for-stm32.13.3.rel1.win32_1.0.0.202411081344/tools/bin/../lib/gcc/arm-none-eabi/13.3.1/../../../../arm-none-eabi/lib/thumb/v7e-m+fp/hard\libc_nano.a(libc_a-exit.o) (__stdio_exit_handler)
C:/ST/STM32CubeIDE_1.19.0/STM32CubeIDE/plugins/com.st.stm32cube.ide.mcu.externaltools.gnu-tools-for-stm32.13.3.rel1.win32_1.0.0.202411081344/tools/bin/../lib/gcc/arm-none-eabi/13.3.1/../../../../arm-none-eabi/lib/thumb/v7e-m+fp/hard\libc_nano.a(libc_a-fwalk.o)
                              C:/ST/STM32CubeIDE_1.19.0/STM32CubeIDE/plugins/com.st.stm32cube.ide.mcu.externaltools.gnu-tools-for-stm32.13.3.rel1.win32_1.0.0.202411081344/tools/bin/../lib/gcc/arm-none-eabi/13.3.1/../../../../arm-none-eabi/lib/thumb/v7e-m+fp/hard\libc_nano.a(libc_a-findfp.o) (_fwalk_sglue)
C:/ST/STM32CubeIDE_1.19.0/STM32CubeIDE/plugins/com.st.stm32cube.ide.mcu.externaltools.gnu-tools-for-stm32.13.3.rel1.win32_1.0.0.202411081344/tools/bin/../lib/gcc/arm-none-eabi/13.3.1/../../../../arm-none-eabi/lib/thumb/v7e-m+fp/hard\libc_nano.a(libc_a-printf.o)
                              ./Middlewares/ST/STM32_WPAN/utilities/dbg_trace.o (printf)
C:/ST/STM32CubeIDE_1.19.0/STM32CubeIDE/plugins/com.st.stm32cube.ide.mcu.externaltools.gnu-tools-for-stm32.13.3.rel1.win32_1.0.0.202411081344/tools/bin/../lib/gcc/arm-none-eabi/13.3.1/../../../../arm-none-eabi/lib/thumb/v7e-m+fp/hard\libc_nano.a(libc_a-sprintf.o)
                              ./Core/Src/main.o (sprintf)
C:/ST/STM32CubeIDE_1.19.0/STM32CubeIDE/plugins/com.st.stm32cube.ide.mcu.externaltools.gnu-tools-for-stm32.13.3.rel1.win32_1.0.0.202411081344/tools/bin/../lib/gcc/arm-none-eabi/13.3.1/../../../../arm-none-eabi/lib/thumb/v7e-m+fp/hard\libc_nano.a(libc_a-stdio.o)
                              C:/ST/STM32CubeIDE_1.19.0/STM32CubeIDE/plugins/com.st.stm32cube.ide.mcu.externaltools.gnu-tools-for-stm32.13.3.rel1.win32_1.0.0.202411081344/tools/bin/../lib/gcc/arm-none-eabi/13.3.1/../../../../arm-none-eabi/lib/thumb/v7e-m+fp/hard\libc_nano.a(libc_a-findfp.o) (__sread)
C:/ST/STM32CubeIDE_1.19.0/STM32CubeIDE/plugins/com.st.stm32cube.ide.mcu.externaltools.gnu-tools-for-stm32.13.3.rel1.win32_1.0.0.202411081344/tools/bin/../lib/gcc/arm-none-eabi/13.3.1/../../../../arm-none-eabi/lib/thumb/v7e-m+fp/hard\libc_nano.a(libc_a-vprintf.o)
                              ./Middlewares/ST/STM32_WPAN/utilities/dbg_trace.o (vprintf)
C:/ST/STM32CubeIDE_1.19.0/STM32CubeIDE/plugins/com.st.stm32cube.ide.mcu.externaltools.gnu-tools-for-stm32.13.3.rel1.win32_1.0.0.202411081344/tools/bin/../lib/gcc/arm-none-eabi/13.3.1/../../../../arm-none-eabi/lib/thumb/v7e-m+fp/hard\libc_nano.a(libc_a-memcmp.o)
                              ./Middlewares/ST/STM32_WPAN/ble/core/template/osal.o (memcmp)
C:/ST/STM32CubeIDE_1.19.0/STM32CubeIDE/plugins/com.st.stm32cube.ide.mcu.externaltools.gnu-tools-for-stm32.13.3.rel1.win32_1.0.0.202411081344/tools/bin/../lib/gcc/arm-none-eabi/13.3.1/../../../../arm-none-eabi/lib/thumb/v7e-m+fp/hard\libc_nano.a(libc_a-memset.o)
                              C:/ST/STM32CubeIDE_1.19.0/STM32CubeIDE/plugins/com.st.stm32cube.ide.mcu.externaltools.gnu-tools-for-stm32.13.3.rel1.win32_1.0.0.202411081344/tools/bin/../lib/gcc/arm-none-eabi/13.3.1/../../../../arm-none-eabi/lib/thumb/v7e-m+fp/hard/crt0.o (memset)
C:/ST/STM32CubeIDE_1.19.0/STM32CubeIDE/plugins/com.st.stm32cube.ide.mcu.externaltools.gnu-tools-for-stm32.13.3.rel1.win32_1.0.0.202411081344/tools/bin/../lib/gcc/arm-none-eabi/13.3.1/../../../../arm-none-eabi/lib/thumb/v7e-m+fp/hard\libc_nano.a(libc_a-strrchr.o)
                              ./Middlewares/ST/STM32_WPAN/utilities/dbg_trace.o (strrchr)
C:/ST/STM32CubeIDE_1.19.0/STM32CubeIDE/plugins/com.st.stm32cube.ide.mcu.externaltools.gnu-tools-for-stm32.13.3.rel1.win32_1.0.0.202411081344/tools/bin/../lib/gcc/arm-none-eabi/13.3.1/../../../../arm-none-eabi/lib/thumb/v7e-m+fp/hard\libc_nano.a(libc_a-closer.o)
[...]
Memory Configuration

Name             Origin             Length             Attributes
FLASH            0x08000000         0x0001b800         xr
RAM              0x20000008         0x00002ff8         xrw
RAM_SHARED       0x20030000         0x00002800         xrw
*default*        0x00000000         0xffffffff

Linker script and memory map

LOAD C:/ST/STM32CubeIDE_1.19.0/STM32CubeIDE/plugins/com.st.stm32cube.ide.mcu.externaltools.gnu-tools-for-stm32.13.3.rel1.win32_1.0.0.202411081344/tools/bin/../lib/gcc/arm-none-eabi/13.3.1/thumb/v7e-m+fp/hard/crti.o
LOAD C:/ST/STM32CubeIDE_1.19.0/STM32CubeIDE/plugins/com.st.stm32cube.ide.mcu.externaltools.gnu-tools-for-stm32.13.3.rel1.win32_1.0.0.202411081344/tools/bin/../lib/gcc/arm-none-eabi/13.3.1/thumb/v7e-m+fp/hard/crtbegin.o
LOAD C:/ST/STM32CubeIDE_1.19.0/STM32CubeIDE/plugins/com.st.stm32cube.ide.mcu.externaltools.gnu-tools-for-stm32.13.3.rel1.win32_1.0.0.202411081344/tools/bin/../lib/gcc/arm-none-eabi/13.3.1/../../../../arm-none-eabi/lib/thumb/v7e-m+fp/hard/crt0.o
LOAD ./Core/Src/app_debug.o
LOAD ./Core/Src/app_entry.o
LOAD ./Core/Src/hw_timerserver.o
LOAD ./Core/Src/main.o
LOAD ./Core/Src/standby.o
LOAD ./Core/Src/stm32_lpm_if.o
LOAD ./Core/Src/stm32wbxx_hal_msp.o
LOAD ./Core/Src/stm32wbxx_it.o
LOAD ./Core/Src/syscalls.o
LOAD ./Core/Src/sysmem.o
LOAD ./Core/Src/system_stm32wbxx.o
LOAD ./Core/Startup/startup_stm32wb1mmchx.o
LOAD ./Drivers/BLE_Interface/BLE_interface.o
LOAD ./Drivers/Interface/interface.o
LOAD ./Drivers/STM32WBxx_HAL_Driver/Src/stm32wbxx_hal.o
LOAD ./Drivers/STM32WBxx_HAL_Driver/Src/stm32wbxx_hal_adc.o
LOAD ./Drivers/STM32WBxx_HAL_Driver/Src/stm32wbxx_hal_adc_ex.o
LOAD ./Drivers/STM32WBxx_HAL_Driver/Src/stm32wbxx_hal_cortex.o
LOAD ./Drivers/STM32WBxx_HAL_Driver/Src/stm32wbxx_hal_dma.o
LOAD ./Drivers/STM32WBxx_HAL_Driver/Src/stm32wbxx_hal_dma_ex.o
LOAD ./Drivers/STM32WBxx_HAL_Driver/Src/stm32wbxx_hal_exti.o
LOAD ./Drivers/STM32WBxx_HAL_Driver/Src/stm32wbxx_hal_flash.o
LOAD ./Drivers/STM32WBxx_HAL_Driver/Src/stm32wbxx_hal_flash_ex.o
LOAD ./Drivers/STM32WBxx_HAL_Driver/Src/stm32wbxx_hal_gpio.o
LOAD ./Drivers/STM32WBxx_HAL_Driver/Src/stm32wbxx_hal_hsem.o
LOAD ./Drivers/STM32WBxx_HAL_Driver/Src/stm32wbxx_hal_i2c.o
LOAD ./Drivers/STM32WBxx_HAL_Driver/Src/stm32wbxx_hal_i2c_ex.o
LOAD ./Drivers/STM32WBxx_HAL_Driver/Src/stm32wbxx_hal_ipcc.o
LOAD ./Drivers/STM32WBxx_HAL_Driver/Src/stm32wbxx_hal_pwr.o
LOAD ./Drivers/STM32WBxx_HAL_Driver/Src/stm32wbxx_hal_pwr_ex.o
LOAD ./Drivers/STM32WBxx_HAL_Driver/Src/stm32wbxx_hal_rcc.o
LOAD ./Drivers/STM32WBxx_HAL_Driver/Src/stm32wbxx_hal_rcc_ex.o
LOAD ./Drivers/STM32WBxx_HAL_Driver/Src/stm32wbxx_hal_rtc.o
LOAD ./Drivers/STM32WBxx_HAL_Driver/Src/stm32wbxx_hal_rtc_ex.o
LOAD ./Drivers/STM32WBxx_HAL_Driver/Src/stm32wbxx_hal_spi.o
LOAD ./Drivers/STM32WBxx_HAL_Driver/Src/stm32wbxx_hal_spi_ex.o
LOAD ./Drivers/STM32WBxx_HAL_Driver/Src/stm32wbxx_hal_uart.o
LOAD ./Drivers/STM32WBxx_HAL_Driver/Src/stm32wbxx_hal_uart_ex.o
LOAD ./Drivers/STM32WBxx_HAL_Driver/Src/stm32wbxx_ll_adc.o
LOAD ./Drivers/STM32WBxx_HAL_Driver/Src/stm32wbxx_ll_rcc.o
LOAD ./Drivers/TCAL9538/TCAL9538.o
LOAD ./Middlewares/ST/STM32_WPAN/ble/core/auto/ble_events.o
LOAD ./Middlewares/ST/STM32_WPAN/ble/core/auto/ble_gap_aci.o
LOAD ./Middlewares/ST/STM32_WPAN/ble/core/auto/ble_gatt_aci.o
LOAD ./Middlewares/ST/STM32_WPAN/ble/core/auto/ble_hal_aci.o
LOAD ./Middlewares/ST/STM32_WPAN/ble/core/auto/ble_hci_le.o
LOAD ./Middlewares/ST/STM32_WPAN/ble/core/auto/ble_l2cap_aci.o
LOAD ./Middlewares/ST/STM32_WPAN/ble/core/template/osal.o
LOAD ./Middlewares/ST/STM32_WPAN/ble/svc/Src/svc_ctl.o
LOAD ./Middlewares/ST/STM32_WPAN/interface/patterns/ble_thread/shci/shci.o
LOAD ./Middlewares/ST/STM32_WPAN/interface/patterns/ble_thread/tl/hci_tl.o
LOAD ./Middlewares/ST/STM32_WPAN/interface/patterns/ble_thread/tl/hci_tl_if.o
LOAD ./Middlewares/ST/STM32_WPAN/interface/patterns/ble_thread/tl/shci_tl.o
LOAD ./Middlewares/ST/STM32_WPAN/interface/patterns/ble_thread/tl/shci_tl_if.o
LOAD ./Middlewares/ST/STM32_WPAN/interface/patterns/ble_thread/tl/tl_mbox.o
LOAD ./Middlewares/ST/STM32_WPAN/utilities/dbg_trace.o
LOAD ./Middlewares/ST/STM32_WPAN/utilities/otp.o
LOAD ./Middlewares/ST/STM32_WPAN/utilities/stm_list.o
LOAD ./Middlewares/ST/STM32_WPAN/utilities/stm_queue.o
LOAD ./STM32_WPAN/App/app_ble.o
LOAD ./STM32_WPAN/App/custom_app.o
LOAD ./STM32_WPAN/App/custom_stm.o
LOAD ./STM32_WPAN/Target/hw_ipcc.o
LOAD ./Utilities/lpm/tiny_lpm/stm32_lpm.o
LOAD ./Utilities/sequencer/stm32_seq.o
START GROUP
LOAD C:/ST/STM32CubeIDE_1.19.0/STM32CubeIDE/plugins/com.st.stm32cube.ide.mcu.externaltools.gnu-tools-for-stm32.13.3.rel1.win32_1.0.0.202411081344/tools/bin/../lib/gcc/arm-none-eabi/13.3.1/../../../../arm-none-eabi/lib/thumb/v7e-m+fp/hard\libstdc++_nano.a
LOAD C:/ST/STM32CubeIDE_1.19.0/STM32CubeIDE/plugins/com.st.stm32cube.ide.mcu.externaltools.gnu-tools-for-stm32.13.3.rel1.win32_1.0.0.202411081344/tools/bin/../lib/gcc/arm-none-eabi/13.3.1/../../../../arm-none-eabi/lib/thumb/v7e-m+fp/hard\libsupc++_nano.a
END GROUP
LOAD C:/ST/STM32CubeIDE_1.19.0/STM32CubeIDE/plugins/com.st.stm32cube.ide.mcu.externaltools.gnu-tools-for-stm32.13.3.rel1.win32_1.0.0.202411081344/tools/bin/../lib/gcc/arm-none-eabi/13.3.1/../../../../arm-none-eabi/lib/thumb/v7e-m+fp/hard\libstdc++_nano.a
LOAD C:/ST/STM32CubeIDE_1.19.0/STM32CubeIDE/plugins/com.st.stm32cube.ide.mcu.externaltools.gnu-tools-for-stm32.13.3.rel1.win32_1.0.0.202411081344/tools/bin/../lib/gcc/arm-none-eabi/13.3.1/../../../../arm-none-eabi/lib/thumb/v7e-m+fp/hard\libm.a
LOAD C:/ST/STM32CubeIDE_1.19.0/STM32CubeIDE/plugins/com.st.stm32cube.ide.mcu.externaltools.gnu-tools-for-stm32.13.3.rel1.win32_1.0.0.202411081344/tools/bin/../lib/gcc/arm-none-eabi/13.3.1/../../../../arm-none-eabi/lib/thumb/v7e-m+fp/hard\libc_nano.a
START GROUP
LOAD C:/ST/STM32CubeIDE_1.19.0/STM32CubeIDE/plugins/com.st.stm32cube.ide.mcu.externaltools.gnu-tools-for-stm32.13.3.rel1.win32_1.0.0.202411081344/tools/bin/../lib/gcc/arm-none-eabi/13.3.1/thumb/v7e-m+fp/hard\libgcc.a
LOAD C:/ST/STM32CubeIDE_1.19.0/STM32CubeIDE/plugins/com.st.stm32cube.ide.mcu.externaltools.gnu-tools-for-stm32.13.3.rel1.win32_1.0.0.202411081344/tools/bin/../lib/gcc/arm-none-eabi/13.3.1/../../../../arm-none-eabi/lib/thumb/v7e-m+fp/hard\libc_nano.a
END GROUP
START GROUP
LOAD C:/ST/STM32CubeIDE_1.19.0/STM32CubeIDE/plugins/com.st.stm32cube.ide.mcu.externaltools.gnu-tools-for-stm32.13.3.rel1.win32_1.0.0.202411081344/tools/bin/../lib/gcc/arm-none-eabi/13.3.1/thumb/v7e-m+fp/hard\libgcc.a
LOAD C:/ST/STM32CubeIDE_1.19.0/STM32CubeIDE/plugins/com.st.stm32cube.ide.mcu.externaltools.gnu-tools-for-stm32.13.3.rel1.win32_1.0.0.202411081344/tools/bin/../lib/gcc/arm-none-eabi/13.3.1/../../../../arm-none-eabi/lib/thumb/v7e-m+fp/hard\libc_nano.a
LOAD C:/ST/STM32CubeIDE_1.19.0/STM32CubeIDE/plugins/com.st.stm32cube.ide.mcu.externaltools.gnu-tools-for-stm32.13.3.rel1.win32_1.0.0.202411081344/tools/bin/../lib/gcc/arm-none-eabi/13.3.1/../../../../arm-none-eabi/lib/thumb/v7e-m+fp/hard\libnosys.a
END GROUP
START GROUP
LOAD C:/ST/STM32CubeIDE_1.19.0/STM32CubeIDE/plugins/com.st.stm32cube.ide.mcu.externaltools.gnu-tools-for-stm32.13.3.rel1.win32_1.0.0.202411081344/tools/bin/../lib/gcc/arm-none-eabi/13.3.1/thumb/v7e-m+fp/hard\libgcc.a
LOAD C:/ST/STM32CubeIDE_1.19.0/STM32CubeIDE/plugins/com.st.stm32cube.ide.mcu.externaltools.gnu-tools-for-stm32.13.3.rel1.win32_1.0.0.202411081344/tools/bin/../lib/gcc/arm-none-eabi/13.3.1/../../../../arm-none-eabi/lib/thumb/v7e-m+fp/hard\libc_nano.a
LOAD C:/ST/STM32CubeIDE_1.19.0/STM32CubeIDE/plugins/com.st.stm32cube.ide.mcu.externaltools.gnu-tools-for-stm32.13.3.rel1.win32_1.0.0.202411081344/tools/bin/../lib/gcc/arm-none-eabi/13.3.1/../../../../arm-none-eabi/lib/thumb/v7e-m+fp/hard\libnosys.a
END GROUP
LOAD C:/ST/STM32CubeIDE_1.19.0/STM32CubeIDE/plugins/com.st.stm32cube.ide.mcu.externaltools.gnu-tools-for-stm32.13.3.rel1.win32_1.0.0.202411081344/tools/bin/../lib/gcc/arm-none-eabi/13.3.1/thumb/v7e-m+fp/hard/crtend.o
LOAD C:/ST/STM32CubeIDE_1.19.0/STM32CubeIDE/plugins/com.st.stm32cube.ide.mcu.externaltools.gnu-tools-for-stm32.13.3.rel1.win32_1.0.0.202411081344/tools/bin/../lib/gcc/arm-none-eabi/13.3.1/thumb/v7e-m+fp/hard/crtn.o
                0x20003000                        _estack = (ORIGIN (RAM) + LENGTH (RAM))
                0x00000200                        _Min_Heap_Size = 0x200
                0x00000400                        _Min_Stack_Size = 0x400

.isr_vector     0x08000000      0x13c
                0x08000000                        . = ALIGN (0x4)
 *(.isr_vector)
 .isr_vector    0x08000000      0x13c ./Core/Startup/startup_stm32wb1mmchx.o
                0x08000000                g_pfnVectors
                0x0800013c                        . = ALIGN (0x4)

.text           0x08000140     0x6274
                0x08000140                        . = ALIGN (0x4)
 *(.text)
 .text          0x08000140       0x40 C:/ST/STM32CubeIDE_1.19.0/STM32CubeIDE/plugins/com.st.stm32cube.ide.mcu.externaltools.gnu-tools-for-stm32.13.3.rel1.win32_1.0.0.202411081344/tools/bin/../lib/gcc/arm-none-eabi/13.3.1/thumb/v7e-m+fp/hard/crtbegin.o
 .text          0x08000180       0xa0 C:/ST/STM32CubeIDE_1.19.0/STM32CubeIDE/plugins/com.st.stm32cube.ide.mcu.externaltools.gnu-tools-for-stm32.13.3.rel1.win32_1.0.0.202411081344/tools/bin/../lib/gcc/arm-none-eabi/13.3.1/../../../../arm-none-eabi/lib/thumb/v7e-m+fp/hard\libc_nano.a(libc_a-memchr.o)
                0x08000180                memchr
 .text          0x08000220       0x30 C:/ST/STM32CubeIDE_1.19.0/STM32CubeIDE/plugins/com.st.stm32cube.ide.mcu.externaltools.gnu-tools-for-stm32.13.3.rel1.win32_1.0.0.202411081344/tools/bin/../lib/gcc/arm-none-eabi/13.3.1/thumb/v7e-m+fp/hard\libgcc.a(_aeabi_uldivmod.o)
                0x08000220                __aeabi_uldivmod
 .text          0x08000250      0x2f8 C:/ST/STM32CubeIDE_1.19.0/STM32CubeIDE/plugins/com.st.stm32cube.ide.mcu.externaltools.gnu-tools-for-stm32.13.3.rel1.win32_1.0.0.202411081344/tools/bin/../lib/gcc/arm-none-eabi/13.3.1/thumb/v7e-m+fp/hard\libgcc.a(_udivmoddi4.o)
                0x08000250                __udivmoddi4
 .text          0x08000548        0x4 C:/ST/STM32CubeIDE_1.19.0/STM32CubeIDE/plugins/com.st.stm32cube.ide.mcu.externaltools.gnu-tools-for-stm32.13.3.rel1.win32_1.0.0.202411081344/tools/bin/../lib/gcc/arm-none-eabi/13.3.1/thumb/v7e-m+fp/hard\libgcc.a(_dvmd_tls.o)
                0x08000548                __aeabi_idiv0
                0x08000548                __aeabi_ldiv0
 *(.text*)
 .text.APPD_EnableCPU2
                0x0800054c       0x70 ./Core/Src/app_debug.o
                0x0800054c                APPD_EnableCPU2
 .text.APPE_SysStatusNot
                0x080005bc        0x2 ./Core/Src/app_entry.o
 *fill*         0x080005be        0x2 
 .text.APPE_SysUserEvtRx
                0x080005c0       0x74 ./Core/Src/app_entry.o
 .text.MX_APPE_Config
                0x08000634       0x38 ./Core/Src/app_entry.o
                0x08000634                MX_APPE_Config
 .text.Init_Exti
                0x0800066c       0x14 ./Core/Src/app_entry.o
                0x0800066c                Init_Exti
 .text.MX_APPE_Init
                0x08000680       0xb4 ./Core/Src/app_entry.o
                0x08000680                MX_APPE_Init
 .text.HAL_Delay
                0x08000734       0x34 ./Core/Src/app_entry.o
                0x08000734                HAL_Delay
 .text.MX_APPE_Process
                0x08000768        0x8 ./Core/Src/app_entry.o
                0x08000768                MX_APPE_Process
 .text.UTIL_SEQ_Idle
                0x08000770        0x2 ./Core/Src/app_entry.o
                0x08000770                UTIL_SEQ_Idle
 .text.shci_notify_asynch_evt
                0x08000772        0x8 ./Core/Src/app_entry.o
                0x08000772                shci_notify_asynch_evt
 .text.shci_cmd_resp_release
                0x0800077a        0x6 ./Core/Src/app_entry.o
                0x0800077a                shci_cmd_resp_release
 .text.shci_cmd_resp_wait
                0x08000780        0x6 ./Core/Src/app_entry.o
                0x08000780                shci_cmd_resp_wait
 *fill*         0x08000786        0x2 
 .text.ReadRtcSsrValue
                0x08000788       0x1c ./Core/Src/hw_timerserver.o
 .text.ReturnTimeElapsed
                0x080007a4       0x48 ./Core/Src/hw_timerserver.o
 .text.RescheduleTimerList
                0x080007ec      0x118 ./Core/Src/hw_timerserver.o
 .text.UnlinkTimer
                0x08000904       0x80 ./Core/Src/hw_timerserver.o
 .text.HW_TS_Init
                0x08000984      0x130 ./Core/Src/hw_timerserver.o
                0x08000984                HW_TS_Init
 .text.HW_TS_Stop
                0x08000ab4       0xb0 ./Core/Src/hw_timerserver.o
                0x08000ab4                HW_TS_Stop
 .text.HW_TS_Start
                0x08000b64      0x158 ./Core/Src/hw_timerserver.o
                0x08000b64                HW_TS_Start
 .text.HW_TS_RTC_Int_AppNot
                0x08000cbc        0x2 ./Core/Src/hw_timerserver.o
                0x08000cbc                HW_TS_RTC_Int_AppNot
 *fill*         0x08000cbe        0x2 
 .text.HW_TS_RTC_Wakeup_Handler
                0x08000cc0       0xc4 ./Core/Src/hw_timerserver.o
                0x08000cc0                HW_TS_RTC_Wakeup_Handler
 .text._ZN11GpioAddressC2Eii
                0x08000d84       0x24 ./Core/Src/main.o
                0x08000d84                GpioAddress::GpioAddress(int, int)
                0x08000d84                GpioAddress::GpioAddress(int, int)
 .text._Z16init_gpio_inputsv
                0x08000da8       0x30 ./Core/Src/main.o
                0x08000da8                init_gpio_inputs()
 .text._Z17init_gpio_outputsv
                0x08000dd8       0x30 ./Core/Src/main.o
                0x08000dd8                init_gpio_outputs()
 .text.read_gpio_input
                0x08000e08       0x6c ./Core/Src/main.o
                0x08000e08                read_gpio_input
 .text.write_gpio_output
                0x08000e74       0x40 ./Core/Src/main.o
                0x08000e74                write_gpio_output
 .text.init_gpio_output_from_flipflops
                0x08000eb4      0x130 ./Core/Src/main.o
                0x08000eb4                init_gpio_output_from_flipflops
 .text._Z17update_ble_valuesv
                0x08000fe4      0x19e ./Core/Src/main.o
                0x08000fe4                update_ble_values()
 .text._Z18SystemClock_Configv
                0x08001182       0x8a ./Core/Src/main.o
                0x08001182                SystemClock_Config()
 .text._Z24PeriphCommonClock_Configv
                0x0800120c       0x30 ./Core/Src/main.o
                0x0800120c                PeriphCommonClock_Config()
 .text.startup.main
                0x0800123c      0x348 ./Core/Src/main.o
                0x0800123c                main
 .text.Error_Handler
                0x08001584        0x4 ./Core/Src/main.o
                0x08001584                Error_Handler
 .text.LL_AHB2_GRP1_EnableClock
                0x08001588       0x18 ./Core/Src/stm32wbxx_hal_msp.o
 .text.LL_APB2_GRP1_EnableClock
                0x080015a0       0x18 ./Core/Src/stm32wbxx_hal_msp.o
 .text.HAL_MspInit
                0x080015b8       0x2e ./Core/Src/stm32wbxx_hal_msp.o
                0x080015b8                HAL_MspInit
 *fill*         0x080015e6        0x2 
 .text.HAL_ADC_MspInit
                0x080015e8       0x68 ./Core/Src/stm32wbxx_hal_msp.o
                0x080015e8                HAL_ADC_MspInit
 .text.HAL_I2C_MspInit
                0x08001650       0x7c ./Core/Src/stm32wbxx_hal_msp.o
                0x08001650                HAL_I2C_MspInit
 .text.HAL_IPCC_MspInit
                0x080016cc       0x50 ./Core/Src/stm32wbxx_hal_msp.o
                0x080016cc                HAL_IPCC_MspInit
 .text.HAL_RTC_MspInit
                0x0800171c       0x70 ./Core/Src/stm32wbxx_hal_msp.o
                0x0800171c                HAL_RTC_MspInit
 .text.HAL_SPI_MspInit
                0x0800178c       0x68 ./Core/Src/stm32wbxx_hal_msp.o
                0x0800178c                HAL_SPI_MspInit
 .text.HAL_UART_MspInit
                0x080017f4       0x68 ./Core/Src/stm32wbxx_hal_msp.o
                0x080017f4                HAL_UART_MspInit
 .text.NMI_Handler
                0x0800185c        0x2 ./Core/Src/stm32wbxx_it.o
                0x0800185c                NMI_Handler
 .text.HardFault_Handler
                0x0800185e        0x2 ./Core/Src/stm32wbxx_it.o
                0x0800185e                HardFault_Handler
 .text.MemManage_Handler
                0x08001860        0x2 ./Core/Src/stm32wbxx_it.o
                0x08001860                MemManage_Handler
 .text.BusFault_Handler
                0x08001862        0x2 ./Core/Src/stm32wbxx_it.o
                0x08001862                BusFault_Handler
 .text.UsageFault_Handler
                0x08001864        0x2 ./Core/Src/stm32wbxx_it.o
                0x08001864                UsageFault_Handler
 .text.SVC_Handler
                0x08001866        0x2 ./Core/Src/stm32wbxx_it.o
                0x08001866                SVC_Handler
 .text.DebugMon_Handler
                0x08001868        0x2 ./Core/Src/stm32wbxx_it.o
                0x08001868                DebugMon_Handler
 .text.PendSV_Handler
                0x0800186a        0x2 ./Core/Src/stm32wbxx_it.o
                0x0800186a                PendSV_Handler
 .text.SysTick_Handler
                0x0800186c        0x4 ./Core/Src/stm32wbxx_it.o
                0x0800186c                SysTick_Handler
 .text.RTC_WKUP_IRQHandler
                0x08001870        0x4 ./Core/Src/stm32wbxx_it.o
                0x08001870                RTC_WKUP_IRQHandler
 .text.IPCC_C1_RX_IRQHandler
                0x08001874        0x4 ./Core/Src/stm32wbxx_it.o
                0x08001874                IPCC_C1_RX_IRQHandler
 .text.IPCC_C1_TX_IRQHandler
                0x08001878        0x4 ./Core/Src/stm32wbxx_it.o
                0x08001878                IPCC_C1_TX_IRQHandler
 .text.HSEM_IRQHandler
                0x0800187c        0x4 ./Core/Src/stm32wbxx_it.o
                0x0800187c                HSEM_IRQHandler
 .text._sbrk    0x08001880       0x40 ./Core/Src/sysmem.o
                0x08001880                _sbrk
 .text.SystemInit
                0x080018c0       0x64 ./Core/Src/system_stm32wbxx.o
                0x080018c0                SystemInit
 .text.data_initializers
                0x08001924       0x18 ./Core/Startup/startup_stm32wb1mmchx.o
 .text.Reset_Handler
                0x0800193c       0x58 ./Core/Startup/startup_stm32wb1mmchx.o
                0x0800193c                Reset_Handler
 .text.Default_Handler
                0x08001994        0x2 ./Core/Startup/startup_stm32wb1mmchx.o
                0x08001994                RTC_Alarm_IRQHandler
                0x08001994                EXTI2_IRQHandler
                0x08001994                TIM1_CC_IRQHandler
                0x08001994                TSC_IRQHandler
                0x08001994                EXTI3_IRQHandler
                0x08001994                LPTIM2_IRQHandler
                0x08001994                EXTI0_IRQHandler
                0x08001994                FPU_IRQHandler
                0x08001994                SPI1_IRQHandler
                0x08001994                DMA1_Channel4_IRQHandler
                0x08001994                ADC1_IRQHandler
                0x08001994                PWR_SOTF_BLEACT_RFPHASE_IRQHandler
                0x08001994                PKA_IRQHandler
                0x08001994                DMA1_Channel7_IRQHandler
                0x08001994                I2C1_EV_IRQHandler
                0x08001994                DMAMUX1_OVR_IRQHandler
                0x08001994                DMA1_Channel6_IRQHandler
                0x08001994                RCC_IRQHandler
                0x08001994                TIM1_TRG_COM_IRQHandler
                0x08001994                DMA1_Channel1_IRQHandler
                0x08001994                Default_Handler
                0x08001994                EXTI15_10_IRQHandler
                0x08001994                C2SEV_PWR_C2H_IRQHandler
                0x08001994                AES2_IRQHandler
                0x08001994                EXTI9_5_IRQHandler
                0x08001994                PVD_PVM_IRQHandler
                0x08001994                DMA1_Channel5_IRQHandler
                0x08001994                EXTI4_IRQHandler
                0x08001994                RNG_IRQHandler
                0x08001994                TAMP_STAMP_LSECSS_IRQHandler
                0x08001994                DMA1_Channel3_IRQHandler
                0x08001994                COMP_IRQHandler
                0x08001994                TIM1_UP_IRQHandler
                0x08001994                WWDG_IRQHandler
                0x08001994                LPUART1_IRQHandler
                0x08001994                TIM2_IRQHandler
                0x08001994                TIM1_BRK_IRQHandler
                0x08001994                EXTI1_IRQHandler
                0x08001994                DMA1_Channel2_IRQHandler
                0x08001994                FLASH_IRQHandler
                0x08001994                USART1_IRQHandler
                0x08001994                I2C1_ER_IRQHandler
                0x08001994                LPTIM1_IRQHandler
 *fill*         0x08001996        0x2 
 .text.interface_init
                0x08001998        0xc ./Drivers/Interface/interface.o
                0x08001998                interface_init
 .text.set_bluetooth_status
                0x080019a4        0xc ./Drivers/Interface/interface.o
                0x080019a4                set_bluetooth_status
 .text.update_gpio_output
                0x080019b0       0x14 ./Drivers/Interface/interface.o
                0x080019b0                update_gpio_output
 .text.HAL_InitTick
                0x080019c4       0x4c ./Drivers/STM32WBxx_HAL_Driver/Src/stm32wbxx_hal.o
                0x080019c4                HAL_InitTick
 .text.HAL_Init
                0x08001a10       0x2c ./Drivers/STM32WBxx_HAL_Driver/Src/stm32wbxx_hal.o
                0x08001a10                HAL_Init
 .text.HAL_IncTick
                0x08001a3c       0x18 ./Drivers/STM32WBxx_HAL_Driver/Src/stm32wbxx_hal.o
                0x08001a3c                HAL_IncTick
 .text.HAL_GetTick
                0x08001a54        0xc ./Drivers/STM32WBxx_HAL_Driver/Src/stm32wbxx_hal.o
                0x08001a54                HAL_GetTick
 .text.HAL_GetTickPrio
                0x08001a60        0xc ./Drivers/STM32WBxx_HAL_Driver/Src/stm32wbxx_hal.o
                0x08001a60                HAL_GetTickPrio
 .text.HAL_GetTickFreq
                0x08001a6c        0xc ./Drivers/STM32WBxx_HAL_Driver/Src/stm32wbxx_hal.o
                0x08001a6c                HAL_GetTickFreq
 .text.LL_ADC_REG_IsConversionOngoing
                0x08001a78        0x8 ./Drivers/STM32WBxx_HAL_Driver/Src/stm32wbxx_hal_adc.o
 .text.HAL_ADC_Init
                0x08001a80      0x1e8 ./Drivers/STM32WBxx_HAL_Driver/Src/stm32wbxx_hal_adc.o
                0x08001a80                HAL_ADC_Init
 .text.HAL_ADC_ConfigChannel
                0x08001c68      0x1ac ./Drivers/STM32WBxx_HAL_Driver/Src/stm32wbxx_hal_adc.o
                0x08001c68                HAL_ADC_ConfigChannel
 .text.HAL_NVIC_SetPriorityGrouping
                0x08001e14       0x24 ./Drivers/STM32WBxx_HAL_Driver/Src/stm32wbxx_hal_cortex.o
                0x08001e14                HAL_NVIC_SetPriorityGrouping
 .text.HAL_NVIC_SetPriority
                0x08001e38       0x64 ./Drivers/STM32WBxx_HAL_Driver/Src/stm32wbxx_hal_cortex.o
                0x08001e38                HAL_NVIC_SetPriority
 .text.HAL_NVIC_EnableIRQ
                0x08001e9c       0x1c ./Drivers/STM32WBxx_HAL_Driver/Src/stm32wbxx_hal_cortex.o
                0x08001e9c                HAL_NVIC_EnableIRQ
 .text.HAL_NVIC_DisableIRQ
                0x08001eb8       0x24 ./Drivers/STM32WBxx_HAL_Driver/Src/stm32wbxx_hal_cortex.o
                0x08001eb8                HAL_NVIC_DisableIRQ
 .text.HAL_SYSTICK_Config
                0x08001edc       0x28 ./Drivers/STM32WBxx_HAL_Driver/Src/stm32wbxx_hal_cortex.o
                0x08001edc                HAL_SYSTICK_Config
 .text.HAL_NVIC_SetPendingIRQ
                0x08001f04       0x1c ./Drivers/STM32WBxx_HAL_Driver/Src/stm32wbxx_hal_cortex.o
                0x08001f04                HAL_NVIC_SetPendingIRQ
 .text.HAL_NVIC_ClearPendingIRQ
                0x08001f20       0x1c ./Drivers/STM32WBxx_HAL_Driver/Src/stm32wbxx_hal_cortex.o
                0x08001f20                HAL_NVIC_ClearPendingIRQ
 .text.HAL_GPIO_Init
                0x08001f3c      0x160 ./Drivers/STM32WBxx_HAL_Driver/Src/stm32wbxx_hal_gpio.o
                0x08001f3c                HAL_GPIO_Init
 .text.HAL_GPIO_ReadPin
                0x0800209c        0xc ./Drivers/STM32WBxx_HAL_Driver/Src/stm32wbxx_hal_gpio.o
                0x0800209c                HAL_GPIO_ReadPin
 .text.HAL_GPIO_WritePin
                0x080020a8        0xa ./Drivers/STM32WBxx_HAL_Driver/Src/stm32wbxx_hal_gpio.o
                0x080020a8                HAL_GPIO_WritePin
 .text.HAL_HSEM_FreeCallback
                0x080020b2        0x2 ./Drivers/STM32WBxx_HAL_Driver/Src/stm32wbxx_hal_hsem.o
                0x080020b2                HAL_HSEM_FreeCallback
 .text.HAL_HSEM_IRQHandler
                0x080020b4       0x1c ./Drivers/STM32WBxx_HAL_Driver/Src/stm32wbxx_hal_hsem.o
                0x080020b4                HAL_HSEM_IRQHandler
 .text.I2C_Flush_TXDR
                0x080020d0       0x1c ./Drivers/STM32WBxx_HAL_Driver/Src/stm32wbxx_hal_i2c.o
 .text.I2C_TransferConfig
                0x080020ec       0x2c ./Drivers/STM32WBxx_HAL_Driver/Src/stm32wbxx_hal_i2c.o
 .text.I2C_IsErrorOccurred
                0x08002118      0x100 ./Drivers/STM32WBxx_HAL_Driver/Src/stm32wbxx_hal_i2c.o
 .text.I2C_WaitOnTXISFlagUntilTimeout
                0x08002218       0x56 ./Drivers/STM32WBxx_HAL_Driver/Src/stm32wbxx_hal_i2c.o
 .text.I2C_WaitOnFlagUntilTimeout
                0x0800226e       0x76 ./Drivers/STM32WBxx_HAL_Driver/Src/stm32wbxx_hal_i2c.o
 .text.I2C_WaitOnSTOPFlagUntilTimeout
                0x080022e4       0x52 ./Drivers/STM32WBxx_HAL_Driver/Src/stm32wbxx_hal_i2c.o
 .text.HAL_I2C_Init
                0x08002336       0xaa ./Drivers/STM32WBxx_HAL_Driver/Src/stm32wbxx_hal_i2c.o
                0x08002336                HAL_I2C_Init
 .text.HAL_I2C_Mem_Write
                0x080023e0      0x1b4 ./Drivers/STM32WBxx_HAL_Driver/Src/stm32wbxx_hal_i2c.o
                0x080023e0                HAL_I2C_Mem_Write
 .text.HAL_I2C_Mem_Read
                0x08002594      0x1bc ./Drivers/STM32WBxx_HAL_Driver/Src/stm32wbxx_hal_i2c.o
                0x08002594                HAL_I2C_Mem_Read
 .text.HAL_I2CEx_ConfigAnalogFilter
                0x08002750       0x4c ./Drivers/STM32WBxx_HAL_Driver/Src/stm32wbxx_hal_i2c_ex.o
                0x08002750                HAL_I2CEx_ConfigAnalogFilter
 .text.HAL_I2CEx_ConfigDigitalFilter
                0x0800279c       0x4a ./Drivers/STM32WBxx_HAL_Driver/Src/stm32wbxx_hal_i2c_ex.o
                0x0800279c                HAL_I2CEx_ConfigDigitalFilter
 .text.HAL_IPCC_TxCallback
                0x080027e6        0x2 ./Drivers/STM32WBxx_HAL_Driver/Src/stm32wbxx_hal_ipcc.o
                0x080027e6                HAL_IPCC_TxCallback
 .text.HAL_IPCC_RxCallback
                0x080027e8        0x2 ./Drivers/STM32WBxx_HAL_Driver/Src/stm32wbxx_hal_ipcc.o
                0x080027e8                HAL_IPCC_RxCallback
 *fill*         0x080027ea        0x2 
 .text.IPCC_SetDefaultCallbacks
                0x080027ec       0x1c ./Drivers/STM32WBxx_HAL_Driver/Src/stm32wbxx_hal_ipcc.o
                0x080027ec                IPCC_SetDefaultCallbacks
 .text.HAL_IPCC_Init
                0x08002808       0x44 ./Drivers/STM32WBxx_HAL_Driver/Src/stm32wbxx_hal_ipcc.o
                0x08002808                HAL_IPCC_Init
 .text.HAL_PWR_EnableBkUpAccess
                0x0800284c       0x10 ./Drivers/STM32WBxx_HAL_Driver/Src/stm32wbxx_hal_pwr.o
                0x0800284c                HAL_PWR_EnableBkUpAccess
 .text.HAL_PWREx_EnableSRAMRetention
                0x0800285c       0x10 ./Drivers/STM32WBxx_HAL_Driver/Src/stm32wbxx_hal_pwr_ex.o
                0x0800285c                HAL_PWREx_EnableSRAMRetention
 .text.LL_RCC_LSI1_IsReady
                0x0800286c        0xe ./Drivers/STM32WBxx_HAL_Driver/Src/stm32wbxx_hal_rcc.o
 .text.LL_RCC_MSI_IsReady
                0x0800287a        0xc ./Drivers/STM32WBxx_HAL_Driver/Src/stm32wbxx_hal_rcc.o
 .text.LL_RCC_MSI_SetRange
                0x08002886       0x10 ./Drivers/STM32WBxx_HAL_Driver/Src/stm32wbxx_hal_rcc.o
 .text.LL_RCC_MSI_SetCalibTrimming
                0x08002896       0x12 ./Drivers/STM32WBxx_HAL_Driver/Src/stm32wbxx_hal_rcc.o
 .text.RCC_SetFlashLatencyFromMSIRange
                0x080028a8       0xac ./Drivers/STM32WBxx_HAL_Driver/Src/stm32wbxx_hal_rcc.o
 .text.HAL_RCC_GetSysClockFreq
                0x08002954       0xa4 ./Drivers/STM32WBxx_HAL_Driver/Src/stm32wbxx_hal_rcc.o
                0x08002954                HAL_RCC_GetSysClockFreq
 .text.HAL_RCC_GetHCLKFreq
                0x080029f8       0x20 ./Drivers/STM32WBxx_HAL_Driver/Src/stm32wbxx_hal_rcc.o
                0x080029f8                HAL_RCC_GetHCLKFreq
 .text.HAL_RCC_OscConfig
                0x08002a18      0x524 ./Drivers/STM32WBxx_HAL_Driver/Src/stm32wbxx_hal_rcc.o
                0x08002a18                HAL_RCC_OscConfig
 .text.HAL_RCC_ClockConfig
                0x08002f3c      0x1fc ./Drivers/STM32WBxx_HAL_Driver/Src/stm32wbxx_hal_rcc.o
                0x08002f3c                HAL_RCC_ClockConfig
 .text.HAL_RCC_GetPCLK1Freq
                0x08003138       0x24 ./Drivers/STM32WBxx_HAL_Driver/Src/stm32wbxx_hal_rcc.o
                0x08003138                HAL_RCC_GetPCLK1Freq
 .text.HAL_RCC_GetPCLK2Freq
                0x0800315c       0x24 ./Drivers/STM32WBxx_HAL_Driver/Src/stm32wbxx_hal_rcc.o
                0x0800315c                HAL_RCC_GetPCLK2Freq
 .text.LL_RCC_LSE_IsReady
                0x08003180        0xe ./Drivers/STM32WBxx_HAL_Driver/Src/stm32wbxx_hal_rcc_ex.o
 .text.HAL_RCCEx_PeriphCLKConfig
                0x0800318e      0x1c4 ./Drivers/STM32WBxx_HAL_Driver/Src/stm32wbxx_hal_rcc_ex.o
                0x0800318e                HAL_RCCEx_PeriphCLKConfig
 .text.HAL_RCCEx_EnableMSIPLLMode
                0x08003352        0xe ./Drivers/STM32WBxx_HAL_Driver/Src/stm32wbxx_hal_rcc_ex.o
                0x08003352                HAL_RCCEx_EnableMSIPLLMode
 .text.HAL_RTC_WaitForSynchro
                0x08003360       0x30 ./Drivers/STM32WBxx_HAL_Driver/Src/stm32wbxx_hal_rtc.o
                0x08003360                HAL_RTC_WaitForSynchro
 .text.RTC_EnterInitMode
                0x08003390       0x44 ./Drivers/STM32WBxx_HAL_Driver/Src/stm32wbxx_hal_rtc.o
                0x08003390                RTC_EnterInitMode
 .text.RTC_ExitInitMode
                0x080033d4       0x2a ./Drivers/STM32WBxx_HAL_Driver/Src/stm32wbxx_hal_rtc.o
                0x080033d4                RTC_ExitInitMode
 .text.HAL_RTC_Init
                0x080033fe       0x98 ./Drivers/STM32WBxx_HAL_Driver/Src/stm32wbxx_hal_rtc.o
                0x080033fe                HAL_RTC_Init
 *fill*         0x08003496        0x2 
 .text.HAL_RTCEx_SetWakeUpTimer_IT
                0x08003498       0xe0 ./Drivers/STM32WBxx_HAL_Driver/Src/stm32wbxx_hal_rtc_ex.o
                0x08003498                HAL_RTCEx_SetWakeUpTimer_IT
 .text.HAL_SPI_Init
                0x08003578       0xd4 ./Drivers/STM32WBxx_HAL_Driver/Src/stm32wbxx_hal_spi.o
                0x08003578                HAL_SPI_Init
 .text.UART_EndRxTransfer
                0x0800364c       0x58 ./Drivers/STM32WBxx_HAL_Driver/Src/stm32wbxx_hal_uart.o
 .text.UART_SetConfig
                0x080036a4      0x1b8 ./Drivers/STM32WBxx_HAL_Driver/Src/stm32wbxx_hal_uart.o
                0x080036a4                UART_SetConfig
 .text.UART_AdvFeatureConfig
                0x0800385c       0xa8 ./Drivers/STM32WBxx_HAL_Driver/Src/stm32wbxx_hal_uart.o
                0x0800385c                UART_AdvFeatureConfig
 .text.UART_WaitOnFlagUntilTimeout
                0x08003904       0x90 ./Drivers/STM32WBxx_HAL_Driver/Src/stm32wbxx_hal_uart.o
                0x08003904                UART_WaitOnFlagUntilTimeout
 .text.HAL_UART_Transmit
                0x08003994       0xaa ./Drivers/STM32WBxx_HAL_Driver/Src/stm32wbxx_hal_uart.o
                0x08003994                HAL_UART_Transmit
 .text.UART_CheckIdleState
                0x08003a3e       0xb6 ./Drivers/STM32WBxx_HAL_Driver/Src/stm32wbxx_hal_uart.o
                0x08003a3e                UART_CheckIdleState
 .text.HAL_UART_Init
                0x08003af4       0x60 ./Drivers/STM32WBxx_HAL_Driver/Src/stm32wbxx_hal_uart.o
                0x08003af4                HAL_UART_Init
 .text.UARTEx_SetNbDataToProcess
                0x08003b54       0x44 ./Drivers/STM32WBxx_HAL_Driver/Src/stm32wbxx_hal_uart_ex.o
 .text.HAL_UARTEx_DisableFifoMode
                0x08003b98       0x36 ./Drivers/STM32WBxx_HAL_Driver/Src/stm32wbxx_hal_uart_ex.o
                0x08003b98                HAL_UARTEx_DisableFifoMode
 .text.HAL_UARTEx_SetTxFifoThreshold
                0x08003bce       0x40 ./Drivers/STM32WBxx_HAL_Driver/Src/stm32wbxx_hal_uart_ex.o
                0x08003bce                HAL_UARTEx_SetTxFifoThreshold
 .text.HAL_UARTEx_SetRxFifoThreshold
                0x08003c0e       0x40 ./Drivers/STM32WBxx_HAL_Driver/Src/stm32wbxx_hal_uart_ex.o
                0x08003c0e                HAL_UARTEx_SetRxFifoThreshold
 *fill*         0x08003c4e        0x2 
 .text._Z12TCAL9538InitP19__I2C_HandleTypeDefP12GPIO_TypeDeft
                0x08003c50       0x88 ./Drivers/TCAL9538/TCAL9538.o
                0x08003c50                TCAL9538Init(__I2C_HandleTypeDef*, GPIO_TypeDef*, unsigned short)
 .text._Z16gpioDigitalWrite11GpioAddressi
                0x08003cd8       0x6c ./Drivers/TCAL9538/TCAL9538.o
                0x08003cd8                gpioDigitalWrite(GpioAddress, int)
 .text._Z15gpioDigitalRead11GpioAddress
                0x08003d44       0x4c ./Drivers/TCAL9538/TCAL9538.o
                0x08003d44                gpioDigitalRead(GpioAddress)
 .text._Z11gpioPinMode11GpioAddressi
                0x08003d90       0x74 ./Drivers/TCAL9538/TCAL9538.o
                0x08003d90                gpioPinMode(GpioAddress, int)
 .text.aci_gap_set_non_discoverable
                0x08003e04       0x3c ./Middlewares/ST/STM32_WPAN/ble/core/auto/ble_gap_aci.o
                0x08003e04                aci_gap_set_non_discoverable
 .text.aci_gap_set_discoverable
                0x08003e40       0xb0 ./Middlewares/ST/STM32_WPAN/ble/core/auto/ble_gap_aci.o
                0x08003e40                aci_gap_set_discoverable
 .text.aci_gap_set_io_capability
                0x08003ef0       0x48 ./Middlewares/ST/STM32_WPAN/ble/core/auto/ble_gap_aci.o
                0x08003ef0                aci_gap_set_io_capability
 .text.aci_gap_set_authentication_requirement
                0x08003f38       0x7c ./Middlewares/ST/STM32_WPAN/ble/core/auto/ble_gap_aci.o
                0x08003f38                aci_gap_set_authentication_requirement
 .text.aci_gap_pass_key_resp
                0x08003fb4       0x4c ./Middlewares/ST/STM32_WPAN/ble/core/auto/ble_gap_aci.o
                0x08003fb4                aci_gap_pass_key_resp
 .text.aci_gap_init
                0x08004000       0x84 ./Middlewares/ST/STM32_WPAN/ble/core/auto/ble_gap_aci.o
                0x08004000                aci_gap_init
 .text.aci_gap_update_adv_data
                0x08004084       0x54 ./Middlewares/ST/STM32_WPAN/ble/core/auto/ble_gap_aci.o
                0x08004084                aci_gap_update_adv_data
 .text.aci_gap_configure_filter_accept_list
                0x080040d8       0x3c ./Middlewares/ST/STM32_WPAN/ble/core/auto/ble_gap_aci.o
                0x080040d8                aci_gap_configure_filter_accept_list
 .text.aci_gap_numeric_comparison_value_confirm_yesno
                0x08004114       0x4c ./Middlewares/ST/STM32_WPAN/ble/core/auto/ble_gap_aci.o
                0x08004114                aci_gap_numeric_comparison_value_confirm_yesno
 .text.aci_gatt_init
                0x08004160       0x3c ./Middlewares/ST/STM32_WPAN/ble/core/auto/ble_gatt_aci.o
                0x08004160                aci_gatt_init
 .text.aci_gatt_add_service
                0x0800419c       0xa0 ./Middlewares/ST/STM32_WPAN/ble/core/auto/ble_gatt_aci.o
                0x0800419c                aci_gatt_add_service
 .text.aci_gatt_add_char
                0x0800423c       0xb8 ./Middlewares/ST/STM32_WPAN/ble/core/auto/ble_gatt_aci.o
                0x0800423c                aci_gatt_add_char
 .text.aci_gatt_update_char_value
                0x080042f4       0x64 ./Middlewares/ST/STM32_WPAN/ble/core/auto/ble_gatt_aci.o
                0x080042f4                aci_gatt_update_char_value
 .text.aci_gatt_confirm_indication
                0x08004358       0x48 ./Middlewares/ST/STM32_WPAN/ble/core/auto/ble_gatt_aci.o
                0x08004358                aci_gatt_confirm_indication
 .text.aci_hal_write_config_data
                0x080043a0       0x5c ./Middlewares/ST/STM32_WPAN/ble/core/auto/ble_hal_aci.o
                0x080043a0                aci_hal_write_config_data
 .text.aci_hal_set_tx_power_level
                0x080043fc       0x4c ./Middlewares/ST/STM32_WPAN/ble/core/auto/ble_hal_aci.o
                0x080043fc                aci_hal_set_tx_power_level
 .text.aci_hal_set_radio_activity_mask
                0x08004448       0x48 ./Middlewares/ST/STM32_WPAN/ble/core/auto/ble_hal_aci.o
                0x08004448                aci_hal_set_radio_activity_mask
 .text.hci_reset
                0x08004490       0x3a ./Middlewares/ST/STM32_WPAN/ble/core/auto/ble_hci_le.o
                0x08004490                hci_reset
 *fill*         0x080044ca        0x2 
 .text.hci_le_set_default_phy
                0x080044cc       0x50 ./Middlewares/ST/STM32_WPAN/ble/core/auto/ble_hci_le.o
                0x080044cc                hci_le_set_default_phy
 .text.Osal_MemCpy
                0x0800451c        0x4 ./Middlewares/ST/STM32_WPAN/ble/core/template/osal.o
                0x0800451c                Osal_MemCpy
 .text.Osal_MemSet
                0x08004520        0x4 ./Middlewares/ST/STM32_WPAN/ble/core/template/osal.o
                0x08004520                Osal_MemSet
 .text.BAS_Init
                0x08004524        0x2 ./Middlewares/ST/STM32_WPAN/ble/svc/Src/svc_ctl.o
                0x08004524                BAS_Init
 .text.BLS_Init
                0x08004526        0x2 ./Middlewares/ST/STM32_WPAN/ble/svc/Src/svc_ctl.o
                0x08004526                BLS_Init
 .text.CRS_STM_Init
                0x08004528        0x2 ./Middlewares/ST/STM32_WPAN/ble/svc/Src/svc_ctl.o
                0x08004528                CRS_STM_Init
 .text.DIS_Init
                0x0800452a        0x2 ./Middlewares/ST/STM32_WPAN/ble/svc/Src/svc_ctl.o
                0x0800452a                DIS_Init
 .text.EDS_STM_Init
                0x0800452c        0x2 ./Middlewares/ST/STM32_WPAN/ble/svc/Src/svc_ctl.o
                0x0800452c                EDS_STM_Init
 .text.HIDS_Init
                0x0800452e        0x2 ./Middlewares/ST/STM32_WPAN/ble/svc/Src/svc_ctl.o
                0x0800452e                HIDS_Init
 .text.HRS_Init
                0x08004530        0x2 ./Middlewares/ST/STM32_WPAN/ble/svc/Src/svc_ctl.o
                0x08004530                HRS_Init
 .text.HTS_Init
                0x08004532        0x2 ./Middlewares/ST/STM32_WPAN/ble/svc/Src/svc_ctl.o
                0x08004532                HTS_Init
 .text.IAS_Init
                0x08004534        0x2 ./Middlewares/ST/STM32_WPAN/ble/svc/Src/svc_ctl.o
                0x08004534                IAS_Init
 .text.LLS_Init
                0x08004536        0x2 ./Middlewares/ST/STM32_WPAN/ble/svc/Src/svc_ctl.o
                0x08004536                LLS_Init
 .text.TPS_Init
                0x08004538        0x2 ./Middlewares/ST/STM32_WPAN/ble/svc/Src/svc_ctl.o
                0x08004538                TPS_Init
 .text.MOTENV_STM_Init
                0x0800453a        0x2 ./Middlewares/ST/STM32_WPAN/ble/svc/Src/svc_ctl.o
                0x0800453a                MOTENV_STM_Init
 .text.P2PS_STM_Init
                0x0800453c        0x2 ./Middlewares/ST/STM32_WPAN/ble/svc/Src/svc_ctl.o
                0x0800453c                P2PS_STM_Init
 .text.ZDD_STM_Init
                0x0800453e        0x2 ./Middlewares/ST/STM32_WPAN/ble/svc/Src/svc_ctl.o
                0x0800453e                ZDD_STM_Init
 .text.OTAS_STM_Init
                0x08004540        0x2 ./Middlewares/ST/STM32_WPAN/ble/svc/Src/svc_ctl.o
                0x08004540                OTAS_STM_Init
 .text.MESH_Init
                0x08004542        0x2 ./Middlewares/ST/STM32_WPAN/ble/svc/Src/svc_ctl.o
                0x08004542                MESH_Init
 .text.BVOPUS_STM_Init
                0x08004544        0x2 ./Middlewares/ST/STM32_WPAN/ble/svc/Src/svc_ctl.o
                0x08004544                BVOPUS_STM_Init
 .text.SVCCTL_SvcInit
                0x08004546       0x4c ./Middlewares/ST/STM32_WPAN/ble/svc/Src/svc_ctl.o
                0x08004546                SVCCTL_SvcInit
 *fill*         0x08004592        0x2 
 .text.SVCCTL_Init
                0x08004594       0x1c ./Middlewares/ST/STM32_WPAN/ble/svc/Src/svc_ctl.o
                0x08004594                SVCCTL_Init
 .text.SVCCTL_RegisterSvcHandler
                0x080045b0       0x14 ./Middlewares/ST/STM32_WPAN/ble/svc/Src/svc_ctl.o
                0x080045b0                SVCCTL_RegisterSvcHandler
 .text.SVCCTL_UserEvtRx
                0x080045c4       0x48 ./Middlewares/ST/STM32_WPAN/ble/svc/Src/svc_ctl.o
                0x080045c4                SVCCTL_UserEvtRx
 .text.SHCI_C2_BLE_Init
                0x0800460c       0x1c ./Middlewares/ST/STM32_WPAN/interface/patterns/ble_thread/shci/shci.o
                0x0800460c                SHCI_C2_BLE_Init
 .text.SHCI_C2_DEBUG_Init
                0x08004628       0x1c ./Middlewares/ST/STM32_WPAN/interface/patterns/ble_thread/shci/shci.o
                0x08004628                SHCI_C2_DEBUG_Init
 .text.SHCI_C2_Config
                0x08004644       0x1a ./Middlewares/ST/STM32_WPAN/interface/patterns/ble_thread/shci/shci.o
                0x08004644                SHCI_C2_Config
 *fill*         0x0800465e        0x2 
 .text.SHCI_GetWirelessFwInfo
                0x08004660       0x80 ./Middlewares/ST/STM32_WPAN/interface/patterns/ble_thread/shci/shci.o
                0x08004660                SHCI_GetWirelessFwInfo
 .text.hci_init
                0x080046e0       0x5c ./Middlewares/ST/STM32_WPAN/interface/patterns/ble_thread/tl/hci_tl.o
                0x080046e0                hci_init
 .text.hci_user_evt_proc
                0x0800473c       0x6c ./Middlewares/ST/STM32_WPAN/interface/patterns/ble_thread/tl/hci_tl.o
                0x0800473c                hci_user_evt_proc
 .text.hci_send_req
                0x080047a8       0xd4 ./Middlewares/ST/STM32_WPAN/interface/patterns/ble_thread/tl/hci_tl.o
                0x080047a8                hci_send_req
 .text.TlEvtReceived
                0x0800487c       0x34 ./Middlewares/ST/STM32_WPAN/interface/patterns/ble_thread/tl/hci_tl.o
 .text.hci_register_io_bus
                0x080048b0       0x14 ./Middlewares/ST/STM32_WPAN/interface/patterns/ble_thread/tl/hci_tl_if.o
                0x080048b0                hci_register_io_bus
 .text.TlUserEvtReceived
                0x080048c4       0x1c ./Middlewares/ST/STM32_WPAN/interface/patterns/ble_thread/tl/shci_tl.o
 .text.Cmd_SetStatus.constprop.0
                0x080048e0       0x18 ./Middlewares/ST/STM32_WPAN/interface/patterns/ble_thread/tl/shci_tl.o
 .text.shci_init
                0x080048f8       0x60 ./Middlewares/ST/STM32_WPAN/interface/patterns/ble_thread/tl/shci_tl.o
                0x080048f8                shci_init
 .text.shci_user_evt_proc
                0x08004958       0x6c ./Middlewares/ST/STM32_WPAN/interface/patterns/ble_thread/tl/shci_tl.o
                0x08004958                shci_user_evt_proc
 .text.shci_send
                0x080049c4       0x7c ./Middlewares/ST/STM32_WPAN/interface/patterns/ble_thread/tl/shci_tl.o
                0x080049c4                shci_send
 .text.TlCmdEvtReceived
                0x08004a40        0xa ./Middlewares/ST/STM32_WPAN/interface/patterns/ble_thread/tl/shci_tl.o
 *fill*         0x08004a4a        0x2 
 .text.shci_register_io_bus
                0x08004a4c       0x14 ./Middlewares/ST/STM32_WPAN/interface/patterns/ble_thread/tl/shci_tl_if.o
                0x08004a4c                shci_register_io_bus
 .text.SendFreeBuf
                0x08004a60       0x30 ./Middlewares/ST/STM32_WPAN/interface/patterns/ble_thread/tl/tl_mbox.o
 .text.TL_Enable
                0x08004a90        0x4 ./Middlewares/ST/STM32_WPAN/interface/patterns/ble_thread/tl/tl_mbox.o
                0x08004a90                TL_Enable
 .text.TL_Init  0x08004a94       0x5c ./Middlewares/ST/STM32_WPAN/interface/patterns/ble_thread/tl/tl_mbox.o
                0x08004a94                TL_Init
 .text.TL_BLE_Init
                0x08004af0       0x48 ./Middlewares/ST/STM32_WPAN/interface/patterns/ble_thread/tl/tl_mbox.o
                0x08004af0                TL_BLE_Init
 .text.TL_BLE_SendCmd
                0x08004b38       0x1c ./Middlewares/ST/STM32_WPAN/interface/patterns/ble_thread/tl/tl_mbox.o
                0x08004b38                TL_BLE_SendCmd
 .text.HW_IPCC_BLE_RxEvtNot
                0x08004b54       0x2c ./Middlewares/ST/STM32_WPAN/interface/patterns/ble_thread/tl/tl_mbox.o
                0x08004b54                HW_IPCC_BLE_RxEvtNot
 .text.HW_IPCC_BLE_AclDataAckNot
                0x08004b80        0xc ./Middlewares/ST/STM32_WPAN/interface/patterns/ble_thread/tl/tl_mbox.o
                0x08004b80                HW_IPCC_BLE_AclDataAckNot
 .text.TL_SYS_Init
                0x08004b8c       0x3c ./Middlewares/ST/STM32_WPAN/interface/patterns/ble_thread/tl/tl_mbox.o
                0x08004b8c                TL_SYS_Init
 .text.TL_SYS_SendCmd
                0x08004bc8       0x1c ./Middlewares/ST/STM32_WPAN/interface/patterns/ble_thread/tl/tl_mbox.o
                0x08004bc8                TL_SYS_SendCmd
 .text.HW_IPCC_SYS_CmdEvtNot
                0x08004be4       0x18 ./Middlewares/ST/STM32_WPAN/interface/patterns/ble_thread/tl/tl_mbox.o
                0x08004be4                HW_IPCC_SYS_CmdEvtNot
 .text.HW_IPCC_SYS_EvtNot
                0x08004bfc       0x2c ./Middlewares/ST/STM32_WPAN/interface/patterns/ble_thread/tl/tl_mbox.o
                0x08004bfc                HW_IPCC_SYS_EvtNot
 .text.TL_MM_Init
                0x08004c28       0x40 ./Middlewares/ST/STM32_WPAN/interface/patterns/ble_thread/tl/tl_mbox.o
                0x08004c28                TL_MM_Init
 .text.TL_MM_EvtDone
                0x08004c68       0x1c ./Middlewares/ST/STM32_WPAN/interface/patterns/ble_thread/tl/tl_mbox.o
                0x08004c68                TL_MM_EvtDone
 .text.TL_TRACES_Init
                0x08004c84       0x20 ./Middlewares/ST/STM32_WPAN/interface/patterns/ble_thread/tl/tl_mbox.o
                0x08004c84                TL_TRACES_Init
 .text.TL_TRACES_EvtReceived
                0x08004ca4        0x2 ./Middlewares/ST/STM32_WPAN/interface/patterns/ble_thread/tl/tl_mbox.o
                0x08004ca4                TL_TRACES_EvtReceived
 *fill*         0x08004ca6        0x2 
 .text.HW_IPCC_TRACES_EvtNot
                0x08004ca8       0x24 ./Middlewares/ST/STM32_WPAN/interface/patterns/ble_thread/tl/tl_mbox.o
                0x08004ca8                HW_IPCC_TRACES_EvtNot
 .text.OTP_Read
                0x08004ccc       0x20 ./Middlewares/ST/STM32_WPAN/utilities/otp.o
                0x08004ccc                OTP_Read
 .text.LST_init_head
                0x08004cec        0x6 ./Middlewares/ST/STM32_WPAN/utilities/stm_list.o
                0x08004cec                LST_init_head
 .text.LST_is_empty
                0x08004cf2       0x14 ./Middlewares/ST/STM32_WPAN/utilities/stm_list.o
                0x08004cf2                LST_is_empty
 .text.LST_insert_head
                0x08004d06       0x18 ./Middlewares/ST/STM32_WPAN/utilities/stm_list.o
                0x08004d06                LST_insert_head
 .text.LST_insert_tail
                0x08004d1e       0x18 ./Middlewares/ST/STM32_WPAN/utilities/stm_list.o
                0x08004d1e                LST_insert_tail
 .text.LST_remove_node
                0x08004d36       0x16 ./Middlewares/ST/STM32_WPAN/utilities/stm_list.o
                0x08004d36                LST_remove_node
 .text.LST_remove_head
                0x08004d4c       0x18 ./Middlewares/ST/STM32_WPAN/utilities/stm_list.o
                0x08004d4c                LST_remove_head
 .text.BLE_UserEvtRx
                0x08004d64       0x16 ./STM32_WPAN/App/app_ble.o
 *fill*         0x08004d7a        0x2 
 .text.Adv_Cancel
                0x08004d7c       0x1c ./STM32_WPAN/App/app_ble.o
 .text.BLE_StatusNot
                0x08004d98       0x14 ./STM32_WPAN/App/app_ble.o
 .text.Adv_Request.constprop.0
                0x08004dac       0x3c ./STM32_WPAN/App/app_ble.o
 .text.APP_BLE_Init
                0x08004de8      0x1a8 ./STM32_WPAN/App/app_ble.o
                0x08004de8                APP_BLE_Init
 .text.SVCCTL_App_Notification
                0x08004f90      0x114 ./STM32_WPAN/App/app_ble.o
                0x08004f90                SVCCTL_App_Notification
 .text.hci_notify_asynch_evt
                0x080050a4        0x8 ./STM32_WPAN/App/app_ble.o
                0x080050a4                hci_notify_asynch_evt
 .text.hci_cmd_resp_release
                0x080050ac        0x6 ./STM32_WPAN/App/app_ble.o
                0x080050ac                hci_cmd_resp_release
 .text.hci_cmd_resp_wait
                0x080050b2        0x6 ./STM32_WPAN/App/app_ble.o
                0x080050b2                hci_cmd_resp_wait
 .text.Custom_STM_App_Notification
                0x080050b8        0x2 ./STM32_WPAN/App/custom_app.o
                0x080050b8                Custom_STM_App_Notification
 .text.Custom_APP_Notification
                0x080050ba        0x2 ./STM32_WPAN/App/custom_app.o
                0x080050ba                Custom_APP_Notification
 .text.Custom_APP_Init
                0x080050bc        0x2 ./STM32_WPAN/App/custom_app.o
                0x080050bc                Custom_APP_Init
 *fill*         0x080050be        0x2 
 .text.Custom_STM_Event_Handler
                0x080050c0      0x1e4 ./STM32_WPAN/App/custom_stm.o
 .text.SVCCTL_InitCustomSvc
                0x080052a4      0x238 ./STM32_WPAN/App/custom_stm.o
                0x080052a4                SVCCTL_InitCustomSvc
 .text.Custom_STM_App_Update_Char
                0x080054dc       0x90 ./STM32_WPAN/App/custom_stm.o
                0x080054dc                Custom_STM_App_Update_Char
 .text.HW_IPCC_Enable
                0x0800556c       0x50 ./STM32_WPAN/Target/hw_ipcc.o
                0x0800556c                HW_IPCC_Enable
 .text.HW_IPCC_Init
                0x080055bc       0x40 ./STM32_WPAN/Target/hw_ipcc.o
                0x080055bc                HW_IPCC_Init
 .text.HW_IPCC_BLE_Init
                0x080055fc       0x1c ./STM32_WPAN/Target/hw_ipcc.o
                0x080055fc                HW_IPCC_BLE_Init
 .text.HW_IPCC_BLE_SendCmd
                0x08005618       0x10 ./STM32_WPAN/Target/hw_ipcc.o
                0x08005618                HW_IPCC_BLE_SendCmd
 .text.HW_IPCC_SYS_Init
                0x08005628       0x1c ./STM32_WPAN/Target/hw_ipcc.o
                0x08005628                HW_IPCC_SYS_Init
 .text.HW_IPCC_SYS_SendCmd
                0x08005644       0x20 ./STM32_WPAN/Target/hw_ipcc.o
                0x08005644                HW_IPCC_SYS_SendCmd
 .text.HW_IPCC_Tx_Handler
                0x08005664       0x84 ./STM32_WPAN/Target/hw_ipcc.o
                0x08005664                HW_IPCC_Tx_Handler
 .text.HW_IPCC_MM_SendFreeBuf
                0x080056e8       0x34 ./STM32_WPAN/Target/hw_ipcc.o
                0x080056e8                HW_IPCC_MM_SendFreeBuf
 .text.HW_IPCC_TRACES_Init
                0x0800571c       0x1c ./STM32_WPAN/Target/hw_ipcc.o
                0x0800571c                HW_IPCC_TRACES_Init
 .text.HW_IPCC_Rx_Handler
                0x08005738       0x48 ./STM32_WPAN/Target/hw_ipcc.o
                0x08005738                HW_IPCC_Rx_Handler
 .text.UTIL_LPM_Init
                0x08005780       0x14 ./Utilities/lpm/tiny_lpm/stm32_lpm.o
                0x08005780                UTIL_LPM_Init
 .text.UTIL_LPM_SetOffMode
                0x08005794       0x2c ./Utilities/lpm/tiny_lpm/stm32_lpm.o
                0x08005794                UTIL_LPM_SetOffMode
 .text.UTIL_SEQ_SetTask
                0x080057c0       0x2c ./Utilities/sequencer/stm32_seq.o
                0x080057c0                UTIL_SEQ_SetTask
 .text.UTIL_SEQ_PauseTask
                0x080057ec       0x1c ./Utilities/sequencer/stm32_seq.o
                0x080057ec                UTIL_SEQ_PauseTask
 .text.UTIL_SEQ_ResumeTask
                0x08005808       0x18 ./Utilities/sequencer/stm32_seq.o
                0x08005808                UTIL_SEQ_ResumeTask
 .text.UTIL_SEQ_SetEvt
                0x08005820       0x18 ./Utilities/sequencer/stm32_seq.o
                0x08005820                UTIL_SEQ_SetEvt
 .text.UTIL_SEQ_PreIdle
                0x08005838        0x2 ./Utilities/sequencer/stm32_seq.o
                0x08005838                UTIL_SEQ_PreIdle
 .text.UTIL_SEQ_PostIdle
                0x0800583a        0x2 ./Utilities/sequencer/stm32_seq.o
                0x0800583a                UTIL_SEQ_PostIdle
 .text.UTIL_SEQ_PreTask
                0x0800583c        0x2 ./Utilities/sequencer/stm32_seq.o
                0x0800583c                UTIL_SEQ_PreTask
 .text.UTIL_SEQ_PostTask
                0x0800583e        0x2 ./Utilities/sequencer/stm32_seq.o
                0x0800583e                UTIL_SEQ_PostTask
 .text.UTIL_SEQ_CatchWarning
                0x08005840        0x2 ./Utilities/sequencer/stm32_seq.o
                0x08005840                UTIL_SEQ_CatchWarning
 .text.SEQ_BitPosition
                0x08005842       0x12 ./Utilities/sequencer/stm32_seq.o
                0x08005842                SEQ_BitPosition
 .text.UTIL_SEQ_Run
                0x08005854      0x170 ./Utilities/sequencer/stm32_seq.o
                0x08005854                UTIL_SEQ_Run
 .text.UTIL_SEQ_EvtIdle
                0x080059c4        0x6 ./Utilities/sequencer/stm32_seq.o
                0x080059c4                UTIL_SEQ_EvtIdle
 *fill*         0x080059ca        0x2 
 .text.UTIL_SEQ_WaitEvt
                0x080059cc       0x64 ./Utilities/sequencer/stm32_seq.o
                0x080059cc                UTIL_SEQ_WaitEvt
 .text.UTIL_SEQ_RegTask
                0x08005a30       0x1c ./Utilities/sequencer/stm32_seq.o
                0x08005a30                UTIL_SEQ_RegTask
 .text.sprintf  0x08005a4c       0x44 C:/ST/STM32CubeIDE_1.19.0/STM32CubeIDE/plugins/com.st.stm32cube.ide.mcu.externaltools.gnu-tools-for-stm32.13.3.rel1.win32_1.0.0.202411081344/tools/bin/../lib/gcc/arm-none-eabi/13.3.1/../../../../arm-none-eabi/lib/thumb/v7e-m+fp/hard\libc_nano.a(libc_a-sprintf.o)
                0x08005a4c                siprintf
                0x08005a4c                sprintf
 .text.memset   0x08005a90       0x10 C:/ST/STM32CubeIDE_1.19.0/STM32CubeIDE/plugins/com.st.stm32cube.ide.mcu.externaltools.gnu-tools-for-stm32.13.3.rel1.win32_1.0.0.202411081344/tools/bin/../lib/gcc/arm-none-eabi/13.3.1/../../../../arm-none-eabi/lib/thumb/v7e-m+fp/hard\libc_nano.a(libc_a-memset.o)
                0x08005a90                memset
 .text.__errno  0x08005aa0        0xc C:/ST/STM32CubeIDE_1.19.0/STM32CubeIDE/plugins/com.st.stm32cube.ide.mcu.externaltools.gnu-tools-for-stm32.13.3.rel1.win32_1.0.0.202411081344/tools/bin/../lib/gcc/arm-none-eabi/13.3.1/../../../../arm-none-eabi/lib/thumb/v7e-m+fp/hard\libc_nano.a(libc_a-errno.o)
                0x08005aa0                __errno
 .text.__libc_init_array
                0x08005aac       0x48 C:/ST/STM32CubeIDE_1.19.0/STM32CubeIDE/plugins/com.st.stm32cube.ide.mcu.externaltools.gnu-tools-for-stm32.13.3.rel1.win32_1.0.0.202411081344/tools/bin/../lib/gcc/arm-none-eabi/13.3.1/../../../../arm-none-eabi/lib/thumb/v7e-m+fp/hard\libc_nano.a(libc_a-init.o)
                0x08005aac                __libc_init_array
 .text.__retarget_lock_acquire_recursive
                0x08005af4        0x2 C:/ST/STM32CubeIDE_1.19.0/STM32CubeIDE/plugins/com.st.stm32cube.ide.mcu.externaltools.gnu-tools-for-stm32.13.3.rel1.win32_1.0.0.202411081344/tools/bin/../lib/gcc/arm-none-eabi/13.3.1/../../../../arm-none-eabi/lib/thumb/v7e-m+fp/hard\libc_nano.a(libc_a-lock.o)
                0x08005af4                __retarget_lock_acquire_recursive
 .text.__retarget_lock_release_recursive
                0x08005af6        0x2 C:/ST/STM32CubeIDE_1.19.0/STM32CubeIDE/plugins/com.st.stm32cube.ide.mcu.externaltools.gnu-tools-for-stm32.13.3.rel1.win32_1.0.0.202411081344/tools/bin/../lib/gcc/arm-none-eabi/13.3.1/../../../../arm-none-eabi/lib/thumb/v7e-m+fp/hard\libc_nano.a(libc_a-lock.o)
                0x08005af6                __retarget_lock_release_recursive
 .text.strcpy   0x08005af8       0x10 C:/ST/STM32CubeIDE_1.19.0/STM32CubeIDE/plugins/com.st.stm32cube.ide.mcu.externaltools.gnu-tools-for-stm32.13.3.rel1.win32_1.0.0.202411081344/tools/bin/../lib/gcc/arm-none-eabi/13.3.1/../../../../arm-none-eabi/lib/thumb/v7e-m+fp/hard\libc_nano.a(libc_a-strcpy.o)
                0x08005af8                strcpy
 .text.memcpy   0x08005b08       0x1c C:/ST/STM32CubeIDE_1.19.0/STM32CubeIDE/plugins/com.st.stm32cube.ide.mcu.externaltools.gnu-tools-for-stm32.13.3.rel1.win32_1.0.0.202411081344/tools/bin/../lib/gcc/arm-none-eabi/13.3.1/../../../../arm-none-eabi/lib/thumb/v7e-m+fp/hard\libc_nano.a(libc_a-memcpy-stub.o)
                0x08005b08                memcpy
 .text._free_r  0x08005b24       0x94 C:/ST/STM32CubeIDE_1.19.0/STM32CubeIDE/plugins/com.st.stm32cube.ide.mcu.externaltools.gnu-tools-for-stm32.13.3.rel1.win32_1.0.0.202411081344/tools/bin/../lib/gcc/arm-none-eabi/13.3.1/../../../../arm-none-eabi/lib/thumb/v7e-m+fp/hard\libc_nano.a(libc_a-freer.o)
                0x08005b24                _free_r
 .text.sbrk_aligned
                0x08005bb8       0x44 C:/ST/STM32CubeIDE_1.19.0/STM32CubeIDE/plugins/com.st.stm32cube.ide.mcu.externaltools.gnu-tools-for-stm32.13.3.rel1.win32_1.0.0.202411081344/tools/bin/../lib/gcc/arm-none-eabi/13.3.1/../../../../arm-none-eabi/lib/thumb/v7e-m+fp/hard\libc_nano.a(libc_a-mallocr.o)
 .text._malloc_r
                0x08005bfc      0x100 C:/ST/STM32CubeIDE_1.19.0/STM32CubeIDE/plugins/com.st.stm32cube.ide.mcu.externaltools.gnu-tools-for-stm32.13.3.rel1.win32_1.0.0.202411081344/tools/bin/../lib/gcc/arm-none-eabi/13.3.1/../../../../arm-none-eabi/lib/thumb/v7e-m+fp/hard\libc_nano.a(libc_a-mallocr.o)
                0x08005bfc                _malloc_r
 .text.__malloc_lock
                0x08005cfc        0xc C:/ST/STM32CubeIDE_1.19.0/STM32CubeIDE/plugins/com.st.stm32cube.ide.mcu.externaltools.gnu-tools-for-stm32.13.3.rel1.win32_1.0.0.202411081344/tools/bin/../lib/gcc/arm-none-eabi/13.3.1/../../../../arm-none-eabi/lib/thumb/v7e-m+fp/hard\libc_nano.a(libc_a-mlock.o)
                0x08005cfc                __malloc_lock
 .text.__malloc_unlock
                0x08005d08        0xc C:/ST/STM32CubeIDE_1.19.0/STM32CubeIDE/plugins/com.st.stm32cube.ide.mcu.externaltools.gnu-tools-for-stm32.13.3.rel1.win32_1.0.0.202411081344/tools/bin/../lib/gcc/arm-none-eabi/13.3.1/../../../../arm-none-eabi/lib/thumb/v7e-m+fp/hard\libc_nano.a(libc_a-mlock.o)
                0x08005d08                __malloc_unlock
 .text.__ssputs_r
                0x08005d14       0xb6 C:/ST/STM32CubeIDE_1.19.0/STM32CubeIDE/plugins/com.st.stm32cube.ide.mcu.externaltools.gnu-tools-for-stm32.13.3.rel1.win32_1.0.0.202411081344/tools/bin/../lib/gcc/arm-none-eabi/13.3.1/../../../../arm-none-eabi/lib/thumb/v7e-m+fp/hard\libc_nano.a(libc_a-nano-svfprintf.o)
                0x08005d14                __ssputs_r
 *fill*         0x08005dca        0x2 
 .text._svfprintf_r
                0x08005dcc      0x1f8 C:/ST/STM32CubeIDE_1.19.0/STM32CubeIDE/plugins/com.st.stm32cube.ide.mcu.externaltools.gnu-tools-for-stm32.13.3.rel1.win32_1.0.0.202411081344/tools/bin/../lib/gcc/arm-none-eabi/13.3.1/../../../../arm-none-eabi/lib/thumb/v7e-m+fp/hard\libc_nano.a(libc_a-nano-svfprintf.o)
                0x08005dcc                _svfiprintf_r
                0x08005dcc                _svfprintf_r
 .text._printf_common
                0x08005fc4       0xda C:/ST/STM32CubeIDE_1.19.0/STM32CubeIDE/plugins/com.st.stm32cube.ide.mcu.externaltools.gnu-tools-for-stm32.13.3.rel1.win32_1.0.0.202411081344/tools/bin/../lib/gcc/arm-none-eabi/13.3.1/../../../../arm-none-eabi/lib/thumb/v7e-m+fp/hard\libc_nano.a(libc_a-nano-vfprintf_i.o)
                0x08005fc4                _printf_common
 *fill*         0x0800609e        0x2 
 .text._printf_i
                0x080060a0      0x23c C:/ST/STM32CubeIDE_1.19.0/STM32CubeIDE/plugins/com.st.stm32cube.ide.mcu.externaltools.gnu-tools-for-stm32.13.3.rel1.win32_1.0.0.202411081344/tools/bin/../lib/gcc/arm-none-eabi/13.3.1/../../../../arm-none-eabi/lib/thumb/v7e-m+fp/hard\libc_nano.a(libc_a-nano-vfprintf_i.o)
                0x080060a0                _printf_i
 .text.memmove  0x080062dc       0x34 C:/ST/STM32CubeIDE_1.19.0/STM32CubeIDE/plugins/com.st.stm32cube.ide.mcu.externaltools.gnu-tools-for-stm32.13.3.rel1.win32_1.0.0.202411081344/tools/bin/../lib/gcc/arm-none-eabi/13.3.1/../../../../arm-none-eabi/lib/thumb/v7e-m+fp/hard\libc_nano.a(libc_a-memmove.o)
                0x080062dc                memmove
 .text._sbrk_r  0x08006310       0x20 C:/ST/STM32CubeIDE_1.19.0/STM32CubeIDE/plugins/com.st.stm32cube.ide.mcu.externaltools.gnu-tools-for-stm32.13.3.rel1.win32_1.0.0.202411081344/tools/bin/../lib/gcc/arm-none-eabi/13.3.1/../../../../arm-none-eabi/lib/thumb/v7e-m+fp/hard\libc_nano.a(libc_a-sbrkr.o)
                0x08006310                _sbrk_r
 .text._realloc_r
                0x08006330       0x5c C:/ST/STM32CubeIDE_1.19.0/STM32CubeIDE/plugins/com.st.stm32cube.ide.mcu.externaltools.gnu-tools-for-stm32.13.3.rel1.win32_1.0.0.202411081344/tools/bin/../lib/gcc/arm-none-eabi/13.3.1/../../../../arm-none-eabi/lib/thumb/v7e-m+fp/hard\libc_nano.a(libc_a-reallocr.o)
                0x08006330                _realloc_r
 .text._malloc_usable_size_r
                0x0800638c       0x10 C:/ST/STM32CubeIDE_1.19.0/STM32CubeIDE/plugins/com.st.stm32cube.ide.mcu.externaltools.gnu-tools-for-stm32.13.3.rel1.win32_1.0.0.202411081344/tools/bin/../lib/gcc/arm-none-eabi/13.3.1/../../../../arm-none-eabi/lib/thumb/v7e-m+fp/hard\libc_nano.a(libc_a-msizer.o)
                0x0800638c                _malloc_usable_size_r
 *(.glue_7)
 .glue_7        0x0800639c        0x0 linker stubs
 *(.glue_7t)
 .glue_7t       0x0800639c        0x0 linker stubs
 *(.eh_frame)
 .eh_frame      0x0800639c        0x0 C:/ST/STM32CubeIDE_1.19.0/STM32CubeIDE/plugins/com.st.stm32cube.ide.mcu.externaltools.gnu-tools-for-stm32.13.3.rel1.win32_1.0.0.202411081344/tools/bin/../lib/gcc/arm-none-eabi/13.3.1/thumb/v7e-m+fp/hard/crtbegin.o
 *(.init)
 .init          0x0800639c        0x4 C:/ST/STM32CubeIDE_1.19.0/STM32CubeIDE/plugins/com.st.stm32cube.ide.mcu.externaltools.gnu-tools-for-stm32.13.3.rel1.win32_1.0.0.202411081344/tools/bin/../lib/gcc/arm-none-eabi/13.3.1/thumb/v7e-m+fp/hard/crti.o
                0x0800639c                _init
 .init          0x080063a0        0x8 C:/ST/STM32CubeIDE_1.19.0/STM32CubeIDE/plugins/com.st.stm32cube.ide.mcu.externaltools.gnu-tools-for-stm32.13.3.rel1.win32_1.0.0.202411081344/tools/bin/../lib/gcc/arm-none-eabi/13.3.1/thumb/v7e-m+fp/hard/crtn.o
 *(.fini)
 .fini          0x080063a8        0x4 C:/ST/STM32CubeIDE_1.19.0/STM32CubeIDE/plugins/com.st.stm32cube.ide.mcu.externaltools.gnu-tools-for-stm32.13.3.rel1.win32_1.0.0.202411081344/tools/bin/../lib/gcc/arm-none-eabi/13.3.1/thumb/v7e-m+fp/hard/crti.o
                0x080063a8                _fini
 .fini          0x080063ac        0x8 C:/ST/STM32CubeIDE_1.19.0/STM32CubeIDE/plugins/com.st.stm32cube.ide.mcu.externaltools.gnu-tools-for-stm32.13.3.rel1.win32_1.0.0.202411081344/tools/bin/../lib/gcc/arm-none-eabi/13.3.1/thumb/v7e-m+fp/hard/crtn.o
                0x080063b4                        . = ALIGN (0x4)
                0x080063b4                        _etext = .

.vfp11_veneer   0x080063b4        0x0
 .vfp11_veneer  0x080063b4        0x0 linker stubs

.v4_bx          0x080063b4        0x0
 .v4_bx         0x080063b4        0x0 linker stubs

.iplt           0x080063b4        0x0
 .iplt          0x080063b4        0x0 C:/ST/STM32CubeIDE_1.19.0/STM32CubeIDE/plugins/com.st.stm32cube.ide.mcu.externaltools.gnu-tools-for-stm32.13.3.rel1.win32_1.0.0.202411081344/tools/bin/../lib/gcc/arm-none-eabi/13.3.1/thumb/v7e-m+fp/hard/crtbegin.o

.rodata         0x080063b4      0x2fc
                0x080063b4                        . = ALIGN (0x4)
 *(.rodata)
 .rodata        0x080063b4       0x1b ./Core/Src/app_debug.o
 *fill*         0x080063cf        0x1 
 .rodata        0x080063d0       0x20 ./Drivers/STM32WBxx_HAL_Driver/Src/stm32wbxx_hal_rcc.o
 .rodata        0x080063f0       0x3b ./STM32_WPAN/App/app_ble.o
 *(.rodata*)
 .rodata.aGpioConfigList
                0x0800642b      0x130 ./Core/Src/app_debug.o
 .rodata.read_gpio_input.str1.1
                0x0800655b       0x62 ./Core/Src/main.o
                                  0xc (size before relaxing)
 .rodata.main.str1.1
                0x080065bd       0x1a ./Core/Src/main.o
 *fill*         0x080065bd        0x3 
 .rodata.MSIRangeTable
                0x080065c0       0x40 ./Core/Src/system_stm32wbxx.o
                0x080065c0                MSIRangeTable
 .rodata.APBPrescTable
                0x08006600       0x20 ./Core/Src/system_stm32wbxx.o
                0x08006600                APBPrescTable
 .rodata.AHBPrescTable
                0x08006620       0x40 ./Core/Src/system_stm32wbxx.o
                0x08006620                AHBPrescTable
 .rodata.UARTPrescTable
                0x08006660       0x18 ./Drivers/STM32WBxx_HAL_Driver/Src/stm32wbxx_hal_uart.o
                0x08006660                UARTPrescTable
 .rodata.denominator.0
                0x08006678        0x8 ./Drivers/STM32WBxx_HAL_Driver/Src/stm32wbxx_hal_uart_ex.o
 .rodata.numerator.1
                0x08006680        0x8 ./Drivers/STM32WBxx_HAL_Driver/Src/stm32wbxx_hal_uart_ex.o
 .rodata.APP_BLE_Init.str1.1
                0x08006688        0x9 ./STM32_WPAN/App/app_ble.o
 .rodata.a_BLE_CfgErValue
                0x08006688       0x10 ./STM32_WPAN/App/app_ble.o
 .rodata.a_BLE_CfgIrValue
                0x08006698       0x10 ./STM32_WPAN/App/app_ble.o
 .rodata.a_MBdAddr
                0x080066a8        0x6 ./STM32_WPAN/App/app_ble.o
 .rodata._svfprintf_r.str1.1
                0x080066ae       0x11 C:/ST/STM32CubeIDE_1.19.0/STM32CubeIDE/plugins/com.st.stm32cube.ide.mcu.externaltools.gnu-tools-for-stm32.13.3.rel1.win32_1.0.0.202411081344/tools/bin/../lib/gcc/arm-none-eabi/13.3.1/../../../../arm-none-eabi/lib/thumb/v7e-m+fp/hard\libc_nano.a(libc_a-nano-svfprintf.o)
 .rodata._printf_i.str1.1
                0x080066ae       0x22 C:/ST/STM32CubeIDE_1.19.0/STM32CubeIDE/plugins/com.st.stm32cube.ide.mcu.externaltools.gnu-tools-for-stm32.13.3.rel1.win32_1.0.0.202411081344/tools/bin/../lib/gcc/arm-none-eabi/13.3.1/../../../../arm-none-eabi/lib/thumb/v7e-m+fp/hard\libc_nano.a(libc_a-nano-vfprintf_i.o)
                0x080066d0                        . = ALIGN (0x4)
 *fill*         0x080066ae        0x2 

.ARM.extab
 *(.ARM.extab* .gnu.linkonce.armextab.*)

.ARM            0x080066b0        0x8
                0x080066b0                        __exidx_start = .
 *(.ARM.exidx*)
 .ARM.exidx     0x080066b0        0x8 C:/ST/STM32CubeIDE_1.19.0/STM32CubeIDE/plugins/com.st.stm32cube.ide.mcu.externaltools.gnu-tools-for-stm32.13.3.rel1.win32_1.0.0.202411081344/tools/bin/../lib/gcc/arm-none-eabi/13.3.1/../../../../arm-none-eabi/lib/thumb/v7e-m+fp/hard\libc_nano.a(libc_a-memchr.o)
 .ARM.exidx     0x080066b8        0x0 C:/ST/STM32CubeIDE_1.19.0/STM32CubeIDE/plugins/com.st.stm32cube.ide.mcu.externaltools.gnu-tools-for-stm32.13.3.rel1.win32_1.0.0.202411081344/tools/bin/../lib/gcc/arm-none-eabi/13.3.1/thumb/v7e-m+fp/hard\libgcc.a(_udivmoddi4.o)
                                  0x8 (size before relaxing)
                0x080066b8                        __exidx_end = .

.preinit_array  0x080066b8        0x0
                0x080066b8                        PROVIDE (__preinit_array_start = .)
 *(.preinit_array*)
                0x080066b8                        PROVIDE (__preinit_array_end = .)

.init_array     0x080066b8        0x4
                0x080066b8                        PROVIDE (__init_array_start = .)
 *(SORT_BY_NAME(.init_array.*))
 *(.init_array*)
 .init_array    0x080066b8        0x4 C:/ST/STM32CubeIDE_1.19.0/STM32CubeIDE/plugins/com.st.stm32cube.ide.mcu.externaltools.gnu-tools-for-stm32.13.3.rel1.win32_1.0.0.202411081344/tools/bin/../lib/gcc/arm-none-eabi/13.3.1/thumb/v7e-m+fp/hard/crtbegin.o
                0x080066bc                        PROVIDE (__init_array_end = .)

.fini_array     0x080066bc        0x4
                [!provide]                        PROVIDE (__fini_array_start = .)
 *(SORT_BY_NAME(.fini_array.*))
 *(.fini_array*)
 .fini_array    0x080066bc        0x4 C:/ST/STM32CubeIDE_1.19.0/STM32CubeIDE/plugins/com.st.stm32cube.ide.mcu.externaltools.gnu-tools-for-stm32.13.3.rel1.win32_1.0.0.202411081344/tools/bin/../lib/gcc/arm-none-eabi/13.3.1/thumb/v7e-m+fp/hard/crtbegin.o
                [!provide]                        PROVIDE (__fini_array_end = .)
                0x080066c0                        _sidata = LOADADDR (.data)

.rel.dyn        0x080066c0        0x0
 .rel.iplt      0x080066c0        0x0 C:/ST/STM32CubeIDE_1.19.0/STM32CubeIDE/plugins/com.st.stm32cube.ide.mcu.externaltools.gnu-tools-for-stm32.13.3.rel1.win32_1.0.0.202411081344/tools/bin/../lib/gcc/arm-none-eabi/13.3.1/thumb/v7e-m+fp/hard/crtbegin.o

.data           0x20000008       0xe4 load address 0x080066c0
                0x20000008                        . = ALIGN (0x4)
                0x20000008                        _sdata = .
 *(.data)
 *(.data*)
 .data.STBY_DtbGpiobPinList
                0x20000008        0x2 ./Core/Src/standby.o
                0x20000008                STBY_DtbGpiobPinList
 .data.STBY_DtbGpioaPinList
                0x2000000a        0x2 ./Core/Src/standby.o
                0x2000000a                STBY_DtbGpioaPinList
 .data.STBY_DebugGpiocPinList
                0x2000000c        0x2 ./Core/Src/standby.o
                0x2000000c                STBY_DebugGpiocPinList
 .data.STBY_DebugGpiobPinList
                0x2000000e        0x2 ./Core/Src/standby.o
                0x2000000e                STBY_DebugGpiobPinList
 .data.STBY_DebugGpioaPinList
                0x20000010        0x2 ./Core/Src/standby.o
                0x20000010                STBY_DebugGpioaPinList
 *fill*         0x20000012        0x2 
 .data.SystemCoreClock
                0x20000014        0x4 ./Core/Src/system_stm32wbxx.o
                0x20000014                SystemCoreClock
 .data.gpio_output_pins
                0x20000018       0x2c ./Drivers/Interface/interface.o
                0x20000018                gpio_output_pins
 .data.gpio_input_pins
                0x20000044       0x30 ./Drivers/Interface/interface.o
                0x20000044                gpio_input_pins
 .data.uwTickFreq
                0x20000074        0x1 ./Drivers/STM32WBxx_HAL_Driver/Src/stm32wbxx_hal.o
                0x20000074                uwTickFreq
 *fill*         0x20000075        0x3 
 .data.uwTickPrio
                0x20000078        0x4 ./Drivers/STM32WBxx_HAL_Driver/Src/stm32wbxx_hal.o
                0x20000078                uwTickPrio
 .data._ZL10pin_config
                0x2000007c        0x2 ./Drivers/TCAL9538/TCAL9538.o
 .data._ZL9pin_state
                0x2000007e        0x2 ./Drivers/TCAL9538/TCAL9538.o
 .data.a_AdvData
                0x20000080        0x7 ./STM32_WPAN/App/app_ble.o
                0x20000080                a_AdvData
 *fill*         0x20000087        0x1 
 .data.SizeSwitch_3
                0x20000088        0x2 ./STM32_WPAN/App/custom_stm.o
                0x20000088                SizeSwitch_3
 .data.SizeSwitch_2
                0x2000008a        0x2 ./STM32_WPAN/App/custom_stm.o
                0x2000008a                SizeSwitch_2
 .data.SizeSwitch_1
                0x2000008c        0x2 ./STM32_WPAN/App/custom_stm.o
                0x2000008c                SizeSwitch_1
 .data.SizeSwitch_6
                0x2000008e        0x2 ./STM32_WPAN/App/custom_stm.o
                0x2000008e                SizeSwitch_6
 .data.SizeSwitch_5
                0x20000090        0x2 ./STM32_WPAN/App/custom_stm.o
                0x20000090                SizeSwitch_5
 .data.SizeSwitch_4
                0x20000092        0x2 ./STM32_WPAN/App/custom_stm.o
                0x20000092                SizeSwitch_4
 .data.SuperMask
                0x20000094        0x4 ./Utilities/sequencer/stm32_seq.o
 .data.TaskMask
                0x20000098        0x4 ./Utilities/sequencer/stm32_seq.o
 .data._impure_ptr
                0x2000009c        0x4 C:/ST/STM32CubeIDE_1.19.0/STM32CubeIDE/plugins/com.st.stm32cube.ide.mcu.externaltools.gnu-tools-for-stm32.13.3.rel1.win32_1.0.0.202411081344/tools/bin/../lib/gcc/arm-none-eabi/13.3.1/../../../../arm-none-eabi/lib/thumb/v7e-m+fp/hard\libc_nano.a(libc_a-impure.o)
                0x2000009c                _impure_ptr
 .data._impure_data
                0x200000a0       0x4c C:/ST/STM32CubeIDE_1.19.0/STM32CubeIDE/plugins/com.st.stm32cube.ide.mcu.externaltools.gnu-tools-for-stm32.13.3.rel1.win32_1.0.0.202411081344/tools/bin/../lib/gcc/arm-none-eabi/13.3.1/../../../../arm-none-eabi/lib/thumb/v7e-m+fp/hard\libc_nano.a(libc_a-impure.o)
                0x200000a0                _impure_data
 *(.RamFunc)
 *(.RamFunc*)
                0x200000ec                        . = ALIGN (0x4)
                0x200000ec                        _edata = .

.igot.plt       0x200000ec        0x0 load address 0x080067a4
 .igot.plt      0x200000ec        0x0 C:/ST/STM32CubeIDE_1.19.0/STM32CubeIDE/plugins/com.st.stm32cube.ide.mcu.externaltools.gnu-tools-for-stm32.13.3.rel1.win32_1.0.0.202411081344/tools/bin/../lib/gcc/arm-none-eabi/13.3.1/thumb/v7e-m+fp/hard/crtbegin.o

BLE_DRIVER_CONTEXT
                0x200000ec       0x35 load address 0x080067a4
 BLE_DRIVER_CONTEXT
                0x200000ec       0x24 ./Middlewares/ST/STM32_WPAN/ble/svc/Src/svc_ctl.o
                0x200000ec                SVCCTL_CltHandler
                0x200000f0                SVCCTL_EvtHandler
 BLE_DRIVER_CONTEXT
                0x20000110       0x11 ./Middlewares/ST/STM32_WPAN/interface/patterns/ble_thread/tl/hci_tl.o
                0x20000110                UserEventFlow

SYSTEM_DRIVER_CONTEXT
                0x20000124       0x11 load address 0x080067d9
 SYSTEM_DRIVER_CONTEXT
                0x20000124       0x11 ./Middlewares/ST/STM32_WPAN/interface/patterns/ble_thread/tl/shci_tl.o
                0x20000124                SHCI_TL_UserEventFlow
                0x20000138                        . = ALIGN (0x4)

.bss            0x20000138      0x5fc load address 0x080067ea
                0x20000138                        _sbss = .
                0x20000138                        __bss_start__ = _sbss
 *(.bss)
 .bss           0x20000138       0x1c C:/ST/STM32CubeIDE_1.19.0/STM32CubeIDE/plugins/com.st.stm32cube.ide.mcu.externaltools.gnu-tools-for-stm32.13.3.rel1.win32_1.0.0.202411081344/tools/bin/../lib/gcc/arm-none-eabi/13.3.1/thumb/v7e-m+fp/hard/crtbegin.o
 *(.bss*)
 .bss.MaxWakeupTimerSetup
                0x20000154        0x2 ./Core/Src/hw_timerserver.o
 .bss.SynchPrescalerUserConfig
                0x20000156        0x2 ./Core/Src/hw_timerserver.o
 .bss.AsynchPrescalerUserConfig
                0x20000158        0x1 ./Core/Src/hw_timerserver.o
 .bss.WakeupTimerDivider
                0x20000159        0x1 ./Core/Src/hw_timerserver.o
 .bss.WakeupTimerLimitation
                0x2000015a        0x1 ./Core/Src/hw_timerserver.o
 *fill*         0x2000015b        0x1 
 .bss.SSRValueOnLastSetup
                0x2000015c        0x4 ./Core/Src/hw_timerserver.o
 .bss.PreviousRunningTimerID
                0x20000160        0x1 ./Core/Src/hw_timerserver.o
 .bss.CurrentRunningTimerID
                0x20000161        0x1 ./Core/Src/hw_timerserver.o
 *fill*         0x20000162        0x2 
 .bss.aTimerContext
                0x20000164       0x90 ./Core/Src/hw_timerserver.o
 .bss.my_huart  0x200001f4        0x4 ./Core/Src/main.o
                0x200001f4                my_huart
 .bss.huart1    0x200001f8       0x94 ./Core/Src/main.o
                0x200001f8                huart1
 .bss.hspi1     0x2000028c       0x64 ./Core/Src/main.o
                0x2000028c                hspi1
 .bss.hrtc      0x200002f0       0x24 ./Core/Src/main.o
                0x200002f0                hrtc
 .bss.hipcc     0x20000314       0x3c ./Core/Src/main.o
                0x20000314                hipcc
 .bss.hi2c1     0x20000350       0x54 ./Core/Src/main.o
                0x20000350                hi2c1
 .bss.hadc1     0x200003a4       0x54 ./Core/Src/main.o
                0x200003a4                hadc1
 .bss.__sbrk_heap_end
                0x200003f8        0x4 ./Core/Src/sysmem.o
 .bss.bluetooth_status
                0x200003fc        0x4 ./Drivers/Interface/interface.o
                0x200003fc                bluetooth_status
 .bss.gpio_output_status
                0x20000400       0x2c ./Drivers/Interface/interface.o
                0x20000400                gpio_output_status
 .bss.uwTick    0x2000042c        0x4 ./Drivers/STM32WBxx_HAL_Driver/Src/stm32wbxx_hal.o
                0x2000042c                uwTick
 .bss._ZL8gpio_i2c
                0x20000430        0x4 ./Drivers/TCAL9538/TCAL9538.o
 .bss.CmdRspStatusFlag
                0x20000434        0x1 ./Middlewares/ST/STM32_WPAN/interface/patterns/ble_thread/tl/hci_tl.o
 *fill*         0x20000435        0x3 
 .bss.StatusNotCallBackFunction
                0x20000438        0x4 ./Middlewares/ST/STM32_WPAN/interface/patterns/ble_thread/tl/hci_tl.o
 .bss.HciCmdEventQueue
                0x2000043c        0x8 ./Middlewares/ST/STM32_WPAN/interface/patterns/ble_thread/tl/hci_tl.o
 .bss.hciContext
                0x20000444       0x20 ./Middlewares/ST/STM32_WPAN/interface/patterns/ble_thread/tl/hci_tl.o
 .bss.CmdRspStatusFlag
                0x20000464        0x1 ./Middlewares/ST/STM32_WPAN/interface/patterns/ble_thread/tl/shci_tl.o
 *fill*         0x20000465        0x3 
 .bss.StatusNotCallBackFunction
                0x20000468        0x4 ./Middlewares/ST/STM32_WPAN/interface/patterns/ble_thread/tl/shci_tl.o
 .bss.shciContext
                0x2000046c       0x20 ./Middlewares/ST/STM32_WPAN/interface/patterns/ble_thread/tl/shci_tl.o
 .bss.SYS_EVT_IoBusCallBackFunction
                0x2000048c        0x4 ./Middlewares/ST/STM32_WPAN/interface/patterns/ble_thread/tl/tl_mbox.o
 .bss.SYS_CMD_IoBusCallBackFunction
                0x20000490        0x4 ./Middlewares/ST/STM32_WPAN/interface/patterns/ble_thread/tl/tl_mbox.o
 .bss.BLE_IoBusAclDataTxAck
                0x20000494        0x4 ./Middlewares/ST/STM32_WPAN/interface/patterns/ble_thread/tl/tl_mbox.o
 .bss.BLE_IoBusEvtCallBackFunction
                0x20000498        0x4 ./Middlewares/ST/STM32_WPAN/interface/patterns/ble_thread/tl/tl_mbox.o
 .bss.LocalFreeBufQueue
                0x2000049c        0x8 ./Middlewares/ST/STM32_WPAN/interface/patterns/ble_thread/tl/tl_mbox.o
 .bss.HandleNotification
                0x200004a4        0x4 ./STM32_WPAN/App/app_ble.o
                0x200004a4                HandleNotification
 .bss.BleApplicationContext
                0x200004a8       0x84 ./STM32_WPAN/App/app_ble.o
 .bss.a_BdAddrUdn
                0x2000052c        0x6 ./STM32_WPAN/App/app_ble.o
 .bss.CustomContext
                0x20000532       0x10 ./STM32_WPAN/App/custom_stm.o
 *fill*         0x20000542        0x2 
 .bss.FreeBufCb
                0x20000544        0x4 ./STM32_WPAN/Target/hw_ipcc.o
 .bss.OffModeDisable
                0x20000548        0x4 ./Utilities/lpm/tiny_lpm/stm32_lpm.o
 .bss.StopModeDisable
                0x2000054c        0x4 ./Utilities/lpm/tiny_lpm/stm32_lpm.o
 .bss.TaskClearList
                0x20000550        0x4 ./Utilities/sequencer/stm32_seq.o
 .bss.TaskPrio  0x20000554        0x8 ./Utilities/sequencer/stm32_seq.o
 .bss.TaskCb    0x2000055c       0x80 ./Utilities/sequencer/stm32_seq.o
 .bss.CurrentTaskIdx
                0x200005dc        0x4 ./Utilities/sequencer/stm32_seq.o
 .bss.EvtWaited
                0x200005e0        0x4 ./Utilities/sequencer/stm32_seq.o
 .bss.EvtSet    0x200005e4        0x4 ./Utilities/sequencer/stm32_seq.o
 .bss.TaskSet   0x200005e8        0x4 ./Utilities/sequencer/stm32_seq.o
 .bss.__sf      0x200005ec      0x138 C:/ST/STM32CubeIDE_1.19.0/STM32CubeIDE/plugins/com.st.stm32cube.ide.mcu.externaltools.gnu-tools-for-stm32.13.3.rel1.win32_1.0.0.202411081344/tools/bin/../lib/gcc/arm-none-eabi/13.3.1/../../../../arm-none-eabi/lib/thumb/v7e-m+fp/hard\libc_nano.a(libc_a-findfp.o)
                0x200005ec                __sf
 .bss.errno     0x20000724        0x4 C:/ST/STM32CubeIDE_1.19.0/STM32CubeIDE/plugins/com.st.stm32cube.ide.mcu.externaltools.gnu-tools-for-stm32.13.3.rel1.win32_1.0.0.202411081344/tools/bin/../lib/gcc/arm-none-eabi/13.3.1/../../../../arm-none-eabi/lib/thumb/v7e-m+fp/hard\libc_nano.a(libc_a-reent.o)
                0x20000724                errno
 .bss.__lock___malloc_recursive_mutex
                0x20000728        0x1 C:/ST/STM32CubeIDE_1.19.0/STM32CubeIDE/plugins/com.st.stm32cube.ide.mcu.externaltools.gnu-tools-for-stm32.13.3.rel1.win32_1.0.0.202411081344/tools/bin/../lib/gcc/arm-none-eabi/13.3.1/../../../../arm-none-eabi/lib/thumb/v7e-m+fp/hard\libc_nano.a(libc_a-lock.o)
                0x20000728                __lock___malloc_recursive_mutex
 *fill*         0x20000729        0x3 
 .bss.__malloc_sbrk_start
                0x2000072c        0x4 C:/ST/STM32CubeIDE_1.19.0/STM32CubeIDE/plugins/com.st.stm32cube.ide.mcu.externaltools.gnu-tools-for-stm32.13.3.rel1.win32_1.0.0.202411081344/tools/bin/../lib/gcc/arm-none-eabi/13.3.1/../../../../arm-none-eabi/lib/thumb/v7e-m+fp/hard\libc_nano.a(libc_a-mallocr.o)
                0x2000072c                __malloc_sbrk_start
 .bss.__malloc_free_list
                0x20000730        0x4 C:/ST/STM32CubeIDE_1.19.0/STM32CubeIDE/plugins/com.st.stm32cube.ide.mcu.externaltools.gnu-tools-for-stm32.13.3.rel1.win32_1.0.0.202411081344/tools/bin/../lib/gcc/arm-none-eabi/13.3.1/../../../../arm-none-eabi/lib/thumb/v7e-m+fp/hard\libc_nano.a(libc_a-mallocr.o)
                0x20000730                __malloc_free_list
 *(COMMON)
                0x20000734                        . = ALIGN (0x4)
                0x20000734                        _ebss = .
                0x20000734                        __bss_end__ = _ebss

._user_heap_stack
                0x20000734      0x604 load address 0x080067ea
                0x20000738                        . = ALIGN (0x8)
 *fill*         0x20000734        0x4 
                [!provide]                        PROVIDE (end = .)
                0x20000738                        PROVIDE (_end = .)
                0x20000938                        . = (. + _Min_Heap_Size)
 *fill*         0x20000738      0x200 
                0x20000d38                        . = (. + _Min_Stack_Size)
 *fill*         0x20000938      0x400 
                0x20000d38                        . = ALIGN (0x8)

/DISCARD/
 libc.a(*)
 libm.a(*)
 libgcc.a(*)

.ARM.attributes
                0x00000000       0x30
 *(.ARM.attributes)
 .ARM.attributes
                0x00000000       0x22 C:/ST/STM32CubeIDE_1.19.0/STM32CubeIDE/plugins/com.st.stm32cube.ide.mcu.externaltools.gnu-tools-for-stm32.13.3.rel1.win32_1.0.0.202411081344/tools/bin/../lib/gcc/arm-none-eabi/13.3.1/thumb/v7e-m+fp/hard/crti.o
 .ARM.attributes
                0x00000022       0x34 C:/ST/STM32CubeIDE_1.19.0/STM32CubeIDE/plugins/com.st.stm32cube.ide.mcu.externaltools.gnu-tools-for-stm32.13.3.rel1.win32_1.0.0.202411081344/tools/bin/../lib/gcc/arm-none-eabi/13.3.1/thumb/v7e-m+fp/hard/crtbegin.o
 .ARM.attributes
                0x00000056       0x34 ./Core/Src/app_debug.o
 .ARM.attributes
                0x0000008a       0x34 ./Core/Src/app_entry.o
 .ARM.attributes
                0x000000be       0x34 ./Core/Src/hw_timerserver.o
 .ARM.attributes
                0x000000f2       0x34 ./Core/Src/main.o
 .ARM.attributes
                0x00000126       0x34 ./Core/Src/standby.o
 .ARM.attributes
                0x0000015a       0x34 ./Core/Src/stm32wbxx_hal_msp.o
 .ARM.attributes
                0x0000018e       0x34 ./Core/Src/stm32wbxx_it.o
 .ARM.attributes
                0x000001c2       0x34 ./Core/Src/sysmem.o
 .ARM.attributes
                0x000001f6       0x34 ./Core/Src/system_stm32wbxx.o
 .ARM.attributes
                0x0000022a       0x21 ./Core/Startup/startup_stm32wb1mmchx.o
 .ARM.attributes
                0x0000024b       0x34 ./Drivers/Interface/interface.o
 .ARM.attributes
                0x0000027f       0x34 ./Drivers/STM32WBxx_HAL_Driver/Src/stm32wbxx_hal.o
 .ARM.attributes
                0x000002b3       0x34 ./Drivers/STM32WBxx_HAL_Driver/Src/stm32wbxx_hal_adc.o
 .ARM.attributes
                0x000002e7       0x34 ./Drivers/STM32WBxx_HAL_Driver/Src/stm32wbxx_hal_cortex.o
 .ARM.attributes
                0x0000031b       0x34 ./Drivers/STM32WBxx_HAL_Driver/Src/stm32wbxx_hal_gpio.o
 .ARM.attributes
                0x0000034f       0x34 ./Drivers/STM32WBxx_HAL_Driver/Src/stm32wbxx_hal_hsem.o
 .ARM.attributes
                0x00000383       0x34 ./Drivers/STM32WBxx_HAL_Driver/Src/stm32wbxx_hal_i2c.o
 .ARM.attributes
                0x000003b7       0x34 ./Drivers/STM32WBxx_HAL_Driver/Src/stm32wbxx_hal_i2c_ex.o
 .ARM.attributes
                0x000003eb       0x34 ./Drivers/STM32WBxx_HAL_Driver/Src/stm32wbxx_hal_ipcc.o
 .ARM.attributes
                0x0000041f       0x34 ./Drivers/STM32WBxx_HAL_Driver/Src/stm32wbxx_hal_pwr.o
 .ARM.attributes
                0x00000453       0x34 ./Drivers/STM32WBxx_HAL_Driver/Src/stm32wbxx_hal_pwr_ex.o
 .ARM.attributes
                0x00000487       0x34 ./Drivers/STM32WBxx_HAL_Driver/Src/stm32wbxx_hal_rcc.o
 .ARM.attributes
                0x000004bb       0x34 ./Drivers/STM32WBxx_HAL_Driver/Src/stm32wbxx_hal_rcc_ex.o
 .ARM.attributes
                0x000004ef       0x34 ./Drivers/STM32WBxx_HAL_Driver/Src/stm32wbxx_hal_rtc.o
 .ARM.attributes
                0x00000523       0x34 ./Drivers/STM32WBxx_HAL_Driver/Src/stm32wbxx_hal_rtc_ex.o
 .ARM.attributes
                0x00000557       0x34 ./Drivers/STM32WBxx_HAL_Driver/Src/stm32wbxx_hal_spi.o
 .ARM.attributes
                0x0000058b       0x34 ./Drivers/STM32WBxx_HAL_Driver/Src/stm32wbxx_hal_uart.o
 .ARM.attributes
                0x000005bf       0x34 ./Drivers/STM32WBxx_HAL_Driver/Src/stm32wbxx_hal_uart_ex.o
 .ARM.attributes
                0x000005f3       0x34 ./Drivers/TCAL9538/TCAL9538.o
 .ARM.attributes
                0x00000627       0x34 ./Middlewares/ST/STM32_WPAN/ble/core/auto/ble_gap_aci.o
 .ARM.attributes
                0x0000065b       0x34 ./Middlewares/ST/STM32_WPAN/ble/core/auto/ble_gatt_aci.o
 .ARM.attributes
                0x0000068f       0x34 ./Middlewares/ST/STM32_WPAN/ble/core/auto/ble_hal_aci.o
 .ARM.attributes
                0x000006c3       0x34 ./Middlewares/ST/STM32_WPAN/ble/core/auto/ble_hci_le.o
 .ARM.attributes
                0x000006f7       0x34 ./Middlewares/ST/STM32_WPAN/ble/core/template/osal.o
 .ARM.attributes
                0x0000072b       0x34 ./Middlewares/ST/STM32_WPAN/ble/svc/Src/svc_ctl.o
 .ARM.attributes
                0x0000075f       0x34 ./Middlewares/ST/STM32_WPAN/interface/patterns/ble_thread/shci/shci.o
 .ARM.attributes
                0x00000793       0x34 ./Middlewares/ST/STM32_WPAN/interface/patterns/ble_thread/tl/hci_tl.o
 .ARM.attributes
                0x000007c7       0x34 ./Middlewares/ST/STM32_WPAN/interface/patterns/ble_thread/tl/hci_tl_if.o
 .ARM.attributes
                0x000007fb       0x34 ./Middlewares/ST/STM32_WPAN/interface/patterns/ble_thread/tl/shci_tl.o
 .ARM.attributes
                0x0000082f       0x34 ./Middlewares/ST/STM32_WPAN/interface/patterns/ble_thread/tl/shci_tl_if.o
 .ARM.attributes
                0x00000863       0x34 ./Middlewares/ST/STM32_WPAN/interface/patterns/ble_thread/tl/tl_mbox.o
 .ARM.attributes
                0x00000897       0x34 ./Middlewares/ST/STM32_WPAN/utilities/otp.o
 .ARM.attributes
                0x000008cb       0x34 ./Middlewares/ST/STM32_WPAN/utilities/stm_list.o
 .ARM.attributes
                0x000008ff       0x34 ./STM32_WPAN/App/app_ble.o
 .ARM.attributes
                0x00000933       0x34 ./STM32_WPAN/App/custom_app.o
 .ARM.attributes
                0x00000967       0x34 ./STM32_WPAN/App/custom_stm.o
 .ARM.attributes
                0x0000099b       0x34 ./STM32_WPAN/Target/hw_ipcc.o
 .ARM.attributes
                0x000009cf       0x34 ./Utilities/lpm/tiny_lpm/stm32_lpm.o
 .ARM.attributes
                0x00000a03       0x34 ./Utilities/sequencer/stm32_seq.o
 .ARM.attributes
                0x00000a37       0x34 C:/ST/STM32CubeIDE_1.19.0/STM32CubeIDE/plugins/com.st.stm32cube.ide.mcu.externaltools.gnu-tools-for-stm32.13.3.rel1.win32_1.0.0.202411081344/tools/bin/../lib/gcc/arm-none-eabi/13.3.1/../../../../arm-none-eabi/lib/thumb/v7e-m+fp/hard\libc_nano.a(libc_a-findfp.o)
 .ARM.attributes
                0x00000a6b       0x34 C:/ST/STM32CubeIDE_1.19.0/STM32CubeIDE/plugins/com.st.stm32cube.ide.mcu.externaltools.gnu-tools-for-stm32.13.3.rel1.win32_1.0.0.202411081344/tools/bin/../lib/gcc/arm-none-eabi/13.3.1/../../../../arm-none-eabi/lib/thumb/v7e-m+fp/hard\libc_nano.a(libc_a-sprintf.o)
 .ARM.attributes
                0x00000a9f       0x34 C:/ST/STM32CubeIDE_1.19.0/STM32CubeIDE/plugins/com.st.stm32cube.ide.mcu.externaltools.gnu-tools-for-stm32.13.3.rel1.win32_1.0.0.202411081344/tools/bin/../lib/gcc/arm-none-eabi/13.3.1/../../../../arm-none-eabi/lib/thumb/v7e-m+fp/hard\libc_nano.a(libc_a-memset.o)
 .ARM.attributes
                0x00000ad3       0x34 C:/ST/STM32CubeIDE_1.19.0/STM32CubeIDE/plugins/com.st.stm32cube.ide.mcu.externaltools.gnu-tools-for-stm32.13.3.rel1.win32_1.0.0.202411081344/tools/bin/../lib/gcc/arm-none-eabi/13.3.1/../../../../arm-none-eabi/lib/thumb/v7e-m+fp/hard\libc_nano.a(libc_a-reent.o)
 .ARM.attributes
                0x00000b07       0x34 C:/ST/STM32CubeIDE_1.19.0/STM32CubeIDE/plugins/com.st.stm32cube.ide.mcu.externaltools.gnu-tools-for-stm32.13.3.rel1.win32_1.0.0.202411081344/tools/bin/../lib/gcc/arm-none-eabi/13.3.1/../../../../arm-none-eabi/lib/thumb/v7e-m+fp/hard\libc_nano.a(libc_a-impure.o)
 .ARM.attributes
                0x00000b3b       0x34 C:/ST/STM32CubeIDE_1.19.0/STM32CubeIDE/plugins/com.st.stm32cube.ide.mcu.externaltools.gnu-tools-for-stm32.13.3.rel1.win32_1.0.0.202411081344/tools/bin/../lib/gcc/arm-none-eabi/13.3.1/../../../../arm-none-eabi/lib/thumb/v7e-m+fp/hard\libc_nano.a(libc_a-errno.o)
 .ARM.attributes
                0x00000b6f       0x34 C:/ST/STM32CubeIDE_1.19.0/STM32CubeIDE/plugins/com.st.stm32cube.ide.mcu.externaltools.gnu-tools-for-stm32.13.3.rel1.win32_1.0.0.202411081344/tools/bin/../lib/gcc/arm-none-eabi/13.3.1/../../../../arm-none-eabi/lib/thumb/v7e-m+fp/hard\libc_nano.a(libc_a-init.o)
 .ARM.attributes
                0x00000ba3       0x34 C:/ST/STM32CubeIDE_1.19.0/STM32CubeIDE/plugins/com.st.stm32cube.ide.mcu.externaltools.gnu-tools-for-stm32.13.3.rel1.win32_1.0.0.202411081344/tools/bin/../lib/gcc/arm-none-eabi/13.3.1/../../../../arm-none-eabi/lib/thumb/v7e-m+fp/hard\libc_nano.a(libc_a-lock.o)
 .ARM.attributes
                0x00000bd7       0x34 C:/ST/STM32CubeIDE_1.19.0/STM32CubeIDE/plugins/com.st.stm32cube.ide.mcu.externaltools.gnu-tools-for-stm32.13.3.rel1.win32_1.0.0.202411081344/tools/bin/../lib/gcc/arm-none-eabi/13.3.1/../../../../arm-none-eabi/lib/thumb/v7e-m+fp/hard\libc_nano.a(libc_a-strcpy.o)
 .ARM.attributes
                0x00000c0b       0x34 C:/ST/STM32CubeIDE_1.19.0/STM32CubeIDE/plugins/com.st.stm32cube.ide.mcu.externaltools.gnu-tools-for-stm32.13.3.rel1.win32_1.0.0.202411081344/tools/bin/../lib/gcc/arm-none-eabi/13.3.1/../../../../arm-none-eabi/lib/thumb/v7e-m+fp/hard\libc_nano.a(libc_a-memcpy-stub.o)
 .ARM.attributes
                0x00000c3f       0x34 C:/ST/STM32CubeIDE_1.19.0/STM32CubeIDE/plugins/com.st.stm32cube.ide.mcu.externaltools.gnu-tools-for-stm32.13.3.rel1.win32_1.0.0.202411081344/tools/bin/../lib/gcc/arm-none-eabi/13.3.1/../../../../arm-none-eabi/lib/thumb/v7e-m+fp/hard\libc_nano.a(libc_a-freer.o)
 .ARM.attributes
                0x00000c73       0x34 C:/ST/STM32CubeIDE_1.19.0/STM32CubeIDE/plugins/com.st.stm32cube.ide.mcu.externaltools.gnu-tools-for-stm32.13.3.rel1.win32_1.0.0.202411081344/tools/bin/../lib/gcc/arm-none-eabi/13.3.1/../../../../arm-none-eabi/lib/thumb/v7e-m+fp/hard\libc_nano.a(libc_a-mallocr.o)
 .ARM.attributes
                0x00000ca7       0x34 C:/ST/STM32CubeIDE_1.19.0/STM32CubeIDE/plugins/com.st.stm32cube.ide.mcu.externaltools.gnu-tools-for-stm32.13.3.rel1.win32_1.0.0.202411081344/tools/bin/../lib/gcc/arm-none-eabi/13.3.1/../../../../arm-none-eabi/lib/thumb/v7e-m+fp/hard\libc_nano.a(libc_a-mlock.o)
 .ARM.attributes
                0x00000cdb       0x34 C:/ST/STM32CubeIDE_1.19.0/STM32CubeIDE/plugins/com.st.stm32cube.ide.mcu.externaltools.gnu-tools-for-stm32.13.3.rel1.win32_1.0.0.202411081344/tools/bin/../lib/gcc/arm-none-eabi/13.3.1/../../../../arm-none-eabi/lib/thumb/v7e-m+fp/hard\libc_nano.a(libc_a-nano-svfprintf.o)
 .ARM.attributes
                0x00000d0f       0x34 C:/ST/STM32CubeIDE_1.19.0/STM32CubeIDE/plugins/com.st.stm32cube.ide.mcu.externaltools.gnu-tools-for-stm32.13.3.rel1.win32_1.0.0.202411081344/tools/bin/../lib/gcc/arm-none-eabi/13.3.1/../../../../arm-none-eabi/lib/thumb/v7e-m+fp/hard\libc_nano.a(libc_a-nano-vfprintf_i.o)
 .ARM.attributes